Qsp, Qsp, Qsp, Qsp, Qsp, Qsp, Qsp, Qsp, Qsp, Qsp, Qsp, Qsp, Qsp, Qsp, Qsp, Qsp, Qsp, Qsp, Qsp, Qsp, Qsp, Qsp, Qsp, Qsp, Qsp, Qsp, Qsp, Qsp, Qsp, Qsp, Qsp, Qsp
Qsp, Qsp, Qsp, Qsp, Qsp, Qsp, Qsp, Qsp, Qsp, Qsp, Qsp, Qsp, Qsp, Qsp, Qsp, Qsp, Qsp, Qsp, Qsp, Qsp, Qsp, Qsp, Qsp, Qsp, Qsp, Qsp, Qsp, Qsp, Qsp, Qsp, Qsp, Qsp
Qsp, Qsp, Qsp, Qsp, Qsp, Qsp, Qsp, Qsp, Qsp, Qsp, Qsp, Qsp, Qsp, Qsa, Qsa, Qsa, Qsa, Qsa, Qsp, Qsp, Qsp, Qsp, Qsp, Qsp, Qsp, Qsp, Qsp, Qsp, Qsp, Qsp, Qsp, Qsp
Qsp, Qsp, Qsp, Qsp, Qsp, Qsp, Qsp, Qsp, Qsp, Qsp, Qsp, Qsp, Qsp, Qsp, Qsp, Qsa, Qsa, Qsa, Qsp, Qsp, Qsp, Qsp, Qsp, Qsp, Qsp, Qsp, Qsp, Qsp, Qsp, Qsp, Qsp, Qsp
Qsp, Qsp, Qsp, Qsp, Qsp, Qsp, Qsp, Qsp, Qsp, Qsp, Qsp, Qsp, Qsp, Qsa, Qsp, Qsp, Qsp, Qsa, Qsp, Qsp, Qsp, Qsp, Qsp, Qsp, Qsp, Qsp, Qsp, Qsp, Qsp, Qsp, Qsp, Qsp
Qsp, Qsp, Qsp, Qsp, Qsp, Qsp, Qsp, Qsp, Qsp, Qsp, Qsp, Qsp, Qsp, Qsp, Qsp, Qsp, Qsp, Qsp, Qsp, Qsp, Qsp, Qsp, Qsp, Qsp, Qsp, Qsp, Qsp, Qsp, Qsp, Qsp, Qsp, Qsp
Qsp, Qsp, Qsp, Qsp, Qsp, Qsp, Qsp, Qsp, Qsp, Qsp, Qsp, Qsp, Qsp, Qsp, Qsp, Qsp, Qsp, Qsp, Qsp, Qsp, Qsp, Qsp, Qsp, Qsp, Qsp, Qsp, Qsp, Qsp, Qsp, Qsp, Qsp, Qsp
Qsp, Qsp, Qsp, Qsp, Qsp, Qsp, Qsp, Qsp, Qsp, Qsp, Qsp, Qsp, Qsp, Qsp, Qsp, Qsp, Qsp, Qsp, Qsp, Qsp, Qsp, Qsp, Qsp, Qsp, Qsp, Qsp, Qsp, Qsp, Qsp, Qsp, Qsp, Qsp
Qsp, Qsp, Qsp, Qsp, Qsp, Qsp, Qsp, Qsp, Qsp, Qsp, Qsp, Qsp, Qsp, Qsp, Qsp, Qsp, Qsp, Qsp, Qsp, Qsp, Qsp, Qsp, Qsp, Qsp, Qsp, Qsp, Qsp, Qsp, Qsp, Qsp, Qsp, Qsp
Qsp, Qsp, Qsp, Qsp, Qsp, Qsp, Qsp, Qsp, Qsp, Qsp, Qsp, Qsp, Qsp, Qsp, Qsp, Qsp, Qsp, Qsp, Qsp, Qsp, Qsp, Qsp, Qsp, Qsp, Qsp, Qsp, Qsp, Qsp, Qsp, Qsp, Qsp, Qsp
Qsp, Qsp, Qsc, Qsc, Qsc, Qsp, Qsp, Qsp, Qsp, Qsa, Qsp, Qsp, Qsp, Qsp, Qsp, Qsp, Qsp, Qsp, Qsp, Qsp, Qsa, Qsp, Qsp, Qsp, Qsp, Qsp, Qsp, Qsp, Qsc, Qsp, Qsp, Qsp
Qsp, Qsp, Qsc, 1 Qsk, Qsc, Qsp, Qsp, Qsp, Qsp, Qsa, Qsa, Qsp, Qsp, Qsp, Qsp, Qsp, Qsp, Qsp, Qsp, Qsp, Qsa, Qsa, Qsp, Qsp, Qsp, Qsp, Qsp, Qsc, 2 Qsk, Qsc, Qsp, Qsp
Qsp, Qsp, Qsp, Qsp, Qsp, Qsp, Qsp, Qsp, Qsp, Qsp, Qsp, Qsp, Qsp, Qsp, Qsp, Qsp, Qsp, Qsp, Qsp, Qsp, Qsp, Qsp, Qsp, Qsp, Qsp, Qsp, Qsp, Qsc, Qsp, Qsc, Qsp, Qsp
Qsp, Qsp, Qsp, Qsp, Qsp, Qsp, Qsp, Qsp, Qsp, Qsp, Qsp, Qsp, Qsp, Qsp, Qsp, Qsp, Qsp, Qsp, Qsp, Qsp, Qsp, Qsp, Qsp, Qsp, Qsp, Qsp, Qsp, Qsp, Qsp, Qsp, Qsp, Qsp
Qsp, Qsp, Qsp, Qsp, Qsp, Qsp, Qsp, Qsp, Qsp, Qsp, Qsp, Qsp, Qsp, Qsp, Qsp, Qsp, Qsp, Qsp, Qsp, Qsp, Qsp, Qsp, Qsp, Qsp, Qsp, Qsp, Qsp, Qsp, Qsp, Qsp, Qsp, Qsp
Qsp, Qsp, Qsp, Qsp, Qsp, Qsp, Qsp, Qsp, Qsp, Qsp, Qsp, Qsp, Qsp, Qsp, Qsp, Qsp, Qsp, Qsp, Qsp, Qsp, Qsp, Qsp, Qsp, Qsp, Qsp, Qsp, Qsp, Qsp, Qsp, Qsp, Qsp, Qsp
Qsp, Qsp, Qsp, Qsp, Qsp, Qsp, Qsp, Qsp, Qsp, Qsp, Qsp, Qsp, Qsp, Qsp, Qsp, Qsp, Qsp, Qsp, Qsp, Qsp, Qsp, Qsp, Qsp, Qsp, Qsp, Qsp, Qsp, Qsp, Qsp, Qsp, Qsp, Qsp
Qsp, Qsp, Qsp, Qsp, Qsp, Qsp, Qsp, Qsp, Qsp, Qsp, Qsp, Qsp, Qsp, Qsp, Qsp, Qsa, Qsa, Qsp, Qsp, Qsp, Qsp, Qsp, Qsp, Qsp, Qsp, Qsp, Qsp, Qsp, Qsp, Qsp, Qsp, Qsp
Qsp, Qsp, Qsp, Qsp, Qsp, Qsp, Qsp, Qsp, Qsp, Qsp, Qsp, Qsp, Qsp, Qsp, Qsp, Qsp, Qsa, Qsp, Qsp, Qsp, Qsp, Qsp, Qsp, Qsp, Qsp, Qsp, Qsp, Qsp, Qsp, Qsp, Qsp, Qsp
Qsp, Qsp, Qsp, Qsp, Qsp, Qsp, Qsp, Qsp, Qsp, Qsp, Qsp, Qsp, Qsp, Qsp, Qsp, Qsp, Qsp, Qsp, Qsp, Qsp, Qsp, Qsp, Qsp, Qsp, Qsp, Qsp, Qsp, Qsp, Qsp, Qsp, Qsp, Qsp
Qsp, Qsp, Qsp, Qsp, Qsp, Qsp, Qsp, Qsp, Qsp, Qsp, Qsp, Qsp, Qsp, Qsp, Qsp, Qsp, Qsa, Qsp, Qsp, Qsp, Qsp, Qsp, Qsp, Qsp, Qsp, Qsp, Qsp, Qsp, Qsp, Qsp, Qsp, Qsp
Qsp, Qsp, Qsp, Qsp, Qsp, Qsp, Qsp, Qsp, Qsp, Qsp, Qsp, Qsp, Qsp, Qsp, Qsp, Qsp, Qsp, Qsp, Qsp, Qsp, Qsp, Qsp, Qsp, Qsp, Qsp, Qsp, Qsp, Qsp, Qsp, Qsp, Qsp, Qsp
Qsp, Qsp, Qsp, Qsp, Qsp, Qsp, Qsp, Qsp, Qsp, Qsp, Qsp, Qsp, Qsp, Qsp, Qsp, Qsp, Qsp, Qsp, Qsp, Qsp, Qsp, Qsp, Qsp, Qsp, Qsp, Qsp, Qsp, Qsp, Qsp, Qsp, Qsp, Qsp
Qsp, Qsp, Qsp, Qsp, Qsp, Qsp, Qsp, Qsp, Qsp, Qsp, Qsp, Qsp, Qsp, Qsp, Qsp, Qsp, Qsp, Qsp, Qsp, Qsp, Qsp, Qsp, Qsp, Qsp, Qsp, Qsp, Qsp, Qsp, Qsp, Qsp, Qsp, Qsp
