Rb, Rb, Gd, Gd, Gd, Gd, Gd, Gd, Gd, Rb, Ww, Gd, Gd, Gd, Gd, Rb, Gd, Gd, Gd, Gd, Gd, Gd, Gd, Hhd, Rb, Gd^Edt, Gd, Hhd, Gd, Gd
Rb, Rb, Gd, Gd, Gd, Gd, Gd, Gd, Gd, Rb, Ww, Gd, Gd, Gd, Gd, Rb, Gd, Gd, Gd, Gd, Gd, Gd, Gd, Hhd, Rb, Gd^Edt, Gd, Hhd, Gd, Gd
Gd, Gd, Gd, Hhd, Gd, Hhd, Gd, Gd, Gd, Gd, Ww, Gd, Gd, Gd, Gd, Gd, Gd, Gd, Hhd, Gd, Rb, Gd, Rb, Gd, Gd, Gd, Rb, Rb, Gd, Gd
Rb, Rb, Gd, Gd, Hhd, Gd, Hhd, Gd, Gd, Gd, Ww, Gd, Gd, Gd, Rb, Gd, Rb, Rb^Vhh, Hhd, Gd^Edt, Rb, Gd, Rb, Gd, Rb, Gd, Hhd, Gd, Gd, Gd
Gd, Gd, Gd, Gd, Gd^Edt, Hhd, Hhd, Hhd, Gd, Gd, Gd, Ww, Gd, Rb, Gd, Gd, Gd, Hhd, Hhd, Hhd, Hhd, Gd, Gd, Gd, Gd, Gd^Edt, Rb, Gd, Rb, Rb
Rb, Rb, Gd, Rb, Gd, Hhd, Hhd, Rb^Vhh, Rb, Hhd, Rb, Ww, Gd, Gd, Rb, Hhd, Gd, Hhd, Hhd, Hhd, Hhd, Rb, Gd, Gd, Gd, Gd, Gd, Hhd, Gd^Edt, Gd^Edt
Gd, Gd, Gd, Hhd, Rb, Gd, Gd, Gd, Rb, Gd, Gd, Ww, Rb, Gd, Hhd, Gd, Gd, Rb, Gd, Rb, Gd, Hhd, Rb, Rb, Gd, Gd, Gd, Gd, Rb, Rb
Rb, Rb, Gd, Rb, Rb, Gd, Gd, Rb, Rb, Rb, Rb, Ww, Ww, Gd, Gd, Rb, Hhd, Gd, Gd, Hhd, Gd, Hhd, Gd, Gd, Rd, Rd, Rd, Gd, Hhd, Hhd
Gd, Gd, Gd, Gd, Gd, Gd, Gd^Edt, Gd, Hhd, Rb, Rb, Gd, Wwf, Gd, Hhd, Hhd, Hhd, Gd^Edt, Gd, Gd^Edt, Rb, Gd, Gd, Rd, Qcb, Qcb, Qcb, Rd, Gd, Gd
Gd, Gd, Gd, Gd, Gd, Gd, Gd, Gd^Edt, Rb, Gd, Rb, Gd, Ww, Gd, Rb^Vhh, Hhd, Hhd, Gd, Hhd, Gd, Hhd, Gd, Gd, Rd, Rd, Qkb, Rd^Vhh, Rd, Rd, Rd
Gd, Gd, Gd, Gd, Gd, Gd, Rd, Gd, Rd, Rd, Rd, Gd, Ww, Gd, Gd, Hhd, Gd, Gd, Gd, Rb, Gd, Hhd, Gd, Rd, Rd, Rd, Rd, Rd, Gd, Gd
Hhd, Hhd, Rd, Rb, Rd, Rd, Gd, Rd, Rb, Gd, Wwf, Rd, Ww, Hhd, Rb, Gd^Edt, Hhd, Gd, Gd, Rb, Gd^Edt, Rb, Rd, Rd, Gd, Rd, Gd, Hhd, Gd, Gd
Rd, Rd, Rb, 1 Rd, Gd, Gd, Gd, Rb, Gd, Gd, Gd, Hhd, Ww, Rd, Rd, Hhd, Gd, Gd, Rd, Gd, Rd, Rd, Rb, Rb, Gd, Hhd, Gd, Gd, Rb, Rb
Hhd, Hhd, Gd, Gd, Gd, Gd, Gd, Rb, Hhd, Gd, Gd, Rb, Ww, Gd, Gd, Rd, Rd, Rd, Gd, Rd, Gd, Rb, Gd, Rb, Hhd, Gd, Gd, Gd, Gd, Gd
Rb, Rb, Gd, Rb, Gd, Gd, Rb, Gd, Hhd, Gd, Rb, Ww, Rb, Rb, Hhd, Gd, Gd, Gd, Gd, Gd, Hhd, Hhd, Gd, Gd, Gd, Gd, Gd, Rb, Rb, Rb
Rb, Rb, Gd, Gd, Gd, Hhd, Gd^Edt, Hhd, Hhd, Hhd, Gd, Ww, Gd, Rb, Gd, Gd, Rb, Hhd, Gd, Rb^Vhh, Hhd, Hhd, Gd, Gd, Gd, Gd, Gd, Gd, Gd, Gd
Gd, Gd, Gd, Gd, Rb, Gd, Gd, Hhd, Hhd, Hhd, Gd, Ww, Hhd, Rb, Rb, Gd, Gd, Gd, Gd, Hhd, Hhd, Hhd, Gd, Gd, Gd, Gd, Gd, Gd, Hhd, Hhd
Gd^Edt, Gd^Edt, Gd, Gd, Gd, Gd, Gd, Rb, Rb, Gd, Gd, Ww, Rb, Gd, Gd, Gd, Gd, Hhd, Gd, Rb, Gd, Hhd, Gd, Gd, Gd, Rb, Gd, Rb, Hhd, Hhd
Gd, Gd, Rb, Gd, Hhd, Rb, Gd, Gd, Gd, Rb, Gd, Ww, Gd, Gd, Hhd, Gd, Gd, Gd, Gd, Gd, Gd, Rb, Rb, Hhd, Hhd, Rb, Gd, Gd, Gd^Edt, Gd^Edt
Gd, Gd, Rb, Gd, Hhd, Rb, Gd, Gd, Gd, Rb, Gd, Ww, Gd, Gd, Hhd, Gd, Gd, Gd, Gd, Gd, Gd, Rb, Rb, Hhd, Hhd, Rb, Gd, Gd, Gd^Edt, Gd^Edt
