Xos, Xos, Xos, Xos, Xos, Xos, Xos, Xos, Xos, Xos, Xos, Xos, Xos, Xos, Xos, Xos, Xos, Xos, Xos, Xos, Xos, Xos, Xos, Xos, Xos, Xos, Xos, Xos
Xos, Xos, Xos, Xos, Xos, Xos, Xos, Xos, Xos, Xos, Xos, Xos, Xos, Xos, Xos, Xos, Xos, Xos, Xos, Xos, Xos, Xos, Xos, Xos, Xos, Xos, Xos, Xos
Xos, Xos, Xos, Xos, Xos, Xos, Qsd, Xos, Qsd, Qsd, Xos, Qsd, Xos, Xos, Xos, Xos, Qsd, Xos, Qsd, Qsd, Xos, Qsd, Xos, Xos, Xos, Xos, Xos, Xos
Xos, Xos, Xos, Xos, Xos, Xos, Qsd, Xos, Qsd^Vov, Qsd, Xos, Qsd, Xos, Xos, Xos, Xos, Qsd, Xos, Qsd, Qsd^Vov, Xos, Qsd, Xos, Xos, Xos, Xos, Xos, Xos
Xos, Xos, Xos, Xos, Xos, Xos, Qsd, Xos, Qsd, Qsd, Xos, Qsd, Xos, Xos, Xos, Xos, Qsd, Xos, Qsd, Qsd, Xos, Qsd, Xos, Xos, Xos, Xos, Xos, Xos
Xos, Xos, Xos, Xos, Xos, Xos, Qsd, Xos, Qsd, Qsd, Xos, Qsd, Xos, Xos, Xos, Xos, Qsd, Xos, Qsd, Qsd, Xos, Qsd, Xos, Xos, Xos, Xos, Xos, Xos
Xos, Xos, Xos, Xos, Xos, Xos, Qsd, Xos, Xos, Xos, Xos, Qsd, Xos, Xos, Xos, Xos, Qsd, Xos, Xos, Xos, Xos, Qsd, Qsd, Qsd, Qsd, Qsd, Xos, Xos
Xos, Xos, Xos, Xos, Xos, Xos, Qsd, Xos, Xos, Xos, Xos, Qsd, Xos, Xos, Xos, Xos, Qsd, Xos, Xos, Xos, Xos, Qsd, Qsd, Qsd, Qsd, Qsd, Xos, Xos
Xos, Xos, Qsd, Qsc, Qsc, Xos, Qsd, Xos, Qsd, Xos, Qsd, Qsd, Qsd, Xos, Qsd, Xos, Qsd, Xos, Qsd, Xos, Qsd, Qsd, Qsd, Qsd, Qsd, Qsd, Xos, Xos
Qsd, Qsd, Qsd, 1 Qsk, Qsc, Qsd, Qsd, Qsd, Qsd, Qsd, Qsd, Qsd, Qsd, Qsd, Qsd, Qsd, Qsd, Qsd, Qsd, Qsd, Qsd, Qsd, Qsd, Qsd, Qsc, Qsd, Xos, Xos
Qsd, Qsd, Qsd, Qsd, Qsd, Qsd, Qsd, Qsd, Qsd, Qsd, Qsd, Qsd, Qsd, Qsd, Qsd, Qsd, Qsd, Qsd, Qsd, Qsd, Qsd, Qsd, Qsd, Qsd, Qsd, Qsd, Xos, Xos
Xos, Xos, Xos, Qsd, Xos, Qsd, Qsd, Qsd, Xos, Qsd, Xos, Qsd, Xos, Qsd, Xos, Qsd, Qsd, Qsd, Xos, Qsd, Xos, Qsd, Qsd, Qsd, Qsd, Qsd, Xos, Xos
Xos, Xos, Xos, Xos, Xos, Xos, Qsd, Xos, Xos, Xos, Xos, Qsd, Xos, Xos, Xos, Xos, Qsd, Xos, Xos, Xos, Xos, Qsd, Qsd, Qsd, Qsd, Qsd, Xos, Xos
Xos, Xos, Xos, Qsd, Qsd, Xos, Qsd, Xos, Xos, Xos, Xos, Qsd, Xos, Qsd, Qsd, Xos, Qsd, Xos, Xos, Xos, Xos, Qsd, Xos, Xos, Xos, Xos, Xos, Xos
Xos, Xos, Xos, Qsd, Qsd^Vov, Xos, Qsd, Xos, Xos, Xos, Xos, Qsd, Xos, Qsd, Qsd, Xos, Qsd, Xos, Xos, Xos, Xos, Qsd, Xos, Xos, Xos, Xos, Xos, Xos
Xos, Xos, Xos, Qsd, Qsd, Xos, Qsd, Xos, Xos, Xos, Xos, Qsd, Xos, Qsd, Qsd^Vov, Xos, Qsd, Xos, Xos, Xos, Xos, Qsd, Xos, Xos, Xos, Xos, Xos, Xos
Xos, Xos, Xos, Qsd, Qsd, Xos, Qsd, Xos, Xos, Xos, Xos, Qsd, Xos, Qsd, Qsd, Xos, Qsd, Xos, Xos, Xos, Xos, Qsd, Xos, Xos, Xos, Xos, Xos, Xos
Xos, Xos, Xos, Xos, Xos, Xos, Xos, Xos, Xos, Xos, Xos, Xos, Xos, Xos, Xos, Xos, Xos, Xos, Xos, Xos, Xos, Xos, Xos, Xos, Xos, Xos, Xos, Xos
Xos, Xos, Xos, Xos, Xos, Xos, Xos, Xos, Xos, Xos, Xos, Xos, Xos, Xos, Xos, Xos, Xos, Xos, Xos, Xos, Xos, Xos, Xos, Xos, Xos, Xos, Xos, Xos
Xos, Xos, Xos, Xos, Xos, Xos, Xos, Xos, Xos, Xos, Xos, Xos, Xos, Xos, Xos, Xos, Xos, Xos, Xos, Xos, Xos, Xos, Xos, Xos, Xos, Xos, Xos, Xos
