Qrd, Qrd, Qrd, Qrd, Qrd, Qrd, Qrd, Qrd, Qrd, Qrd, Qrd, Qrd, Qrd, Qrd, Qrd, Qrd, Qrd, Qrd, Qrd, Qrd, Qrd, Qrd, Qrd, Qrp, Qrp, Qrp, Qrp, Qrp
Qrd, Qrd, Qrd, Qrd, Qrd, Qrd, Qrd, Qrd, Qrd, Qrd, Qrd, Qrd, Qrd, Qrd, Qrd, Qrd, Qrd, Qrd, Qrd, Qrd, Qrd, Qrd, Qrd, Qrp, Qrp, Qrp, Qrp, Qrp
Qrd, Qrd, Qrd, Qrd, Qrd, Qrd, Qrd, Qrd, Qrd, Qrd, Qrd, Qwc, Qwc, Qwc, Qrd, Qrd, Qrd, Qrd, Qrd, Qrd, Qrd, Qrd, Qrd, Qrp, Qrp, Qsk, Qrp, Qrp
Qrd, Qrd, Qrd, Qrd, Qwc, Qwc, Qwc, Qwc, Qrd^Vsd, Qrd, Qrd, Qwc, Qwc, Qwc, Qrd, Qrd, Qrd, Qrd, Qwc, Qwc, Qwc, Qwc, Qrd, Qrp, Qrp, Qrp, Qrp, Qrp
Qrd, Qrd, Qrd, Qrd, Qwc, Qwc, Qwc, Qwc, Qrd, Qrd, Qrd, Qwc, Qwc, Qwc, Qrd, Qrd, Qrd, Qrd, Qwc, Qwc, Qwc, Qwc, Qrd, Qrd, Qrd, Qrd, Qrd, Qrd
Qrd, Qrd, Qrd, Qrd, Qwc, Qwc, Qwc, Qwc, Qrd, Qrd, Qrd, Qrd, Qrd, Qrd, Qrd^Vsd, Qrd, Qrd, Qrd, Qwc, Qwc, Qwc, Qwc, Qrd, Qrd, Qrd, Qrd, Qrd, Qrd
Qrd, Qrd, Qrd, Qrd, Qrd, Qrd, Qrd, Qrd, Qrd, Qrd, Qrd, Qrd, Qrd, Qrd, Qrp, Qrd, Qrd, Qrd, Qrd, Qrd, Qrd, Qrd, Qrd^Vsd, Qrd, Qrd, Qrd, Qrd, Qrd
Qrd, Qrd, Qrd, Qrd, Qrd, Qrd, Qrd, Qrd, Qrd, Qrd, Qrd, Qrd, Qrd, Qrp, Qrp, Qrp, Qrd, Qrd, Qrd, Qrd, Qrd, Qrd, Qrd, Qrd, Qrd, Qrd, Qrd, Qrd
Qrd, Qrd, Qrd, Qrd, Qrd, Qrd, Qrd, Qrd, Qrd, Qwc, Qwc, Qwc, Qwc, Qrp, Qrp, Qrp, Qwc, Qwc, Qwc, Qrd, Qrd, Qrd, Qrd, Qrd, Qrd, Qrd, Qrd, Qrd
Qrd, Qrd, Qrd, Qwc, Qwc, Qwc, Qrd^Vsd, Qrd, Qrd, Qwc, Qwc, Qwc, Qwc, Qrd^Vsd, Qrd, Qrd, Qwc, Qwc, Qwc, Qrd, Qrd, Qrd, Qwc, Qwc, Qwc, Qrd, Qrd, Qrd
Qrd, Qrd, Qrd, Qwc, Qwc, Qwc, Qrd, Qrd, Qrd, Qwc, Qwc, Qwc, Qwc, Qrd, Qrd, Qrd, Qwc, Qwc, Qwc, Qrd, Qrd, Qrd, Qwc, Qwc, Qwc, Qrd, Qrd, Qrd
Qrd, Qrd, Qrd, Qwc, Qwc, Qwc, Qrd, Qrd, Qrd, Qrd, Qrd, Qrd, Qrd, Qrd, Qrd, Qrd, Qrd, Qrd, Qrd, Qrd^Vsd, Qrd, Qrd, Qwc, Qwc, Qwc, Qrd, Qrd, Qrd
Qrd, Qrd, Qrd, Qrd, Qrd, Qrd, Qrd, Qrd, Qrd, Qrd, Qrd, Qrd, Qrd, Qrd, Qrd, Qrd, Qrd^Vsd, Qrd, Qrd, Qrd, Qrd, Qrd, Qrd, Qrd, Qrd, Qrd, Qrd, Qrd
Qrd, Qrd, Qrd, Qrd, Qrd, Qrd, Qrd, Qrd, Qrd, Qrd, Qrd, Qrd, Qrd, Qwc, Qwc, Qwc, Qrd, Qrd, Qrd, Qrd, Qrd, Qrd, Qrd, Qrd, Qrd^Vsd, Qrd, Qrd, Qrd
Qrd, Qrd, Qrd, Qrd, Qrd, Qrd, Qwc, Qwc, Qwc, Qwc, Qrd, Qrd, Qrd, Qwc, Qwc, Qwc, Qrd, Qrd, Qrd, Qwc, Qwc, Qwc, Qwc, Qrd, Qrd, Qrd, Qrd, Qrd
Qrd, Qrd, Qcb, Qrd, Qrd, Qrd, Qwc, Qwc, Qwc, Qwc, Qrd^Vsd, Qrd, Qrd, Qwc, Qwc, Qwc, Qrd, Qrd, Qrd, Qwc, Qwc, Qwc, Qwc, Qrd, Qrd, Qrd, Qrd, Qrd
Qcb, Qcb, 1 Qkb, Qcb, Qrd, Qrd, Qwc, Qwc, Qwc, Qwc, Qrd, Qrd, Qrd, Qwc, Qwc, Qwc, Qrd, Qrd, Qrd, Qwc, Qwc, Qwc, Qwc, Qrd, Qcp, Qrd, Qrd, Qrd
Qrd, Qrd, Qrd, Qcb, Qrd, Qrd, Qrd, Qrd, Qrd, Qrd, Qrd, Qrd, Qrd, Qrd, Qrd, Qrd, Qrd, Qrd, Qrd, Qrd, Qrd, Qrd, Qrd, Qrd, 2 Qkp, Qcp, Qrd, Qrd
Qrd, Qrd, Qrd, Qrd, Qrd, Qrd, Qrd, Qrd, Qrd, Qrd, Qrd, Qrd, Qrd, Qrd, Qrd, Qrd, Qrd, Qrd, Qrd, Qrd, Qrd, Qrd, Qrd, Qrd, Qrd, Qcp, Qrd, Qrd
Qrd, Qrd, Qrd, Qrd, Qrd, Qrd, Qrd, Qrd, Qrd, Qrd, Qrd, Qrd, Qrd, Qrd, Qrd, Qrd, Qrd, Qrd, Qrd, Qrd, Qrd, Qrd, Qrd, Qrd, Qrd, Qcp, Qrd, Qrd
