Hh, Hh, Hh, Hh, Mm, Hh, Hh, Hhd, Hhd, Hh, Hh, Hh, Mm, Hhd, Hhd, Hh, Hhd, Hh, Hh, Mm, Hh, Hhd, Hhd, Hhd, Hhd, Hh, Hh, Hh, Hh, Hh
Hh, Hh, Hh, Hh, Mm, Hh, Hh, Hhd, Hhd, Hh, Hh, Hh, Mm, Hhd, Hhd, Hh, Hhd, Hh, Hh, Mm, Hh, Hhd, Hhd, Hhd, Hhd, Hh, Hh, Hh, Hh, Hh
Hh, Hh, Mm, Hh, Hh, Hh, Hhd, Mm, Mm, Hh, Hh, Hh, Hh, Hh, Hh, Hh, Hhd, Hh, Hh, Hh, Hh, Hh, Hh, Hh, Hh, Hh, Hh, Hh, Hh, Hh
Hh, Hh, Hhd, Hhd, Hhd, Hh, Hh, Hh, Hh, Mm, Hh, Hh, Hh, Hhd, Hh, Hhd, Mm, Hh, Hh, Mm, Hh, Hh, Hhd, Hh, Hh, Hh, Hh, Hh, Hh, Hh
Hh, Hh, Hhd, Hh, Hh, Hh, Hh, Hh, Hh, Hh^Vsd, Hh, Hh, Mm, Hhd, Hhd, Hhd, Hh, Hh, Hh, Hh, Hh, Hh, Hh, Hh, Hh, Hh, Hh, Mm, Hh, Hh
Hhd, Hhd, Hh, Hh, Hhd, Hh, Hh, Hhd, Hh, Hh, Mm, Hh, Hhd, Hh, Mm, Mm, Hh, Hh, Qib, Qid, Qid, Qid, Qid, Qid, Qid, Qid, Qid, Qid, Mm, Mm
Mm, Mm, Hh, Hh, Mm, Mm, Hh, Mm, Hhd, Hh, Hh, Mm, Hh, Hh^Vsd, Mm, Hh, Hh, Hh, Qib, Qid, Qid, Qid, Qid^Vsp, Qid, Qid, Qid, Qid, Qid, Hh, Hh
Hh, Hh, Hh, Hh, Hh, Hh, Hh, Hh, Hhd, Hh, Hh, Mm, Hhd, Hh, Hh, Hh, Mm, Mm, Qid, Qid, Qid, Qid, Qid, Qid, Qid, Qid, Qid, Qid, Mm, Mm
Hh, Hh, Re, Re, Re, Hh, Re, Hhd, Re, Mm, Hh, Hhd, Hhd, Hh, Mm, Hh, Mm, Hhd, Qib, Qid, Qid, Qid, Qid, Qid, Qid, Qid, Qid, Qid, Hh, Hh
Re, Re, Qcp, Qcp, Qcp, Re, Re, Re, Re, Re, Re, Mm, Re, Hh, Hh, Hh, Re, Hhd, Qib, Qid, Qcb, Qcb, Qcb, Qid, Qid, Qid, Qid, Qid, Hh, Hh
Re, Re, Qcp, 2 Qkp, Qcp, Re, Re, Re, Re, Re, Re, Re, Re, Re, Re, Re, Re, Re, Qid, Qid, Qcb, 1 Qkb, Qcb, Qid, Qid, Qid^Vsp, Qid, Qid, Hhd, Hhd
Re, Re, Re, Re, Re, Re, Hh, Re, Hhd, Re, Re, Re, Re, Re, Re, Re, Re, Re, Qib, Qid, Qid, Qid, Qid, Qid, Qid, Qid, Qid, Qid, Hh, Hh
Hh, Hh, Hhd, Re, Hh, Hh, Hhd, Mm, Mm, Mm, Hh, Re, Hhd, Re, Re, Re, Hh, Re, Qib, Qid, Qid, Qid, Qid, Qid, Qid, Qid, Qid, Qid, Hh, Hh
Mm, Mm, Mm, Hh, Mm, Mm, Hh, Hhd, Hh, Hhd, Hh, Hh, Hh, Hh, Hh, Hh, Hh, Hhd, Qid, Qid, Qid, Qid, Qid, Qid, Qid, Qid, Qid, Qid, Hh, Hh
Mm, Mm, Hh, Hh, Hh, Hh, Hh, Mm, Hhd, Hh, Hhd, Hhd, Mm, Hh, Mm, Hh, Mm, Hh, Qib, Qid, Qid, Qid, Qid^Vsp, Qid, Qid, Qid, Qid, Qid, Hh, Hh
Hh, Hh, Hh, Hh, Hh, Hh, Hh, Hh, Mm, Hh, Hhd, Hh, Hh, Hh, Hhd, Mm, Mm, Hh, Qib, Qid, Qid, Qid, Qid, Qid, Qid, Qid, Qid, Qid, Hhd, Hhd
Hhd, Hhd, Hh, Hh, Hhd, Hh, Hh, Hhd, Hh^Vsd, Mm, Hh, Hhd, Hh, Hh, Hhd, Hh, Hh, Hh, Mm, Hh, Hhd, Mm, Hh, Mm, Hh, Mm, Hh, Mm, Hh, Hh
Hhd, Hhd, Mm, Hh, Hh, Mm, Hh, Mm, Hh, Hh, Hh, Hh, Hh, Hhd, Hhd, Hhd, Hh, Hh, Hhd, Hhd, Hh, Hh, Hh, Hh, Hh, Hhd, Hhd, Hh, Hh, Hh
Hh, Hh, Hh, Hh, Hh, Hh, Hh, Hh, Hh, Hh, Hh, Hh, Hh, Hh, Hh, Hh, Mm, Hh, Hhd, Mm, Hh, Hh, Hh, Hh, Hh, Hh, Hh, Mm, Hh, Hh
Hh, Hh, Mm, Hh, Mm, Hhd, Hh, Mm, Hh, Hh, Hh, Hhd, Hh, Hh, Mm, Hh, Hh, Hhd, Hh, Mm, Hh, Hh, Hhd, Hh, Hh, Hh, Mm, Hh, Hh, Hh
Hh, Hh, Mm, Hh, Hh, Hh, Hhd, Hh, Hh, Mm, Hh, Hh, Hhd, Hhd, Hh, Hh, Hh, Hh, Hh, Hh, Hh, Hhd, Mm, Mm, Mm, Hhd, Hh, Mm, Mm, Mm
Hh, Hh, Mm, Hh, Hh, Hh, Hhd, Hh, Hh, Mm, Hh, Hh, Hhd, Hhd, Hh, Hh, Hh, Hh, Hh, Hh, Hh, Hhd, Mm, Mm, Mm, Hhd, Hh, Mm, Mm, Mm
