Qrd, Qrd, Qrd, Qrd, Qrd, Qrd, Qrd, Qrd, Qrd, Qrd, Qrd, Qrd, Qrd, Qrd, Qrd, Qrd, Qrd, Qrd, Qrd, Qrd, Qrd, Qrd, Qrd, Qrp, Qrp, Qrp, Qrp, Qrp
Qrd, Qrd, Qrd, Qrd, Qrd, Qrd, Qrd, Qrd, Qrd, Qrd, Qrd, Qrd, Qrd, Qrd, Qrd, Qrd, Qrd, Qrd, Qrd, Qrd, Qrd, Qrd, Qrd, Qrp, Qrp, Qrp, Qrp, Qrp
Qrd, Qrd, Qrd, Qrd, Qrd, Qrd, Qrd, Qrd, Qrd, Qrd, Qrd, Qib, Qib, Qib, Qrd, Qrd, Qrd, Qrd, Qrd, Qrd, Qrd, Qrd, Qrd, Qrp, Qrp, Qsk, Qrp, Qrp
Qrd, Qrd, Qrd, Qrd, Qib, Qib, Qib, Qib, Qrd^Vsd, Qrd, Qrd, Qib, Qib, Qib, Qrd, Qrd, Qrd, Qrd, Qib, Qib, Qib, Qib, Qrd, Qrp, Qrp, Qrp, Qrp, Qrp
Qrd, Qrd, Qrd, Qrd, Qib, Qib, Qib, Qib, Qrd, Qrd, Qrd, Qib, Qib, Qib, Qrd, Qrd, Qrd, Qrd, Qib, Qib, Qib, Qib, Qrd, Qrd, Qrd, Qrd, Qrd, Qrd
Qrd, Qrd, Qrd, Qrd, Qib, Qib, Qib, Qib, Qrd, Qrd, Qrd, Qrd, Qrd, Qrd, Qrd^Vsd, Qrd, Qrd, Qrd, Qib, Qib, Qib, Qib, Qrd, Qrd, Qrd, Qrd, Qrd, Qrd
Qrd, Qrd, Qrd, Qrd, Qrd, Qrd, Qrd, Qrd, Qrd, Qrd, Qrd, Qrd, Qrd, Qrd, Qrp, Qrd, Qrd, Qrd, Qrd, Qrd, Qrd, Qrd, Qrd^Vsd, Qrd, Qrd, Qrd, Qrd, Qrd
Qrd, Qrd, Qrd, Qrd, Qrd, Qrd, Qrd, Qrd, Qrd, Qrd, Qrd, Qrd, Qrd, Qrp, Qrp, Qrp, Qrd, Qrd, Qrd, Qrd, Qrd, Qrd, Qrd, Qrd, Qrd, Qrd, Qrd, Qrd
Qrd, Qrd, Qrd, Qrd, Qrd, Qrd, Qrd, Qrd, Qrd, Qib, Qib, Qib, Qib, Qrp, Qrp, Qrp, Qib, Qib, Qib, Qrd, Qrd, Qrd, Qrd, Qrd, Qrd, Qrd, Qrd, Qrd
Qrd, Qrd, Qrd, Qib, Qib, Qib, Qrd^Vsd, Qrd, Qrd, Qib, Qib, Qib, Qib, Qrd^Vsd, Qrd, Qrd, Qib, Qib, Qib, Qrd, Qrd, Qrd, Qib, Qib, Qib, Qrd, Qrd, Qrd
Qrd, Qrd, Qrd, Qib, Qib, Qib, Qrd, Qrd, Qrd, Qib, Qib, Qib, Qib, Qrd, Qrd, Qrd, Qib, Qib, Qib, Qrd, Qrd, Qrd, Qib, Qib, Qib, Qrd, Qrd, Qrd
Qrd, Qrd, Qrd, Qib, Qib, Qib, Qrd, Qrd, Qrd, Qrd, Qrd, Qrd, Qrd, Qrd, Qrd, Qrd, Qrd, Qrd, Qrd, Qrd^Vsd, Qrd, Qrd, Qib, Qib, Qib, Qrd, Qrd, Qrd
Qrd, Qrd, Qrd, Qrd, Qrd, Qrd, Qrd, Qrd, Qrd, Qrd, Qrd, Qrd, Qrd, Qrd, Qrd, Qrd, Qrd^Vsd, Qrd, Qrd, Qrd, Qrd, Qrd, Qrd, Qrd, Qrd, Qrd, Qrd, Qrd
Qrd, Qrd, Qrd, Qrd, Qrd, Qrd, Qrd, Qrd, Qrd, Qrd, Qrd, Qrd, Qrd, Qib, Qib, Qib, Qrd, Qrd, Qrd, Qrd, Qrd, Qrd, Qrd, Qrd, Qrd^Vsd, Qrd, Qrd, Qrd
Qrd, Qrd, Qrd, Qrd, Qrd, Qrd, Qib, Qib, Qib, Qib, Qrd, Qrd, Qrd, Qib, Qib, Qib, Qrd, Qrd, Qrd, Qib, Qib, Qib, Qib, Qrd, Qrd, Qrd, Qrd, Qrd
Qrd, Qrd, Qcb, Qrd, Qrd, Qrd, Qib, Qib, Qib, Qib, Qrd^Vsd, Qrd, Qrd, Qib, Qib, Qib, Qrd, Qrd, Qrd, Qib, Qib, Qib, Qib, Qrd, Qrd, Qrd, Qrd, Qrd
Qcb, Qcb, 1 Qkb, Qcb, Qrd, Qrd, Qib, Qib, Qib, Qib, Qrd, Qrd, Qrd, Qib, Qib, Qib, Qrd, Qrd, Qrd, Qib, Qib, Qib, Qib, Qrd, Qcp, Qrd, Qrd, Qrd
Qrd, Qrd, Qrd, Qcb, Qrd, Qrd, Qrd, Qrd, Qrd, Qrd, Qrd, Qrd, Qrd, Qrd, Qrd, Qrd, Qrd, Qrd, Qrd, Qrd, Qrd, Qrd, Qrd, Qrd, 2 Qkp, Qcp, Qrd, Qrd
Qrd, Qrd, Qrd, Qrd, Qrd, Qrd, Qrd, Qrd, Qrd, Qrd, Qrd, Qrd, Qrd, Qrd, Qrd, Qrd, Qrd, Qrd, Qrd, Qrd, Qrd, Qrd, Qrd, Qrd, Qrd, Qcp, Qrd, Qrd
Qrd, Qrd, Qrd, Qrd, Qrd, Qrd, Qrd, Qrd, Qrd, Qrd, Qrd, Qrd, Qrd, Qrd, Qrd, Qrd, Qrd, Qrd, Qrd, Qrd, Qrd, Qrd, Qrd, Qrd, Qrd, Qcp, Qrd, Qrd
