Ss, Ss, Gll^Fsw, Gll^Fsw, Gll^Fsw, Gll^Fsw, Gll^Fsw, Gll^Fsw, Gll^Fsw, Gll^Fsw, Gll^Fsw, Gll^Fsw, Gll^Fsw, Gll^Fsw, Gll^Fsw, Gll^Fsw, Gll^Fsw, Gll^Fsw, Gll^Fsw, Gll^Fsw, Gll^Fsw, Gll^Fsw, Gll^Fsw, Gll^Fsw, Gll^Fsw, Gll^Fsw
Ss, Ss, Gll^Fsw, Gll^Fsw, Gll^Fsw, Gll^Fsw, Gll^Fsw, Gll^Fsw, Gll^Fsw, Gll^Fsw, Gll^Fsw, Gll^Fsw, Gll^Fsw, Gll^Fsw, Gll^Fsw, Gll^Fsw, Gll^Fsw, Gll^Fsw, Gll^Fsw, Gll^Fsw, Gll^Fsw, Gll^Fsw, Gll^Fsw, Gll^Fsw, Gll^Fsw, Gll^Fsw
Ss, Ss, Gll^Fsw, Gll^Fsw, Gll^Fsw, Gll^Fsw, Gll^Fsw, Gll^Fsw, Gll^Fsw, Gll^Fsw, Gll^Fsw, Gll^Fsw, Gll^Fsw, Gll^Fsw, Gll^Fsw, Gll^Fsw, Gll^Fsw, Gll^Fsw, Gll^Fsw, Gll^Fsw, Gll^Fsw, Gll^Fsw, Gll^Fsw, Gll^Fsw, Gll^Fsw, Gll^Fsw
Ss, Ss, Ss, Gll^Fsw, Gll^Fsw, Gll^Fsw, Gll^Fsw, Gll^Fsw, Gll^Fsw, Gll^Fsw, Gll^Fsw, Gll^Fsw, Gll^Fsw, Gll^Fsw, Gll^Fsw, Gll^Fsw, Gll^Fsw, Gll^Fsw, Gll^Fsw, Gll^Fsw, Gll^Fsw, Gll^Fsw, Gll^Fsw, Gll^Fsw, Gll^Fsw, Gll^Fsw
Gll^Fsw, Gll^Fsw, Ss, Gll^Fsw, Gll^Fsw, Gll^Fsw, Gll^Fsw, Gll^Fsw, Gll^Fsw, Gll^Fsw, Gll^Fsw, Gll^Fsw, Gll^Fsw, Gll^Fsw, Gll^Fsw, Gll^Fsw, Gll^Fsw, Gll^Fsw, Gll^Fsw, Gll^Fsw, Iwr^Vsw, Gll^Fsw, Gll^Fsw, Gll^Fsw, Gll^Fsw, Gll^Fsw
Gll^Fsw, Gll^Fsw, Ss, Gll^Fsw, Gll^Fsw, Gll^Fsw, Gll^Fsw, Gll^Fsw, Gll^Fsw, Gll^Fsw, Gll^Fsw, Gll^Fsw, Iwr^Vsw, Gll^Fsw, Gll^Fsw, Gll^Fsw, Gll^Fsw, Gll^Fsw, Gll^Fsw, Iwr, Gll^Fsw, Gll^Fsw, Gll^Fsw, Gll^Fsw, Gll^Fsw, Gll^Fsw
Gll^Fsw, Gll^Fsw, Ss, Gll^Fsw, Gll^Fsw, Gll^Fsw, Gll^Fsw, Gll^Fsw, Gll^Fsw, Gll^Fsw, Gll^Fsw, Gll^Fsw, Gll^Fsw, Gll^Fsw, Gll^Fsw, Gll^Fsw, Gll^Fsw, Gll^Fsw, Iwr, Iwr, Gll^Fsw, Gll^Fsw, Gll^Fsw, Gll^Fsw, Gll^Fsw, Gll^Fsw
Gll^Fsw, Gll^Fsw, Gll^Fsw, Ss, Gll^Fsw, Gll^Fsw, Gll^Fsw, Gll^Fsw, Gll^Fsw, Gll^Fsw, Gll^Fsw, Gll^Fsw, Gll^Fsw, Gll^Fsw, Iwr, Iwr, Iwr, Iwr, Gll^Fsw, Gll^Fsw, Gll^Fsw, Gll^Fsw, Gll^Fsw, Gll^Fsw, Gll^Fsw, Gll^Fsw
Gll^Fsw, Gll^Fsw, Gll^Fsw, Ss, Gll^Fsw, Gll^Fsw, Gll^Fsw, Gll^Fsw, Gll^Fsw, Gll^Fsw, Gll^Fsw, Gll^Fsw, Gll^Fsw, Iwr, Qcp, Qcp, Iwr, Iwr, Gll^Fsw, Gll^Fsw, Gll^Fsw, Gll^Fsw, Gll^Fsw, Gll^Fsw, Gll^Fsw, Gll^Fsw
Gll^Fsw, Gll^Fsw, Gll^Fsw, Ss, Gll^Fsw, Gll^Fsw, Gll^Fsw, Gll^Fsw, Iwr^Vsw, Iwr, Iwr, Iwr, Iwr, Iwr, Iwr, 1 Iwr, Iwr, Iwr, Gll^Fsw, Gll^Fsw, Gll^Fsw, Gll^Fsw, Gll^Fsw, Gll^Fsw, Gll^Fsw, Gll^Fsw
Gll^Fsw, Gll^Fsw, Gll^Fsw, Ss, Gll^Fsw, Gll^Fsw, Gll^Fsw, Gll^Fsw, Gll^Fsw, Gll^Fsw, Gll^Fsw, Gll^Fsw, Gll^Fsw, Iwr, Iwr, Iwr, Iwr, Iwr, Gll^Fsw, Gll^Fsw, Gll^Fsw, Gll^Fsw, Gll^Fsw, Gll^Fsw, Gll^Fsw, Gll^Fsw
Gll^Fsw, Gll^Fsw, Ss, Ss, Gll^Fsw, Gll^Fsw, Gll^Fsw, Gll^Fsw, Gll^Fsw, Gll^Fsw, Gll^Fsw, Gll^Fsw, Gll^Fsw, Gll^Fsw, Gll^Fsw, Iwr, Gll^Fsw, Iwr, Iwr, Gll^Fsw, Gll^Fsw, Gll^Fsw, Gll^Fsw, Gll^Fsw, Gll^Fsw, Gll^Fsw
Gll^Fsw, Gll^Fsw, Ss, Gll^Fsw, Gll^Fsw, Gll^Fsw, Gll^Fsw, Gll^Fsw, Gll^Fsw, Gll^Fsw, Gll^Fsw, Gll^Fsw, Gll^Fsw, Gll^Fsw, Gll^Fsw, Gll^Fsw, Gll^Fsw, Gll^Fsw, Iwr, Gll^Fsw, Gll^Fsw, Gll^Fsw, Gll^Fsw, Gll^Fsw, Gll^Fsw, Gll^Fsw
Gll^Fsw, Gll^Fsw, Ss, Gll^Fsw, Gll^Fsw, Gll^Fsw, Gll^Fsw, Gll^Fsw, Gll^Fsw, Gll^Fsw, Gll^Fsw, Gll^Fsw, Gll^Fsw, Gll^Fsw, Gll^Fsw, Gll^Fsw, Gll^Fsw, Iwr^Vsw, Gll^Fsw, Iwr, Iwr, Gll^Fsw, Gll^Fsw, Gll^Fsw, Gll^Fsw, Gll^Fsw
Gll^Fsw, Gll^Fsw, Ss, Gll^Fsw, Gll^Fsw, Gll^Fsw, Gll^Fsw, Gll^Fsw, Gll^Fsw, Gll^Fsw, Gll^Fsw, Gll^Fsw, Gll^Fsw, Gll^Fsw, Gll^Fsw, Gll^Fsw, Gll^Fsw, Gll^Fsw, Gll^Fsw, Gll^Fsw, Iwr, Gll^Fsw, Gll^Fsw, Gll^Fsw, Gll^Fsw, Gll^Fsw
Gll^Fsw, Gll^Fsw, Ss, Gll^Fsw, Gll^Fsw, Gll^Fsw, Gll^Fsw, Gll^Fsw, Gll^Fsw, Gll^Fsw, Gll^Fsw, Gll^Fsw, Gll^Fsw, Gll^Fsw, Gll^Fsw, Gll^Fsw, Gll^Fsw, Gll^Fsw, Gll^Fsw, Gll^Fsw, Gll^Fsw, Iwr^Vsw, Gll^Fsw, Gll^Fsw, Gll^Fsw, Gll^Fsw
Ss, Ss, Gll^Fsw, Gll^Fsw, Gll^Fsw, Gll^Fsw, Gll^Fsw, Gll^Fsw, Gll^Fsw, Gll^Fsw, Gll^Fsw, Gll^Fsw, Gll^Fsw, Gll^Fsw, Gll^Fsw, Gll^Fsw, Gll^Fsw, Gll^Fsw, Gll^Fsw, Gll^Fsw, Gll^Fsw, Gll^Fsw, Gll^Fsw, Gll^Fsw, Gll^Fsw, Gll^Fsw
Ss, Ss, Gll^Fsw, Gll^Fsw, Gll^Fsw, Gll^Fsw, Gll^Fsw, Gll^Fsw, Gll^Fsw, Gll^Fsw, Gll^Fsw, Gll^Fsw, Gll^Fsw, Gll^Fsw, Gll^Fsw, Gll^Fsw, Gll^Fsw, Gll^Fsw, Gll^Fsw, Gll^Fsw, Gll^Fsw, Gll^Fsw, Gll^Fsw, Gll^Fsw, Gll^Fsw, Gll^Fsw
Ss, Ss, Gll^Fsw, Gll^Fsw, Gll^Fsw, Gll^Fsw, Gll^Fsw, Gll^Fsw, Gll^Fsw, Gll^Fsw, Gll^Fsw, Gll^Fsw, Gll^Fsw, Gll^Fsw, Gll^Fsw, Gll^Fsw, Gll^Fsw, Gll^Fsw, Gll^Fsw, Gll^Fsw, Gll^Fsw, Gll^Fsw, Gll^Fsw, Gll^Fsw, Gll^Fsw, Gll^Fsw
Ss, Ss, Gll^Fsw, Gll^Fsw, Gll^Fsw, Gll^Fsw, Gll^Fsw, Gll^Fsw, Gll^Fsw, Gll^Fsw, Gll^Fsw, Gll^Fsw, Gll^Fsw, Gll^Fsw, Gll^Fsw, Gll^Fsw, Gll^Fsw, Gll^Fsw, Gll^Fsw, Gll^Fsw, Gll^Fsw, Gll^Fsw, Gll^Fsw, Gll^Fsw, Gll^Fsw, Gll^Fsw
