Qib, Qib, Qib, Qib, Qib, Qib, Qib, Qib, Qib, Qib, Qib, Qib, Qib, Qib, Qib, Qib, Qib, Qib, Qib, Qib, Qib, Qib, Qib, Qib, Qib, Qib, Qib, Qib
Qib, Qib, Qib, Qib, Qib, Qib, Qib, Qib, Qib, Qib, Qib, Qib, Qib, Qib, Qib, Qib, Qib, Qib, Qib, Qib, Qib, Qib, Qib, Qib, Qib, Qib, Qib, Qib
Qib, Qib, Qib, Qib, Qib, Qib, Qsd, Qib, Qsd, Qsd, Qib, Qsd, Qib, Qib, Qib, Qib, Qsd, Qib, Qsd, Qsd, Qib, Qsd, Qib, Qib, Qib, Qib, Qib, Qib
Qib, Qib, Qib, Qib, Qib, Qib, Qsd, Qib, Qsd^Vov, Qsd, Qib, Qsd, Qib, Qib, Qib, Qib, Qsd, Qib, Qsd, Qsd^Vov, Qib, Qsd, Qib, Qib, Qib, Qib, Qib, Qib
Qib, Qib, Qib, Qib, Qib, Qib, Qsd, Qib, Qsd, Qsd, Qib, Qsd, Qib, Qib, Qib, Qib, Qsd, Qib, Qsd, Qsd, Qib, Qsd, Qib, Qib, Qib, Qib, Qib, Qib
Qib, Qib, Qib, Qib, Qib, Qib, Qsd, Qib, Qsd, Qsd, Qib, Qsd, Qib, Qib, Qib, Qib, Qsd, Qib, Qsd, Qsd, Qib, Qsd, Qib, Qib, Qib, Qib, Qib, Qib
Qib, Qib, Qib, Qib, Qib, Qib, Qsd, Qib, Qib, Qib, Qib, Qsd, Qib, Qib, Qib, Qib, Qsd, Qib, Qib, Qib, Qib, Qsd, Qsd, Qsd, Qsd, Qsd, Qib, Qib
Qib, Qib, Qib, Qib, Qib, Qib, Qsd, Qib, Qib, Qib, Qib, Qsd, Qib, Qib, Qib, Qib, Qsd, Qib, Qib, Qib, Qib, Qsd, Qsd, Qsd, Qsd, Qsd, Qib, Qib
Qib, Qib, Qsd, Qsc, Qsc, Qib, Qsd, Qib, Qsd, Qib, Qsd, Qsd, Qsd, Qib, Qsd, Qib, Qsd, Qib, Qsd, Qib, Qsd, Qsd, Qsd, Qsd, Qsd, Qsd, Qib, Qib
Qsd, Qsd, Qsd, 1 Qsk, Qsc, Qsd, Qsd, Qsd, Qsd, Qsd, Qsd, Qsd, Qsd, Qsd, Qsd, Qsd, Qsd, Qsd, Qsd, Qsd, Qsd, Qsd, Qsd, Qsd, Qsc, Qsd, Qib, Qib
Qsd, Qsd, Qsd, Qsd, Qsd, Qsd, Qsd, Qsd, Qsd, Qsd, Qsd, Qsd, Qsd, Qsd, Qsd, Qsd, Qsd, Qsd, Qsd, Qsd, Qsd, Qsd, Qsd, Qsd, Qsd, Qsd, Qib, Qib
Qib, Qib, Qib, Qsd, Qib, Qsd, Qsd, Qsd, Qib, Qsd, Qib, Qsd, Qib, Qsd, Qib, Qsd, Qsd, Qsd, Qib, Qsd, Qib, Qsd, Qsd, Qsd, Qsd, Qsd, Qib, Qib
Qib, Qib, Qib, Qib, Qib, Qib, Qsd, Qib, Qib, Qib, Qib, Qsd, Qib, Qib, Qib, Qib, Qsd, Qib, Qib, Qib, Qib, Qsd, Qsd, Qsd, Qsd, Qsd, Qib, Qib
Qib, Qib, Qib, Qsd, Qsd, Qib, Qsd, Qib, Qib, Qib, Qib, Qsd, Qib, Qsd, Qsd, Qib, Qsd, Qib, Qib, Qib, Qib, Qsd, Qib, Qib, Qib, Qib, Qib, Qib
Qib, Qib, Qib, Qsd, Qsd^Vov, Qib, Qsd, Qib, Qib, Qib, Qib, Qsd, Qib, Qsd, Qsd, Qib, Qsd, Qib, Qib, Qib, Qib, Qsd, Qib, Qib, Qib, Qib, Qib, Qib
Qib, Qib, Qib, Qsd, Qsd, Qib, Qsd, Qib, Qib, Qib, Qib, Qsd, Qib, Qsd, Qsd^Vov, Qib, Qsd, Qib, Qib, Qib, Qib, Qsd, Qib, Qib, Qib, Qib, Qib, Qib
Qib, Qib, Qib, Qsd, Qsd, Qib, Qsd, Qib, Qib, Qib, Qib, Qsd, Qib, Qsd, Qsd, Qib, Qsd, Qib, Qib, Qib, Qib, Qsd, Qib, Qib, Qib, Qib, Qib, Qib
Qib, Qib, Qib, Qib, Qib, Qib, Qib, Qib, Qib, Qib, Qib, Qib, Qib, Qib, Qib, Qib, Qib, Qib, Qib, Qib, Qib, Qib, Qib, Qib, Qib, Qib, Qib, Qib
Qib, Qib, Qib, Qib, Qib, Qib, Qib, Qib, Qib, Qib, Qib, Qib, Qib, Qib, Qib, Qib, Qib, Qib, Qib, Qib, Qib, Qib, Qib, Qib, Qib, Qib, Qib, Qib
Qib, Qib, Qib, Qib, Qib, Qib, Qib, Qib, Qib, Qib, Qib, Qib, Qib, Qib, Qib, Qib, Qib, Qib, Qib, Qib, Qib, Qib, Qib, Qib, Qib, Qib, Qib, Qib
