Gg^Fds, Gg^Fds, Gg, Gg, Gg^Fds, Gg^Fds, Gg, Gg, Gg, Hh, Gg^Fds, Gg^Fds, Gg, Gg, Gg, Gg, Gg^Fds, Gg, Gg, Gg^Fds, Gg, Gg, Gg, Gg, Gg^Fds, Gg^Fds, Gg^Fds, Gg^Fds
Gg^Fds, Gg^Fds, Gg, Gg, Gg^Fds, Gg^Fds, Gg, Gg, Gg, Hh, Gg^Fds, Gg^Fds, Gg, Gg, Gg, Gg, Gg^Fds, Gg, Gg, Gg^Fds, Gg, Gg, Gg, Gg, Gg^Fds, Gg^Fds, Gg^Fds, Gg^Fds
Gg^Fds, Gg^Fds, Gg^Fds, Gg, Gg, Gg, Gg, Gg, Gg^Fds, Gg^Fds, Gg^Fds, Gg, Gg, Gg^Vsf, Gg, Gg, Gg, Gg^Fds, Gg, Gg, Gg^Fds, Gg, Gg, Gg^Fds, Gg, Gg, Gg, Gg
Gg, Gg, Gg^Fds, Gg^Fds, Gg, Gg, Gg, Gg^Fds, Gg^Fds, Gg, Gg, Gg, Hh, Gg, Gg, Gg^Fds, Ww, Gg, Gg^Fds, Gg, Gg, Hh, Gg, Gg, Qcp, Gg, Gg, Gg
Gg, Gg, Gg, Gg, Gg, Gg, Gg^Fds, Gg, Gg, Gg^Fds, Gg, Gg, Ww, Ww, Wo, Wo, Wo, Ww, Gg, Gg^Fds, Gg^Fds, Gg, Gg, Qcp, 3 Qkp, Qcp, Gg, Gg
Gg, Gg, Gg, Gg^Fds, Gg^Fds, Gg, Gg^Fds, Gg^Fds, Gg, Gg, Gg, Ww, Wo, Wo, Wo, Wo, Wo, Wo, Wo, Gg, Gg^Fds, Gg, Gg, Gg, Gg, Qcp, Gg, Gg
Gg, Gg, Gg, Gg, Gg, Gg, Gg^Fds, Gg, Gg^Fds, Ww, Wo, Wo, Wo, Wo, Wo, Wo, Wo, Wo, Wo, Wo, Wo, Gg, Ww, Gg, Gg, Gg, Gg, Gg
Gg^Fds, Gg^Fds, Gg, Gg, Gg^Fds, Gg^Fds, Gg, Gg, Hh, Wo, Wo, Wo, Wo, Wo, Wo, Wo, Wo, Wo, Wo, Wo, Wo, Wo, Gg, Gg^Fds, Gg^Fds, Gg, Gg^Fds, Gg^Fds
Gg, Gg, Gg, Gg, Gg^Fds, Gg^Fds, Qcb, Hh, Gg^Fds, Wo, Wo, Wo, Wo, Wo, Gg, Gg, Gg, Wo, Wo, Wo, Wo, Wo, Gg, Gg, Gg^Fds, Gg, Gg^Fds, Gg^Fds
Gg, Gg, Gg, Gg, Gg, Qcb, 1 Qkb, Qcb, Ww, Wo, Wo, Wo, Wo, Gg, Gg, Gg, Gg, Gg, Wo, Wo, Wo, Wo, Gg, Gg, Gg, Gg, Gg^Fds, Gg^Fds
Gg^Fds, Gg^Fds, Gg, Gg, Gg, Gg, Gg, Qcb, Gg^Fds, Ww^Bsb\, Ww^Bsb\, Ww^Bsb\, Ww^Bsb\, Ww^Bsb\, Gg, Gg^Vsf, Gg, Gg, Wo, Wo, Wo, Wo, Gg, Gg, Hh, Gg, Gg^Fds, Gg^Fds
Gg^Fds, Gg^Fds, Gg, Gg^Fds, Gg, Gg, Hh, Gg, Ww, Wo, Wo, Wo, Wo, Gg, Gg, Gg, Gg, Gg, Wo, Wo, Wo, Wo, Ww, Gg, Gg, Gg^Fds, Gg, Gg
Gg, Gg, Gg^Fds, Gg, Gg, Gg, Gg^Fds, Gg^Fds, Gg, Wo, Wo, Wo, Wo, Wo, Wo, Gg, Wo, Wo, Wo, Wo, Wo, Wo, Gg, Gg, Gg^Fds, Gg, Gg^Fds, Gg^Fds
Gg, Gg, Hh, Gg^Fds, Gg, Gg, Gg, Gg^Fds, Hh, Wo, Wo, Wo, Wo, Wo, Wo, Wo, Wo, Wo, Wo, Wo, Wo, Wo, Ww, Gg, Gg, Gg^Fds, Gg, Gg
Gg, Gg, Gg^Fds, Gg, Gg^Vsf, Gg, Hh, Gg, Gg, Ww, Gg, Wo, Wo, Wo, Wo, Wo, Wo, Wo, Wo, Wo, Gg, Ww, Gg, Gg, Gg^Fds, Gg, Gg, Gg
Gg, Gg, Gg^Fds, Gg, Gg, Gg, Gg, Hh, Gg, Gg^Fds, Gg, Ww, Ww, Wo, Wo, Wo, Wo, Wo, Gg, Gg, Gg, Gg^Fds, Gg^Fds, Gg, Gg, Gg, Gg^Fds, Gg^Fds
Gg, Gg, Gg, Gg, Gg, Gg^Fds, Gg, Gg, Gg, Gg, Gg, Gg, Gg^Fds, Ww, Gg^Fds, Wo, Ww, Ww, Gg, Gg, Gg, Gg, Gg, Gg, Gg, Gg^Fds, Gg, Gg
Gg, Gg, Gg^Fds, Gg, Gg, Hh, Gg^Fds, Gg, Gg, Gg, Hh, Gg, Gg^Fds, Gg^Fds, Gg, Gg, Gg^Fds, Gg^Fds, Gg, Gg^Fds, Gg, Hh, Gg^Fds, Gg^Fds, Gg, Gg^Fds, Gg^Fds, Gg^Fds
Gg, Gg, Gg^Fds, Gg^Fds, Gg, Gg, Gg^Fds, Hh, Gg, Gg, Gg, Gg, Gg, Gg^Fds, Gg, Gg, Gg, Gg, Gg, Gg, Gg, Gg^Fds, Gg, Gg^Fds, Hh, Hh, Gg, Gg
Gg, Gg, Gg^Fds, Gg, Gg^Fds, Gg, Gg, Gg^Fds, Gg, Gg, Gg, Gg, Gg^Fds, Gg, Gg^Fds, Gg, Gg, Gg, Gg^Vsf, Gg, Gg, Gg, Gg, Gg, Gg, Gg, Gg^Fds, Gg^Fds
Gg, Gg, Gg^Fds, Gg, Gg, Gg, Gg, Gg, Gg^Fds, Gg^Fds, Gg, Gg^Fds, Gg^Fds, Gg, Gg, Gg^Fds, Gg, Gg, Gg, Gg, Gg^Fds, Gg, Gg, Gg^Fds, Gg, Gg, Gg, Gg
Gg, Gg, Gg^Fds, Gg, Gg, Gg, Gg, Gg, Gg^Fds, Gg^Fds, Gg, Gg^Fds, Gg^Fds, Gg, Gg, Gg^Fds, Gg, Gg, Gg, Gg, Gg^Fds, Gg, Gg, Gg^Fds, Gg, Gg, Gg, Gg
