Rr, Rr, Rr, Rr, Rr, Rr, Rr, Rr, Rr, Rr, Rr, Rr, Rr, Rr, Rr, Rr, Rr, Rr, Rr, Rr, Rr, Rr, Rr, Rrc, Rrc, Rrc, Rrc, Rrc
Rr, Rr, Rr, Rr, Rr, Rr, Rr, Rr, Rr, Rr, Rr, Rr, Rr, Rr, Rr, Rr, Rr, Rr, Rr, Rr, Rr, Rr, Rr, Rrc, Rrc, Rrc, Rrc, Rrc
Rr, Rr, Rr, Rr, Rr, Rr, Rr, Rr, Rr, Rr, Rr, Xos, Xos, Xos, Rr, Rr, Rr, Rr, Rr, Rr, Rr, Rr, Rr, Rrc, Rrc, Qsk, Rrc, Rrc
Rr, Rr, Rr, Rr, Xos, Xos, Xos, Xos, Rr^Vhc, Rr, Rr, Xos, Xos, Xos, Rr, Rr, Rr, Rr, Xos, Xos, Xos, Xos, Rr, Rrc, Rrc, Rrc, Rrc, Rrc
Rr, Rr, Rr, Rr, Xos, Xos, Xos, Xos, Rr, Rr, Rr, Xos, Xos, Xos, Rr, Rr, Rr, Rr, Xos, Xos, Xos, Xos, Rr, Rr, Rr, Rr, Rr, Rr
Rr, Rr, Rr, Rr, Xos, Xos, Xos, Xos, Rr, Rr, Rr, Rr, Rr, Rr, Rr^Vhc, Rr, Rr, Rr, Xos, Xos, Xos, Xos, Rr, Rr, Rr, Rr, Rr, Rr
Rr, Rr, Rr, Rr, Rr, Rr, Rr, Rr, Rr, Rr, Rr, Rr, Rr, Rr, Rrc, Rr, Rr, Rr, Rr, Rr, Rr, Rr, Rr^Vhc, Rr, Rr, Rr, Rr, Rr
Rr, Rr, Rr, Rr, Rr, Rr, Rr, Rr, Rr, Rr, Rr, Rr, Rr, Rrc, Rrc, Rrc, Rr, Rr, Rr, Rr, Rr, Rr, Rr, Rr, Rr, Rr, Rr, Rr
Rr, Rr, Rr, Rr, Rr, Rr, Rr, Rr, Rr, Xos, Xos, Xos, Xos, Rrc, Rrc, Rrc, Xos, Xos, Xos, Rr, Rr, Rr, Rr, Rr, Rr, Rr, Rr, Rr
Rr, Rr, Rr, Xos, Xos, Xos, Rr^Vhc, Rr, Rr, Xos, Xos, Xos, Xos, Rr^Vhc, Rr, Rr, Xos, Xos, Xos, Rr, Rr, Rr, Xos, Xos, Xos, Rr, Rr, Rr
Rr, Rr, Rr, Xos, Xos, Xos, Rr, Rr, Rr, Xos, Xos, Xos, Xos, Rr, Rr, Rr, Xos, Xos, Xos, Rr, Rr, Rr, Xos, Xos, Xos, Rr, Rr, Rr
Rr, Rr, Rr, Xos, Xos, Xos, Rr, Rr, Rr, Rr, Rr, Rr, Rr, Rr, Rr, Rr, Rr, Rr, Rr, Rr^Vhc, Rr, Rr, Xos, Xos, Xos, Rr, Rr, Rr
Rr, Rr, Rr, Rr, Rr, Rr, Rr, Rr, Rr, Rr, Rr, Rr, Rr, Rr, Rr, Rr, Rr^Vhc, Rr, Rr, Rr, Rr, Rr, Rr, Rr, Rr, Rr, Rr, Rr
Rr, Rr, Rr, Rr, Rr, Rr, Rr, Rr, Rr, Rr, Rr, Rr, Rr, Xos, Xos, Xos, Rr, Rr, Rr, Rr, Rr, Rr, Rr, Rr, Rr^Vhc, Rr, Rr, Rr
Rr, Rr, Rr, Rr, Rr, Rr, Xos, Xos, Xos, Xos, Rr, Rr, Rr, Xos, Xos, Xos, Rr, Rr, Rr, Xos, Xos, Xos, Xos, Rr, Rr, Rr, Rr, Rr
Rr, Rr, Ch, Rr, Rr, Rr, Xos, Xos, Xos, Xos, Rr^Vhc, Rr, Rr, Xos, Xos, Xos, Rr, Rr, Rr, Xos, Xos, Xos, Xos, Rr, Rr, Rr, Rr, Rr
Ch, Ch, 1 Kh, Ch, Rr, Rr, Xos, Xos, Xos, Xos, Rr, Rr, Rr, Xos, Xos, Xos, Rr, Rr, Rr, Xos, Xos, Xos, Xos, Rr, Ce, Rr, Rr, Rr
Rr, Rr, Rr, Ch, Rr, Rr, Rr, Rr, Rr, Rr, Rr, Rr, Rr, Rr, Rr, Rr, Rr, Rr, Rr, Rr, Rr, Rr, Rr, Rr, 2 Ke, Ce, Rr, Rr
Rr, Rr, Rr, Rr, Rr, Rr, Rr, Rr, Rr, Rr, Rr, Rr, Rr, Rr, Rr, Rr, Rr, Rr, Rr, Rr, Rr, Rr, Rr, Rr, Rr, Ce, Rr, Rr
Rr, Rr, Rr, Rr, Rr, Rr, Rr, Rr, Rr, Rr, Rr, Rr, Rr, Rr, Rr, Rr, Rr, Rr, Rr, Rr, Rr, Rr, Rr, Rr, Rr, Ce, Rr, Rr
