Qsp, Qsp, Qsp, Qsp, Qsp, Qsp, Qsp, Qsp, Qsp, Qsp, Qsp, Qsp, Qsp, Qsp, Qsp, Qsk, Qsc, Qsp, Qsp, Qsp, Qsp, Qsp, Qsp, Qsp, Qsp, Qsp, Qsp, Qsp, Qsp, Qsp, Qsp, Qsp
Qsp, Qsp, Qsp, Qsp, Qsp, Qsp, Qsp, Qsp, Qsp, Qsp, Qsp, Qsp, Qsp, Qsp, Qsp, 2 Qsk, Qsc, Qsp, Qsp, Qsp, Qsp, Qsp, Qsp, Qsp, Qsp, Qsp, Qsp, Qsp, Qsp, Qsp, Qsp, Qsp
Qsp, Qsp, Qsp, Qsp, Qsp, Qsp, Qsp, Qsp, Qsp, Qsp, Qsp, Qsp, Qsp, Qsp, Qsp, Qsp, Qsp, Qsp, Qsp, Qsp, Qsp, Qsp, Qsp, Qsp, Qsp, Qsp, Qsp, Qsp, Qsp, Qsp, Qsp, Qsp
Qsp, Qsp, Qsp, Qsp, Qsp, Qsp, Qsp, Qsp, Qsp, Qsp, Qsp, Qsp, Qsp, Qsp, Qsp, Qsp, Qsp, Qsp, Qsp, Qsp, Qsp, Qsp, Qsp, Qsp, Qsp, Qsp, Qsp, Qsp, Qsp, Qsp, Qsp, Qsp
Qsp, Qsp, Qsp, Qsp, Qsp, Qsp, Qsp, Qsp, Qsp, Qsp, Qsp, Qsp, Qsp, Qsp, Qsp, Qsp, Qsp, Qsp, Qsp, Qsp, Qsp, Qsp, Qsp, Qsp, Qsp, Qsp, Qsp, Qsp, Qsp, Qsp, Qsp, Qsp
Qsp, Qsp, Qsp, Qsp, Qsp, Qsp, Qsp, Qsp, Qsp, Qsp, Qsa, Qsa, Qsa, Qsp, Qsp, Qsp, Qsp, Qsp, Qsp, Qsp, Qsp, Qsa, Qsp, Qsp, Qsp, Qsp, Qsp, Qsp, Qsp, Qsp, Qsp, Qsp
Qsp, Qsp, Qsp, Qsp, Qsp, Qsp, Qsp, Qsp, Qsp, Qsp, Qsa, Qsa, Qsp, Qsp, Qsp, Qsp, Qsp, Qsp, Qsp, Qsp, Qsp, Qsa, Qsa, Qsp, Qsp, Qsp, Qsp, Qsp, Qsp, Qsp, Qsp, Qsp
Qsp, Qsp, Qsp, Qsp, Qsp, Qsp, Qsp, Qsp, Qsp, Qsa, Qsa, Qsp, Qsp, Qsp, Qsp, Qsp, Qsp, Qsp, Qsp, Qsp, Qsp, Qsp, Qsp, Qsp, Qsp, Qsp, Qsp, Qsp, Qsp, Qsp, Qsp, Qsp
Qsp, Qsp, Qsp, Qsp, Qsp, Qsp, Qsp, Qsp, Qsp, Qsp, Qsa, Qsa, Qsp, Qsp, Qsp, Qsp, Qsp, Qsp, Qsp, Qsp, Qsp, Qsp, Qsp, Qsp, Qsp, Qsp, Qsp, Qsp, Qsp, Qsp, Qsp, Qsp
Qsp, Qsp, Qsp, Qsp, Qsp, Qsp, Qsp, Qsp, Qsp, Qsp, Qsp, Qsp, Qsp, Qsp, Qsp, Qsp, Qsp, Qsp, Qsp, Qsp, Qsp, Qsp, Qsp, Qsp, Qsp, Qsp, Qsp, Qsp, Qsp, Qsp, Qsp, Qsp
Qsp, Qsp, Qsc, Qsc, Qsc, Qsp, Qsp, Qsp, Qsp, Qsp, Qsp, Qsp, Qsp, Qsp, Qsp, Qsp, Qsp, Qsp, Qsp, Qsp, Qsp, Qsp, Qsp, Qsp, Qsp, Qsp, Qsp, Qsp, Qsp, Qsp, Qsp, Qsp
Qsp, Qsp, Qsc, 1 Qsk, Qsc, Qsp, Qsp, Qsp, Qsp, Qsp, Qsp, Qsp, Qsp, Qsp, Qsp, Qsp, Qsp, Qsp, Qsp, Qsp, Qsp, Qsp, Qsp, Qsp, Qsp, Qsp, Qsp, Qsp, Qsp, Qsp, Qsp, Qsp
Qsp, Qsp, Qsp, Qsp, Qsp, Qsp, Qsp, Qsp, Qsp, Qsp, Qsp, Qsp, Qsp, Qsp, Qsp, Qsp, Qsp, Qsp, Qsp, Qsp, Qsp, Qsp, Qsp, Qsp, Qsp, Qsp, Qsp, Qsp, Qsp, Qsp, Qsp, Qsp
Qsp, Qsp, Qsp, Qsp, Qsp, Qsp, Qsp, Qsp, Qsp, Qsp, Qsp, Qsp, Qsp, Qsp, Qsp, Qsp, Qsp, Qsp, Qsp, Qsp, Qsp, Qsp, Qsp, Qsp, Qsp, Qsp, Qsp, Qsp, Qsp, Qsp, Qsp, Qsp
Qsp, Qsp, Qsp, Qsp, Qsp, Qsp, Qsp, Qsp, Qsp, Qsp, Qsp, Qsp, Qsp, Qsp, Qsp, Qsp, Qsp, Qsp, Qsp, Qsp, Qsa, Qsp, Qsp, Qsp, Qsp, Qsp, Qsp, Qsp, Qsp, Qsp, Qsp, Qsp
Qsp, Qsp, Qsp, Qsp, Qsp, Qsp, Qsp, Qsp, Qsp, Qsp, Qsp, Qsp, Qsp, Qsp, Qsp, Qsp, Qsp, Qsp, Qsp, Qsp, Qsa, Qsp, Qsp, Qsp, Qsp, Qsp, Qsp, Qsp, Qsp, Qsp, Qsp, Qsp
Qsp, Qsp, Qsp, Qsp, Qsp, Qsp, Qsp, Qsp, Qsp, Qsp, Qsp, Qsp, Qsp, Qsp, Qsp, Qsp, Qsp, Qsp, Qsa, Qsa, Qsp, Qsp, Qsa, Qsp, Qsp, Qsp, Qsp, Qsp, Qsp, Qsp, Qsp, Qsp
Qsp, Qsp, Qsp, Qsp, Qsp, Qsp, Qsp, Qsp, Qsp, Qsp, Qsp, Qsp, Qsp, Qsp, Qsp, Qsp, Qsp, Qsp, Qsp, Qsp, Qsp, Qsp, Qsa, Qsp, Qsp, Qsp, Qsp, Qsp, Qsp, Qsp, Qsp, Qsp
Qsp, Qsp, Qsp, Qsp, Qsp, Qsp, Qsp, Qsp, Qsp, Qsp, Qsp, Qsp, Qsp, Qsp, Qsp, Qsp, Qsp, Qsp, Qsp, Qsa, Qsa, Qsp, Qsp, Qsp, Qsp, Qsp, Qsp, Qsp, Qsp, Qsp, Qsp, Qsp
Qsp, Qsp, Qsp, Qsp, Qsp, Qsp, Qsp, Qsp, Qsp, Qsp, Qsp, Qsp, Qsp, Qsp, Qsp, Qsp, Qsp, Qsp, Qsp, Qsp, Qsp, Qsp, Qsp, Qsp, Qsp, Qsp, Qsp, Qsp, Qsp, Qsp, Qsp, Qsp
Qsp, Qsp, Qsp, Qsp, Qsp, Qsp, Qsp, Qsp, Qsp, Qsp, Qsp, Qsp, Qsp, Qsp, Qsp, Qsp, Qsp, Qsp, Qsp, Qsp, Qsp, Qsp, Qsp, Qsp, Qsp, Qsp, Qsp, Qsp, Qsp, Qsp, Qsp, Qsp
Qsp, Qsp, Qsp, Qsp, Qsp, Qsp, Qsp, Qsp, Qsp, Qsp, Qsp, Qsp, Qsp, Qsp, Qsp, Qsc, Qsc, Qsp, Qsp, Qsp, Qsp, Qsp, Qsp, Qsp, Qsp, Qsp, Qsp, Qsp, Qsp, Qsp, Qsp, Qsp
Qsp, Qsp, Qsp, Qsp, Qsp, Qsp, Qsp, Qsp, Qsp, Qsp, Qsp, Qsp, Qsp, Qsp, Qsp, 3 Qsk, Qsc, Qsp, Qsp, Qsp, Qsp, Qsp, Qsp, Qsp, Qsp, Qsp, Qsp, Qsp, Qsp, Qsp, Qsp, Qsp
Qsp, Qsp, Qsp, Qsp, Qsp, Qsp, Qsp, Qsp, Qsp, Qsp, Qsp, Qsp, Qsp, Qsp, Qsp, Qsk, Qsc, Qsp, Qsp, Qsp, Qsp, Qsp, Qsp, Qsp, Qsp, Qsp, Qsp, Qsp, Qsp, Qsp, Qsp, Qsp
