Gd, Gd, Gd, Gd, Gd, Gd, Rb, Gd, Gd, Gd, Gd, Gd, Gd, Gd, Hhd, Gd, Gd, Gd, Gd, Gd, Gd, Gd, Gd, Gd, Gd, Gd, Gd, Gd
Gd, Gd, Gd, Gd, Gd, Gd, Rb, Gd, Gd, Gd, Gd, Gd, Gd, Gd, Hhd, Gd, Gd, Gd, Gd, Gd, Gd, Gd, Gd, Gd, Gd, Gd, Gd, Gd
Gd, Gd, Rb, Gd, Gd, Gd, Gd, Gd, Gd, Gd, Gd, Gd, Gd, Rb, Gd, Gd, Rb, Gd, Gd, Gd, Gd, Gd, Gd, Hhd, Gd, Gd, Gd, Gd
Gd, Gd, Hhd, Gd, Gd, Gd, Hhd, Gd, Gd, Gd, Gd, Hhd, Gd, Gd, Gd, Gd, Gd, Gd, Gd, Gd, Rb, Hhd, Gd, Gd, Gd, Rb, Gd, Gd
Gd, Gd, Gd, Gd, Gd, Gd, Rb, Hhd, Gd, Gd, Gd, Rb, Rb, Gd, Gd, Gd, Rb, Rb, Gd, Hhd, Gd, Gd, Gd, Gd, Gd, Rb, Gd, Gd
Gd, Gd, Gd, Gd, Gd, Gd, Gd, Gd, Gd, Rb, Hhd, Gd, Gd, Rd^Vsn, Gd, Hhd, Gd, Gd, Gd, Hhd, Gd, Gd, Rb, Rb, Gd, Gd, Gd, Gd
Rb, Rb, Gd, Gd, Gd, Gd, Gd, Rb, Gd, Gd, Gd, Gd, Rd, Rd, Rd, Rb, Gd, Gd, Gd, Gd, Gd, Gd, Gd, Gd, Hhd, Hhd, Gd, Gd
Gd, Gd, Gd, Gd, Gd, Rb, Gd, Gd, Gd, Gd, Rd^Vsn, Rd, Rd, Rd, Rd, Rd, Rd^Vsn, Rb, Gd, Gd, Gd, Gd, Gd, Gd, Gd, Gd, Gd, Gd
Gd, Gd, Qcp, Gd, Gd, Gd, Gd, Gd, Gd, Rb, Rd, Rd, Qcb, Qcb, Qcb, Rd, Rd, Gd, Hhd, Gd, Gd, Gd, Rb, Gd, Rd, Rd, Rd, Rd
Rd, Rd, 2 Qkp, Qcp, Gd, Gd, Gd, Rb, Gd, Gd, Rd, Rd, Qcb, 1 Qkb, Qcb, Rd, Rd, Gd, Gd, Gd, Gd, Gd, Gd, Rb, Rd, Rd, Rd, Rd
Rd, Rd, Rd, Qcp, Rb, Gd, Rb, Gd, Rb, Gd, Rd, Rd, Rd, Rd, Rd, Rd, Rd, Gd, Gd, Gd, Rb, Rb, Gd, Gd, Hhd, Rd, Gd, Gd
Gd, Gd, Gd, Gd, Gd, Gd, Rb, Gd, Gd, Rb, Gd, Rd, Rd, Rd, Rd, Rd, Gd, Gd, Gd, Gd, Gd, Gd, Gd, Gd, Gd, Gd, Gd, Gd
Gd, Gd, Gd, Gd, Gd, Gd, Gd, Gd, Rb, Gd, Rd^Vsn, Gd, Rb, Rd, Gd, Gd, Rd^Vsn, Gd, Gd, Hhd, Gd, Gd, Gd, Gd, Gd, Gd, Gd, Gd
Gd, Gd, Gd, Rb, Rb, Gd, Gd, Gd, Gd, Gd, Rb, Hhd, Rb, Rd^Vsn, Hhd, Gd, Hhd, Gd, Gd, Gd, Gd, Gd, Gd, Gd, Gd, Gd, Rb, Rb
Gd, Gd, Gd, Gd, Gd, Rb, Gd, Gd, Gd, Gd, Gd, Rb, Gd, Rb, Gd, Rb, Gd, Gd, Gd, Gd, Gd, Gd, Gd, Rb, Hhd, Gd, Gd, Gd
Gd, Gd, Gd, Hhd, Gd, Hhd, Gd, Gd, Gd, Gd, Gd, Gd, Gd, Gd, Hhd, Gd, Gd, Rb, Gd, Hhd, Gd, Rb, Hhd, Gd, Hhd, Gd, Gd, Gd
Gd, Gd, Gd, Gd, Gd, Rb, Gd, Gd, Hhd, Gd, Gd, Gd, Gd, Gd, Hhd, Gd, Gd, Gd, Gd, Gd, Gd, Gd, Gd, Gd, Hhd, Gd, Hhd, Hhd
Gd, Gd, Rb, Rb, Gd, Gd, Rb, Gd, Gd, Gd, Gd, Rb, Gd, Gd, Gd, Gd, Gd, Gd, Rb, Gd, Gd, Gd, Gd, Gd, Hhd, Gd, Gd, Gd
Rb, Rb, Gd, Gd, Rb, Rb, Hhd, Gd, Gd, Gd, Gd, Rb, Rb, Gd, Gd, Gd, Gd, Gd, Rb, Gd, Gd, Gd, Gd, Gd, Gd, Gd, Gd, Gd
Rb, Rb, Gd, Gd, Rb, Rb, Hhd, Gd, Gd, Gd, Gd, Rb, Rb, Gd, Gd, Gd, Gd, Gd, Rb, Gd, Gd, Gd, Gd, Gd, Gd, Gd, Gd, Gd
