Ss, Ss, Gll^Fet, Gll^Fet, Gll^Fet, Gll^Fet, Gll^Fet, Gll^Fet, Gll^Fet, Gll^Ftr, Gll^Fet, Gll^Fet, Gll^Fet, Gll^Fet, Gll^Fet, Gll^Fet, Gll^Fet, Gll^Fet, Gll^Fet, Gll^Fet, Gll^Fet, Gll^Fet, Gll^Fet, Gll^Ftr, Gll^Fet, Gll^Fet
Ss, Ss, Gll^Fet, Gll^Fet, Gll^Fet, Gll^Fet, Gll^Fet, Gll^Fet, Gll^Fet, Gll^Ftr, Gll^Fet, Gll^Fet, Gll^Fet, Gll^Fet, Gll^Fet, Gll^Fet, Gll^Fet, Gll^Fet, Gll^Fet, Gll^Fet, Gll^Fet, Gll^Fet, Gll^Fet, Gll^Ftr, Gll^Fet, Gll^Fet
Ss, Ss, Gll^Fet, Gll^Ftr, Gll^Fet, Gll^Fet, Gll^Fet, Gll^Fet, Gll^Fet, Gll^Fet, Gll^Fet, Gll^Ftr, Gll^Ftr, Gll^Fet, Gll^Ftr, Gll^Fet, Gll^Ftr, Gll^Fet, Gll^Fet, Gll^Ftr, Gll^Ftr, Gll^Fet, Gll^Fet, Gll^Fet, Gll^Ftr, Gll^Ftr
Ss, Ss, Ss, Gll^Fet, Gll^Fet, Gll^Fet, Gll^Ftr, Gll^Fet, Gll^Fet, Gll^Fet, Gll^Fet, Gll^Fet, Gll^Ftr, Gll^Ftr, Gll^Ftr, Gll^Fet, Gll^Ftr, Gll^Fet, Gll^Fet, Gll^Ftr, Gll^Ftr, Gll^Ftr, Gll^Fet, Gll^Fet, Gll^Fet, Gll^Fet
Gll^Fet, Gll^Fet, Ss, Gll^Fet, Gll^Ftr, Gll^Ftr, Gll^Ftr, Gll^Fet, Gll^Fet, Gll^Ftr, Gll^Ftr, Gll^Fet, Gll^Ftr, Gll^Fet, Gll^Ftr, Gll^Fet, Gll^Fet, Gll^Fet, Gll^Ftr, Gll^Fet, Iwr^Vht, Gll^Fet, Gll^Ftr, Gll^Fet, Gll^Ftr, Gll^Ftr
Gll^Ftr, Gll^Ftr, Ss, Gll^Ftr, Gll^Fet, Gll^Fet, Gll^Ftr, Gll^Ftr, Gll^Ftr, Gll^Ftr, Gll^Ftr, Gll^Ftr, Iwr^Vht, Gll^Fet, Gll^Fet, Gll^Ftr, Gll^Fet, Gll^Fet, Gll^Ftr, Iwr, Gll^Ftr, Gll^Fet, Gll^Fet, Gll^Fet, Gll^Fet, Gll^Fet
Gll^Fet, Gll^Fet, Ss, Gll^Fet, Gll^Fet, Gll^Fet, Gll^Ftr, Gll^Fet, Gll^Ftr, Gll^Fet, Gll^Ftr, Gll^Fet, Gll^Fet, Gll^Fet, Gll^Fet, Gll^Fet, Gll^Ftr, Gll^Fet, Iwr, Iwr, Gll^Fet, Gll^Ftr, Gll^Fet, Gll^Ftr, Gll^Fet, Gll^Fet
Gll^Fet, Gll^Fet, Gll^Fet, Ss, Gll^Ftr, Gll^Ftr, Gll^Ftr, Gll^Ftr, Gll^Ftr, Gll^Fet, Gll^Fet, Gll^Fet, Gll^Fet, Gll^Ftr, Iwr, Iwr, Iwr, Iwr, Gll^Ftr, Gll^Fet, Gll^Fet, Gll^Fet, Gll^Ftr, Gll^Ftr, Gll^Ftr, Gll^Ftr
Gll^Fet, Gll^Fet, Gll^Fet, Ss, Gll^Ftr, Gll^Fet, Gll^Fet, Gll^Fet, Gll^Fet, Gll^Fet, Gll^Ftr, Gll^Ftr, Gll^Fet, Iwr, Ce, Ce, Iwr, Iwr, Gll^Fet, Gll^Ftr, Gll^Fet, Gll^Ftr, Gll^Ftr, Gll^Ftr, Gll^Ftr, Gll^Ftr
Gll^Fet, Gll^Fet, Gll^Fet, Ss, Gll^Fet, Gll^Ftr, Gll^Fet, Gll^Fet, Iwr^Vht, Iwr, Iwr, Iwr, Iwr, Iwr, Iwr, 1 Iwr, Iwr, Iwr, Gll^Fet, Gll^Fet, Gll^Fet, Gll^Fet, Gll^Ftr, Gll^Fet, Gll^Fet, Gll^Fet
Gll^Fet, Gll^Fet, Gll^Ftr, Ss, Gll^Fet, Gll^Ftr, Gll^Fet, Gll^Fet, Gll^Fet, Gll^Fet, Gll^Fet, Gll^Fet, Gll^Fet, Iwr, Iwr, Iwr, Iwr, Iwr, Gll^Fet, Gll^Fet, Gll^Fet, Gll^Fet, Gll^Ftr, Gll^Ftr, Gll^Fet, Gll^Fet
Gll^Fet, Gll^Fet, Ss, Ss, Gll^Fet, Gll^Fet, Gll^Fet, Gll^Fet, Gll^Ftr, Gll^Fet, Gll^Fet, Gll^Fet, Gll^Fet, Gll^Ftr, Gll^Fet, Iwr, Gll^Fet, Iwr, Iwr, Gll^Ftr, Gll^Fet, Gll^Fet, Gll^Fet, Gll^Ftr, Gll^Fet, Gll^Fet
Gll^Fet, Gll^Fet, Ss, Gll^Fet, Gll^Fet, Gll^Fet, Gll^Fet, Gll^Fet, Gll^Ftr, Gll^Fet, Gll^Fet, Gll^Ftr, Gll^Ftr, Gll^Fet, Gll^Ftr, Gll^Fet, Gll^Ftr, Gll^Fet, Iwr, Gll^Fet, Gll^Fet, Gll^Fet, Gll^Fet, Gll^Ftr, Gll^Ftr, Gll^Ftr
Gll^Ftr, Gll^Ftr, Ss, Gll^Fet, Gll^Fet, Gll^Fet, Gll^Fet, Gll^Fet, Gll^Ftr, Gll^Ftr, Gll^Fet, Gll^Fet, Gll^Fet, Gll^Ftr, Gll^Fet, Gll^Fet, Gll^Fet, Iwr^Vht, Gll^Ftr, Iwr, Iwr, Gll^Ftr, Gll^Fet, Gll^Ftr, Gll^Fet, Gll^Fet
Gll^Fet, Gll^Fet, Ss, Gll^Fet, Gll^Fet, Gll^Fet, Gll^Fet, Gll^Fet, Gll^Fet, Gll^Fet, Gll^Fet, Gll^Fet, Gll^Fet, Gll^Fet, Gll^Ftr, Gll^Fet, Gll^Fet, Gll^Ftr, Gll^Fet, Gll^Ftr, Iwr, Gll^Fet, Gll^Fet, Gll^Fet, Gll^Fet, Gll^Fet
Gll^Ftr, Gll^Ftr, Ss, Gll^Fet, Gll^Fet, Gll^Fet, Gll^Fet, Gll^Fet, Gll^Fet, Gll^Fet, Gll^Fet, Gll^Fet, Gll^Ftr, Gll^Fet, Gll^Ftr, Gll^Ftr, Gll^Fet, Gll^Fet, Gll^Ftr, Gll^Ftr, Gll^Fet, Iwr^Vht, Gll^Ftr, Gll^Fet, Gll^Fet, Gll^Fet
Ss, Ss, Gll^Fet, Gll^Fet, Gll^Ftr, Gll^Fet, Gll^Ftr, Gll^Ftr, Gll^Fet, Gll^Fet, Gll^Ftr, Gll^Fet, Gll^Fet, Gll^Ftr, Gll^Fet, Gll^Fet, Gll^Fet, Gll^Ftr, Gll^Fet, Gll^Ftr, Gll^Fet, Gll^Ftr, Gll^Fet, Gll^Ftr, Gll^Ftr, Gll^Ftr
Ss, Ss, Gll^Fet, Gll^Fet, Gll^Fet, Gll^Fet, Gll^Fet, Gll^Fet, Gll^Fet, Gll^Fet, Gll^Fet, Gll^Fet, Gll^Ftr, Gll^Ftr, Gll^Fet, Gll^Ftr, Gll^Fet, Gll^Fet, Gll^Fet, Gll^Fet, Gll^Ftr, Gll^Ftr, Gll^Fet, Gll^Fet, Gll^Ftr, Gll^Ftr
Ss, Ss, Gll^Fet, Gll^Fet, Gll^Fet, Gll^Fet, Gll^Ftr, Gll^Ftr, Gll^Fet, Gll^Fet, Gll^Fet, Gll^Fet, Gll^Fet, Gll^Fet, Gll^Fet, Gll^Fet, Gll^Fet, Gll^Fet, Gll^Fet, Gll^Fet, Gll^Fet, Gll^Fet, Gll^Ftr, Gll^Fet, Gll^Fet, Gll^Fet
Ss, Ss, Gll^Fet, Gll^Fet, Gll^Fet, Gll^Fet, Gll^Ftr, Gll^Ftr, Gll^Fet, Gll^Fet, Gll^Fet, Gll^Fet, Gll^Fet, Gll^Fet, Gll^Fet, Gll^Fet, Gll^Fet, Gll^Fet, Gll^Fet, Gll^Fet, Gll^Fet, Gll^Fet, Gll^Ftr, Gll^Fet, Gll^Fet, Gll^Fet
