Hh, Hh, Hh, Hh, Mm, Hh, Hh, Hhd, Hhd, Hh, Hh, Hh, Mm, Hhd, Hhd, Hh, Hhd, Hh, Hh, Mm, Hh, Hhd, Hhd, Hhd, Hhd, Hh, Hh, Hh, Hh, Hh
Hh, Hh, Hh, Hh, Mm, Hh, Hh, Hhd, Hhd, Hh, Hh, Hh, Mm, Hhd, Hhd, Hh, Hhd, Hh, Hh, Mm, Hh, Hhd, Hhd, Hhd, Hhd, Hh, Hh, Hh, Hh, Hh
Hh, Hh, Mm, Hh, Hh, Hh, Hhd, Mm, Mm, Hh, Hh, Hh, Hh, Hh, Hh, Hh, Hhd, Hh, Hh, Hh, Hh, Hh, Hh, Hh, Hh, Hh, Hh, Hh, Hh, Hh
Hh, Hh, Hhd, Hhd, Hhd, Hh, Hh, Hh, Hh, Mm, Hh, Hh, Hh, Hhd, Hh, Hhd, Mm, Hh, Hh, Mm, Hh, Hh, Hhd, Hh, Hh, Hh, Hh, Hh, Hh, Hh
Hh, Hh, Hhd, Hh, Hh, Hh, Hh, Hh, Hh, Hh^Vhh, Hh, Hh, Mm, Hhd, Hhd, Hhd, Hh, Hh, Hh, Hh, Hh, Hh, Hh, Hh, Hh, Hh, Hh, Mm, Hh, Hh
Hhd, Hhd, Hh, Hh, Hhd, Hh, Hh, Hhd, Hh, Hh, Mm, Hh, Hhd, Hh, Mm, Mm, Hh, Hh, Xos, Isr, Isr, Isr, Isr, Isr, Isr, Isr, Isr, Isr, Mm, Mm
Mm, Mm, Hh, Hh, Mm, Mm, Hh, Mm, Hhd, Hh, Hh, Mm, Hh, Hh^Vhh, Mm, Hh, Hh, Hh, Xos, Isr, Isr, Isr, Isr^Vhc, Isr, Isr, Isr, Isr, Isr, Hh, Hh
Hh, Hh, Hh, Hh, Hh, Hh, Hh, Hh, Hhd, Hh, Hh, Mm, Hhd, Hh, Hh, Hh, Mm, Mm, Isr, Isr, Isr, Isr, Isr, Isr, Isr, Isr, Isr, Isr, Mm, Mm
Hh, Hh, Re, Re, Re, Hh, Re, Hhd, Re, Mm, Hh, Hhd, Hhd, Hh, Mm, Hh, Mm, Hhd, Xos, Isr, Isr, Isr, Isr, Isr, Isr, Isr, Isr, Isr, Hh, Hh
Re, Re, Ce, Ce, Ce, Re, Re, Re, Re, Re, Re, Mm, Re, Hh, Hh, Hh, Re, Hhd, Xos, Isr, Ch, Ch, Ch, Isr, Isr, Isr, Isr, Isr, Hh, Hh
Re, Re, Ce, 2 Ke, Ce, Re, Re, Re, Re, Re, Re, Re, Re, Re, Re, Re, Re, Re, Isr, Isr, Ch, 1 Kh, Ch, Isr, Isr, Isr^Vhc, Isr, Isr, Hhd, Hhd
Re, Re, Re, Re, Re, Re, Hh, Re, Hhd, Re, Re, Re, Re, Re, Re, Re, Re, Re, Xos, Isr, Isr, Isr, Isr, Isr, Isr, Isr, Isr, Isr, Hh, Hh
Hh, Hh, Hhd, Re, Hh, Hh, Hhd, Mm, Mm, Mm, Hh, Re, Hhd, Re, Re, Re, Hh, Re, Xos, Isr, Isr, Isr, Isr, Isr, Isr, Isr, Isr, Isr, Hh, Hh
Mm, Mm, Mm, Hh, Mm, Mm, Hh, Hhd, Hh, Hhd, Hh, Hh, Hh, Hh, Hh, Hh, Hh, Hhd, Isr, Isr, Isr, Isr, Isr, Isr, Isr, Isr, Isr, Isr, Hh, Hh
Mm, Mm, Hh, Hh, Hh, Hh, Hh, Mm, Hhd, Hh, Hhd, Hhd, Mm, Hh, Mm, Hh, Mm, Hh, Xos, Isr, Isr, Isr, Isr^Vhc, Isr, Isr, Isr, Isr, Isr, Hh, Hh
Hh, Hh, Hh, Hh, Hh, Hh, Hh, Hh, Mm, Hh, Hhd, Hh, Hh, Hh, Hhd, Mm, Mm, Hh, Xos, Isr, Isr, Isr, Isr, Isr, Isr, Isr, Isr, Isr, Hhd, Hhd
Hhd, Hhd, Hh, Hh, Hhd, Hh, Hh, Hhd, Hh^Vhh, Mm, Hh, Hhd, Hh, Hh, Hhd, Hh, Hh, Hh, Mm, Hh, Hhd, Mm, Hh, Mm, Hh, Mm, Hh, Mm, Hh, Hh
Hhd, Hhd, Mm, Hh, Hh, Mm, Hh, Mm, Hh, Hh, Hh, Hh, Hh, Hhd, Hhd, Hhd, Hh, Hh, Hhd, Hhd, Hh, Hh, Hh, Hh, Hh, Hhd, Hhd, Hh, Hh, Hh
Hh, Hh, Hh, Hh, Hh, Hh, Hh, Hh, Hh, Hh, Hh, Hh, Hh, Hh, Hh, Hh, Mm, Hh, Hhd, Mm, Hh, Hh, Hh, Hh, Hh, Hh, Hh, Mm, Hh, Hh
Hh, Hh, Mm, Hh, Mm, Hhd, Hh, Mm, Hh, Hh, Hh, Hhd, Hh, Hh, Mm, Hh, Hh, Hhd, Hh, Mm, Hh, Hh, Hhd, Hh, Hh, Hh, Mm, Hh, Hh, Hh
Hh, Hh, Mm, Hh, Hh, Hh, Hhd, Hh, Hh, Mm, Hh, Hh, Hhd, Hhd, Hh, Hh, Hh, Hh, Hh, Hh, Hh, Hhd, Mm, Mm, Mm, Hhd, Hh, Mm, Mm, Mm
Hh, Hh, Mm, Hh, Hh, Hh, Hhd, Hh, Hh, Mm, Hh, Hh, Hhd, Hhd, Hh, Hh, Hh, Hh, Hh, Hh, Hh, Hhd, Mm, Mm, Mm, Hhd, Hh, Mm, Mm, Mm
