Hh^Fds, Hh^Fds, Gg^Fds, Gg^Fds, Gg, Gg^Fds, Gg^Fds, Gg, Gg, Gg^Fds, Gg^Fds, Gg, Gg^Fds, Ww, Ww, Ww, Gg, Gg, Gg^Fds, Gg^Fds, Gg, Gg^Fds, Gg, Gg^Fds, Gg^Fds, Gg, Gg^Fds, Gg^Fds, Gg, Gg
Hh^Fds, Hh^Fds, Gg^Fds, Gg^Fds, Gg, Gg^Fds, Gg^Fds, Gg, Gg, Gg^Fds, Gg^Fds, Gg, Gg^Fds, Ww, Ww, Ww, Gg, Gg, Gg^Fds, Gg^Fds, Gg, Gg^Fds, Gg, Gg^Fds, Gg^Fds, Gg, Gg^Fds, Gg^Fds, Gg, Gg
Gg^Fds, Gg^Fds, Gg^Fds, Gg^Fds, Gg^Fds, Gg^Fds, Gg^Fds, Gg^Fds, Gg, Gg, Gg, Gg^Fds, Gg^Fds, Ww, Ww, Ww, Gg^Fds, Hh^Fds, Gg, Gg^Fds, Gg^Fds, Gg^Fds, Gg^Fds, Gg, Gg^Fds, Gg^Fds, Gg^Fds, Gg^Fds, Gg, Gg
Gg, Gg, Gg^Fds, Gg, Gg^Fds, Gg, Gg, Gg^Fds, Gg^Fds, Gg, Gg^Fds, Gg^Fds, Ww, Ww, Ww, Ww, Gg^Fds, Gg^Fds, Gg, Gg^Fds, Gg, Gg^Fds, Gg^Fds, Gg^Fds, Gg, Gg^Fds, Gg, Gg, Gg, Gg
Gg^Fds, Gg^Fds, Hh^Fds, Gg, Gg^Fds, Gg^Fds, Gg^Fds, Gg^Fds, Gg^Fds, Gg^Fds, Gg^Fds, Hh^Fds, Ww, Ww, Ww, Ww, Gg, Gg^Fds, Gg^Fds, Gg, Gg^Fds, Gg^Fds, Gg, Gg, Gg^Fds, Gg, Gg^Fds, Hh^Fds, Gg^Fds, Gg^Fds
Gg^Fds, Gg^Fds, Gg, Gg^Fds, Gg, Gg^Fds, Gg^Fds, Gg, Gg^Fds, Gg^Fds, Gg^Fds, Hh^Fds, Ww, Ww, Ww, Gg^Fds, Gg, Gg^Fds, Gg, Gg^Fds, Gg^Fds, Gg^Fds, Gg^Fds, Gg^Fds, Hh^Fds, Gg, Gg, Gg, Gg^Fds, Gg^Fds
Gg, Gg, Gg^Fds, Gg^Fds, Gg^Fds, Gg^Fds, Gg^Fds, Gg^Fds, Gg^Fds, Gg, Gg^Fds, Gg^Fds, Ww, Wwf, Ww, Gg^Fds, Gg^Fds, Gg^Fds, Gg^Fds, Gg^Fds, Gg^Fds, Gg, Gg, Gg^Fds, Gg^Fds, Gg^Fds, Gg, Gg^Fds, Gg^Fds, Gg^Fds
Gg^Fds, Gg^Fds, Gg, Gg, Gg^Fds, Gg^Fds, Gg^Fds, Gg^Fds, Gg^Fds, Gg^Fds, Gg^Fds, Gg^Fds, Ww, Ww, Ww, Ww, Gg^Fds, Gg, Gg, Gg^Fds, Gg^Fds, Gg^Fds, Gg^Fds, Gg, Gg, Gg, Gg, Gg^Fds, Gg^Fds, Gg^Fds
Gg^Fds, Gg^Fds, Gg^Fds, Gg^Fds, Gg, Gg, Hh^Fds, Gg, Gg^Fds, Gg^Fds, Gg^Fds, Gg^Fds, Gg^Fds, Ww, Ww, Ww, Gg^Fds, Gg^Fds, Gg^Fds, Hh^Fds, Gg^Fds, Gg, Gg^Fds, Gg, Gg, Gg, Gg, Gg, Gg^Fds, Gg^Fds
Gg^Fds, Gg^Fds, Gg^Fds, Gg, 1 Gg^Vh, Gg, Gg^Fds, Gg^Fds, Gg^Fds, Gg^Fds, Gg^Fds, Gg^Fds, Gg^Fds, Ww, Ww, Ww, Gg^Fds, Gg, Gg^Fds, Gg^Fds, Gg^Fds, Hh^Fds, Gg^Fds, Gg, Gg, Gg, Qsk, Gg, Gg^Fds, Gg^Fds
Gg^Fds, Gg^Fds, Gg^Fds, Gg, Gg, Gg, Gg^Fds, Gg, Gg^Fds, Gg^Fds, Gg^Fds, Gg, Gg^Fds, Ww, Ww, Ww, Ww, Gg, Gg, Gg^Fds, Gg^Fds, Gg^Fds, Gg^Fds, Gg, Gg, Gg, Gg, Gg, Gg^Fds, Gg^Fds
Gg^Fds, Gg^Fds, Gg^Fds, Gg^Fds, Hh^Fds, Gg^Fds, Gg^Fds, Gg, Gg, Gg^Fds, Gg^Fds, Gg^Fds, Gg^Fds, Ww, Ww, Ww, Ww, Gg^Fds, Gg^Fds, Gg^Fds, Gg^Fds, Gg^Fds, Gg, Gg^Fds, Hh^Fds, Gg, Gg^Fds, Gg^Fds, Gg^Fds, Gg^Fds
Gg^Fds, Gg^Fds, Gg^Fds, Gg^Fds, Gg^Fds, Gg^Fds, Gg^Fds, Gg^Fds, Gg^Fds, Gg^Fds, Gg^Fds, Gg^Fds, Gg^Fds, Gg^Fds, Ww, Ww^Bsb|, Ww, Gg^Fds, Gg^Fds, Gg, Gg, Gg^Fds, Gg^Fds, Gg^Fds, Gg^Fds, Gg^Fds, Gg^Fds, Gg, Gg^Fds, Gg^Fds
Gg^Fds, Gg^Fds, Gg^Fds, Gg^Fds, Gg^Fds, Gg, Gg^Fds, Gg, Gg^Fds, Gg^Fds, Gg, Gg^Fds, Gg, Gg, Ww, Ww, Ww, Gg^Fds, Hh^Fds, Gg^Fds, Gg^Fds, Gg^Fds, Gg^Fds, Gg, Gg, Gg^Fds, Gg^Fds, Gg^Fds, Gg, Gg
Hh^Fds, Hh^Fds, Gg^Fds, Hh^Fds, Hh^Fds, Gg, Gg^Fds, Gg^Fds, Gg^Fds, Gg, Gg^Fds, Gg^Fds, Gg^Fds, Gg^Fds, Ww, Ww, Ww, Gg^Fds, Gg, Gg, Gg^Fds, Gg^Fds, Hh^Fds, Hh^Fds, Gg, Hh^Fds, Gg^Fds, Gg^Fds, Gg, Gg
Gg^Fds, Gg^Fds, Gg^Fds, Gg^Fds, Gg^Fds, Gg^Fds, Gg^Fds, Gg^Fds, Gg^Fds, Gg, Gg^Fds, Gg^Fds, Gg^Fds, Ww, Ww, Ww, Ww, Gg^Fds, Gg^Fds, Gg^Fds, Gg^Fds, Gg^Fds, Gg^Fds, Gg, Gg^Fds, Gg, Gg^Fds, Gg^Fds, Gg, Gg
Gg^Fds, Gg^Fds, Gg, Gg^Fds, Hh^Fds, Hh^Fds, Gg^Fds, Gg^Fds, Gg^Fds, Gg, Gg^Fds, Gg^Fds, Gg^Fds, Ww, Ww, Ww, Gg^Fds, Gg, Gg^Fds, Gg^Fds, Gg^Fds, Gg^Fds, Gg, Gg, Gg^Fds, Gg, Gg^Fds, Gg, Gg^Fds, Gg^Fds
Gg^Fds, Gg^Fds, Gg^Fds, Gg^Fds, Gg^Fds, Gg^Fds, Gg^Fds, Gg, Gg^Fds, Gg, Gg^Fds, Gg^Fds, Gg^Fds, Ww, Ww, Ww, Gg^Fds, Gg, Gg^Fds, Gg^Fds, Gg^Fds, Gg^Fds, Gg^Fds, Gg^Fds, Gg^Fds, Gg^Fds, Gg^Fds, Gg^Fds, Gg^Fds, Gg^Fds
Gg^Fds, Gg^Fds, Gg^Fds, Gg^Fds, Gg, Gg^Fds, Gg^Fds, Gg^Fds, Gg^Fds, Gg^Fds, Gg^Fds, Gg^Fds, Gg^Fds, Ww, Ww, Ww, Gg^Fds, Gg^Fds, Gg^Fds, Gg^Fds, Gg^Fds, Gg^Fds, Gg^Fds, Gg^Fds, Gg^Fds, Gg^Fds, Gg^Fds, Gg, Gg^Fds, Gg^Fds
Gg^Fds, Gg^Fds, Gg^Fds, Gg^Fds, Gg, Gg^Fds, Gg^Fds, Gg^Fds, Gg^Fds, Gg^Fds, Gg^Fds, Gg^Fds, Gg^Fds, Ww, Ww, Ww, Gg^Fds, Gg^Fds, Gg^Fds, Gg^Fds, Gg^Fds, Gg^Fds, Gg^Fds, Gg^Fds, Gg^Fds, Gg^Fds, Gg^Fds, Gg, Gg^Fds, Gg^Fds
