Ss, Ss, Gll^Fsw, Gll^Fsw, Gll^Fsw, Gll^Fsw, Gll^Fsw, Gll^Fsw, Gll^Fsw, Gll^Fsw, Gll^Fsw, Gll^Fsw, Gll^Fsw, Gll^Fsw, Gll^Fsw, Gll^Fsw, Gll^Fsw, Gll^Fsw, Gll^Fsw, Gll^Fsw, Gll^Fsw, Gll^Fsw, Gll^Fsw, Gll^Fsw, Gll^Fsw, Gll^Fsw, Ss, Ss
Ss, Ss, Gll^Fsw, Gll^Fsw, Gll^Fsw, Gll^Fsw, Gll^Fsw, Gll^Fsw, Gll^Fsw, Gll^Fsw, Gll^Fsw, Gll^Fsw, Gll^Fsw, Gll^Fsw, Gll^Fsw, Gll^Fsw, Gll^Fsw, Gll^Fsw, Gll^Fsw, Gll^Fsw, Gll^Fsw, Gll^Fsw, Gll^Fsw, Gll^Fsw, Gll^Fsw, Gll^Fsw, Ss, Ss
Ss, Ss, Ss, Gll^Fsw, Gll^Fsw, Gll^Fsw, Gll^Fsw, Gll^Fsw, Gll^Fsw, Gll^Fsw, Gll^Fsw, Gll^Fsw, Gll^Fsw, Gll^Fsw, Gll^Fsw, Gll^Fsw, Gll^Fsw, Gll^Fsw, Gll^Fsw, Gll^Fsw, Gll^Fsw, Gll^Fsw, Gll^Fsw, Gll^Fsw, Gll^Fsw, Gll^Fsw, Ss, Ss
Gll^Fsw, Gll^Fsw, Ss, Gll^Fsw, Ss^Fsw, Gll^Fsw, Gll^Fsw, Gll^Fsw, Gll^Fsw, Gll^Fsw, Gll^Fsw, Gll^Fsw, Gll^Fsw, Gll^Fsw, Gll^Fsw, Gll^Fsw, Gll^Fsw, Gll^Fsw, Ss^Fsw, Gll^Fsw, Gll^Fsw, Gll^Fsw, Gll^Fsw, Ss^Fsw, Gll^Fsw, Ss, Gll^Fsw, Gll^Fsw
Gll^Fsw, Gll^Fsw, Ss, Gll^Fsw, Gll^Fsw, Gll^Fsw, Ss^Fsw, Gll^Fsw, Gll^Fsw, Gll^Fsw, Gll^Fsw, Gll^Fsw, Gll^Fsw, Gll^Fsw, Gll^Fsw, Gll^Fsw, Gll^Fsw, Gll^Fsw, Gll^Fsw, Gll^Fsw, Iwr^Vsw, Gll^Fsw, Gll^Fsw, Gll^Fsw, Gll^Fsw, Ss, Gll^Fsw, Gll^Fsw
Gll^Fsw, Gll^Fsw, Ss, Gll^Fsw, Gll^Fsw, Iwr^Vsw, Iwr, Gll^Fsw, Gll^Fsw, Gll^Fsw, Gll^Fsw, Gll^Fsw, Gll^Fsw, Gll^Fsw, Gll^Fsw, Gll^Fsw, Gll^Fsw, Gll^Fsw, Iwr, Iwr, Gll^Fsw, Gll^Fsw, Gll^Fsw, Gll^Fsw, Ss, Ss, Gll^Fsw, Gll^Fsw
Gll^Fsw, Gll^Fsw, Gll^Fsw, Ss, Gll^Fsw, Gll^Fsw, Gll^Fsw, Iwr, Gll^Fsw, Gll^Fsw, Gll^Fsw, Gll^Fsw, Gll^Fsw, Gll^Fsw, Gll^Fsw, Gll^Fsw, Gll^Fsw, Gll^Fsw, Iwr, Gll^Fsw, Gll^Fsw, Gll^Fsw, Gll^Fsw, Gll^Fsw, Ss, Gll^Fsw, Gll^Fsw, Gll^Fsw
Gll^Fsw, Gll^Fsw, Gll^Fsw, Ss, Gll^Fsw, Gll^Fsw, Gll^Fsw, Iwr, Iwr, Gll^Fsw, Gll^Fsw, Gll^Fsw, Gll^Fsw, Gll^Fsw, Gll^Fsw, Gll^Fsw, Iwr, Iwr, Gll^Fsw, Gll^Fsw, Gll^Fsw, Gll^Fsw, Gll^Fsw, Ss^Fsw, Ss, Gll^Fsw, Gll^Fsw, Gll^Fsw
Gll^Fsw, Gll^Fsw, Gll^Fsw, Ss, Ss, Gll^Fsw, Gll^Fsw, Gll^Fsw, Gll^Fsw, Iwr^Vsw, Iwr, Gll^Fsw, Iwr, Gll^Fsw, Iwr, Iwr, Iwr^Vsw, Gll^Fsw, Ss^Fsw, Gll^Fsw, Ss^Fsw, Gll^Fsw, Gll^Fsw, Ss, Gll^Fsw, Gll^Fsw, Gll^Fsw, Gll^Fsw
Gll^Fsw, Gll^Fsw, Gll^Fsw, Gll^Fsw, Ss, Gll^Fsw, Gll^Fsw, Gll^Fsw, Gll^Fsw, Gll^Fsw, Iwr, Iwr, Qcp, Iwr, Iwr, Gll^Fsw, Gll^Fsw, Gll^Fsw, Ss^Fsw, Gll^Fsw, Gll^Fsw, Gll^Fsw, Gll^Fsw, Ss, Gll^Fsw, Gll^Fsw, Gll^Fsw, Gll^Fsw
Gll^Fsw, Gll^Fsw, Gll^Fsw, Gll^Fsw, Ss, Gll^Fsw, Gll^Fsw, Gll^Fsw, Gll^Fsw, Gll^Fsw, Iwr, Iwr, 1 Iwr, Iwr, Iwr, Gll^Fsw, Gll^Fsw, Gll^Fsw, Gll^Fsw, Gll^Fsw, Ss^Fsw, Gll^Fsw, Gll^Fsw, Ss, Iwr^Vsw, Gll^Fsw, Gll^Fsw, Gll^Fsw
Gll^Fsw, Gll^Fsw, Gll^Fsw, Iwr^Vsw, Ss, Gll^Fsw, Gll^Fsw, Gll^Fsw, Gll^Fsw, Gll^Fsw, Iwr, Iwr, Iwr, Iwr, Iwr, Gll^Fsw, Gll^Fsw, Gll^Fsw, Gll^Fsw, Gll^Fsw, Gll^Fsw, Gll^Fsw, Gll^Fsw, Ss, Ss, Gll^Fsw, Gll^Fsw, Gll^Fsw
Gll^Fsw, Gll^Fsw, Gll^Fsw, Gll^Fsw, Ss, Gll^Fsw, Gll^Fsw, Gll^Fsw, Gll^Fsw, Gll^Fsw, Iwr, Iwr, Iwr, Iwr, Gll^Fsw, Iwr, Iwr, Gll^Fsw, Gll^Fsw, Gll^Fsw, Gll^Fsw, Gll^Fsw, Gll^Fsw, Gll^Fsw, Ss, Gll^Fsw, Gll^Fsw, Gll^Fsw
Gll^Fsw, Gll^Fsw, Gll^Fsw, Ss, Gll^Fsw, Gll^Fsw, Gll^Fsw, Gll^Fsw, Gll^Fsw, Iwr, Gll^Fsw, Gll^Fsw, Gll^Fsw, Gll^Fsw, Iwr^Vsw, Gll^Fsw, Gll^Fsw, Iwr, Iwr, Ss^Fsw, Gll^Fsw, Gll^Fsw, Gll^Fsw, Ss^Fsw, Ss, Gll^Fsw, Gll^Fsw, Gll^Fsw
Gll^Fsw, Gll^Fsw, Gll^Fsw, Ss, Gll^Fsw, Gll^Fsw, Gll^Fsw, Gll^Fsw, Iwr, Iwr, Gll^Fsw, Gll^Fsw, Gll^Fsw, Gll^Fsw, Gll^Fsw, Gll^Fsw, Gll^Fsw, Gll^Fsw, Gll^Fsw, Iwr, Iwr, Gll^Fsw, Gll^Fsw, Gll^Fsw, Ss, Gll^Fsw, Gll^Fsw, Gll^Fsw
Gll^Fsw, Gll^Fsw, Gll^Fsw, Ss, Gll^Fsw, Gll^Fsw, Gll^Fsw, Iwr, Gll^Fsw, Ss^Fsw, Gll^Fsw, Gll^Fsw, Gll^Fsw, Gll^Fsw, Gll^Fsw, Gll^Fsw, Gll^Fsw, Gll^Fsw, Gll^Fsw, Gll^Fsw, Ss^Fsw, Iwr^Vsw, Gll^Fsw, Gll^Fsw, Ss^Fsw, Ss, Gll^Fsw, Gll^Fsw
Gll^Fsw, Gll^Fsw, Gll^Fsw, Ss, Gll^Fsw, Gll^Fsw, Iwr^Vsw, Iwr, Gll^Fsw, Gll^Fsw, Gll^Fsw, Gll^Fsw, Gll^Fsw, Gll^Fsw, Gll^Fsw, Gll^Fsw, Gll^Fsw, Gll^Fsw, Gll^Fsw, Gll^Fsw, Gll^Fsw, Gll^Fsw, Gll^Fsw, Gll^Fsw, Gll^Fsw, Ss, Ss^Fsw, Ss^Fsw
Gll^Fsw, Gll^Fsw, Gll^Fsw, Ss, Gll^Fsw, Gll^Fsw, Gll^Fsw, Gll^Fsw, Gll^Fsw, Gll^Fsw, Gll^Fsw, Gll^Fsw, Gll^Fsw, Gll^Fsw, Gll^Fsw, Gll^Fsw, Gll^Fsw, Gll^Fsw, Gll^Fsw, Gll^Fsw, Gll^Fsw, Gll^Fsw, Gll^Fsw, Gll^Fsw, Gll^Fsw, Ss, Gll^Fsw, Gll^Fsw
Gll^Fsw, Gll^Fsw, Ss, Ss, Gll^Fsw, Gll^Fsw, Gll^Fsw, Gll^Fsw, Gll^Fsw, Gll^Fsw, Gll^Fsw, Gll^Fsw, Gll^Fsw, Gll^Fsw, Gll^Fsw, Gll^Fsw, Gll^Fsw, Ss^Fsw, Ss^Fsw, Gll^Fsw, Ss^Fsw, Gll^Fsw, Gll^Fsw, Gll^Fsw, Gll^Fsw, Ss, Ss, Ss
Gll^Fsw, Gll^Fsw, Ss, Gll^Fsw, Ss^Fsw, Gll^Fsw, Gll^Fsw, Gll^Fsw, Gll^Fsw, Ss^Fsw, Gll^Fsw, Gll^Fsw, Gll^Fsw, Gll^Fsw, Gll^Fsw, Gll^Fsw, Gll^Fsw, Gll^Fsw, Gll^Fsw, Gll^Fsw, Gll^Fsw, Gll^Fsw, Gll^Fsw, Gll^Fsw, Gll^Fsw, Gll^Fsw, Ss, Ss
Gll^Fsw, Gll^Fsw, Ss, Gll^Fsw, Gll^Fsw, Gll^Fsw, Gll^Fsw, Gll^Fsw, Gll^Fsw, Gll^Fsw, Gll^Fsw, Gll^Fsw, Gll^Fsw, Gll^Fsw, Gll^Fsw, Gll^Fsw, Gll^Fsw, Gll^Fsw, Gll^Fsw, Gll^Fsw, Gll^Fsw, Gll^Fsw, Gll^Fsw, Gll^Fsw, Gll^Fsw, Gll^Fsw, Ss, Ss
Gll^Fsw, Gll^Fsw, Ss, Gll^Fsw, Gll^Fsw, Gll^Fsw, Gll^Fsw, Gll^Fsw, Gll^Fsw, Gll^Fsw, Gll^Fsw, Gll^Fsw, Gll^Fsw, Gll^Fsw, Gll^Fsw, Gll^Fsw, Gll^Fsw, Gll^Fsw, Gll^Fsw, Gll^Fsw, Gll^Fsw, Gll^Fsw, Gll^Fsw, Gll^Fsw, Gll^Fsw, Gll^Fsw, Ss, Ss
