Dd, Dd, Dd, Dd, Dd, Dd, Hd, Hd, Hhd, Dd, Dd, Dd, Hd, Dd, Dd, Dd, Dd, Dd, Dd, Dd, Dd, Mm, Dd, Mm, Mm, Hhd, Hd, Hd, Dd, Dd
Dd, Dd, Dd, Dd, Dd, Dd, Hd, Hd, Hhd, Dd, Dd, Dd, Hd, Dd, Dd, Dd, Dd, Dd, Dd, Dd, Dd, Mm, Dd, Mm, Mm, Hhd, Hd, Hd, Dd, Dd
Dd, Dd, Dd, Hhd, Dd, Hhd, Dd, Hhd, Hhd, Hhd, Dd, Hd, Hd, Hd, Hd, Dd, Dd, Hd, Hhd, Dd, Dd, Dd, Dd, Dd, Dd, Mm, Dd, Dd, Hd, Hd
Dd, Dd, Mm, Dd, Hhd, Hhd, Hhd, Hhd, Hhd, Hhd, Dd, Dd, Hhd, Dd, Dd, Hd, Hd, Qib, Qib, Qib, Qib, Qid, Qib, Qib, Qib, Qib, Qib, Hd, Hd, Hd
Dd, Dd, Dd, Dd, Hhd, Hhd, Hhd, Dd, Dd, Dd, Dd, Hhd, Dd, Dd, Dd, Dd, Qib, Qid, Qid, Qid, Qid, Qid, Qid, Qid, Qid, Qid, Qid, Hd, Dd, Dd
Hhd, Hhd, Dd, Dd, Mm, Hhd, Hd, Dd, Hhd, Hhd, Mm, Hd, Dd, Dd, Dd, Dd, Qib, Qid, Qid^Vsp, Qid, Qid, Qid, Qid, Qid, Qid, Qid^Vsp, Qid, Hd, Hd, Hd
Mm, Mm, Hd, Dd, Hd, Hd, Mm, Dd, Dd, Dd, Dd, Hd, Hhd, Dd, Hd, Dd, Qib, Qid, Qid, Qid, Qid, Qid, Qid, Qid, Qid, Qid, Qid, Hhd, Dd, Dd
Dd, Dd, Dd, Hd, Dd, Dd, Dd, Dd, Mm, Mm, Dd, Hhd, Hhd, Hhd, Dd, Dd, Qid, Qid, Qid, Qid, Qid, Qid, Qid, Qid, Qid, Qid, Qid, Dd, Dd, Dd
Dd, Dd, Qcp, Qcp, Qcp, Hd, Hd, Dd, Hd, Dd, Hhd, Hhd, Hhd, Hhd, Dd, Dd, Qib, Qid, Qid, Qid, Qid, Qid, Qcb, Qcb, Qcb, Qid, Qid, Dd, Dd, Dd
Dd, Dd, Dd, 2 Qkp, Qcp, Hhd, Dd, Dd, Dd, Dd, Dd, Dd, Dd, Dd, Dd, Hd, Qib, Qid, Qid, Qid, Qid^Vsp, Qid, Qcb, 1 Qkb, Qcb, Qid, Qid, Dd, Dd, Dd
Dd, Dd, Dd, Dd, Dd, Dd, Dd, Hd, Dd, Hhd, Dd, Dd, Mm, Dd, Dd, Dd, Qib, Qid, Qid, Qid, Qid, Qid, Qid, Qid, Qid, Qid, Qid, Dd, Dd, Dd
Dd, Dd, Dd, Hd, Hhd, Dd, Dd, Hd, Hd, Hd, Dd, Dd, Hd, Hd, Dd, Dd, Qib, Qid, Qid, Qid, Qid, Qid, Qid, Qid, Qid, Qid, Qid, Dd, Hhd, Hhd
Hd, Hd, Dd, Dd, Dd, Hd, Dd, Dd, Hhd, Hhd, Hhd, Dd, Dd, Dd, Hhd, Dd, Qid, Qid, Qid, Qid, Qid, Qid, Qid, Qid, Qid, Qid, Qid, Dd, Dd, Dd
Hd, Hd, Dd, Dd, Dd, Dd, Hd, Hd, Hhd, Hhd, Hhd, Dd, Dd, Hhd, Mm, Dd, Qib, Qid, Qid, Qid, Qid, Qid, Qid, Qid, Qid, Qid, Qid, Hd, Dd, Dd
Dd, Dd, Dd, Dd, Hhd, Dd, Dd, Dd, Dd, Hhd, Dd, Dd, Dd, Dd, Dd, Dd, Qib, Qid, Qid^Vsp, Qid, Qid, Qid, Qid, Qid, Qid, Qid^Vsp, Qid, Hd, Dd, Dd
Hd, Hd, Dd, Hhd, Hhd, Hhd, Dd, Dd, Mm, Dd, Dd, Dd, Hhd, Hhd, Hhd, Dd, Qib, Qid, Qid, Qid, Qid, Qid, Qid, Qid, Qid, Qid, Qid, Dd, Hd, Hd
Hhd, Hhd, Hd, Hhd, Hhd, Hhd, Mm, Dd, Hd, Dd, Dd, Dd, Hhd, Hhd, Hhd, Dd, Dd, Qib, Qib, Qib, Qib, Qid, Qib, Qib, Qib, Qib, Qib, Dd, Dd, Dd
Dd, Dd, Dd, Dd, Dd, Dd, Dd, Dd, Dd, Dd, Dd, Dd, Dd, Hhd, Hd, Hd, Dd, Dd, Hhd, Dd, Mm, Hd, Dd, Dd, Hd, Dd, Dd, Dd, Dd, Dd
Dd, Dd, Dd, Hd, Dd, Dd, Dd, Hd, Hd, Dd, Dd, Mm, Dd, Dd, Dd, Dd, Dd, Hd, Dd, Hd, Dd, Dd, Dd, Hd, Dd, Dd, Hhd, Hd, Dd, Dd
Dd, Dd, Dd, Hd, Dd, Dd, Dd, Hd, Hd, Dd, Dd, Mm, Dd, Dd, Dd, Dd, Dd, Hd, Dd, Hd, Dd, Dd, Dd, Hd, Dd, Dd, Hhd, Hd, Dd, Dd
