Qrd, Qrd, Qrd, Qrd, Qrd, Qrd, Qrd, Qkp, Qcp, Qrd, Qrd, Qrd, Qrd, Qrd, Qrd, Qrd, Qrd, Qrd, Qrd, Qrd, Ww, Qrd, Qrd, Qrp, Qrp, Qrp, Qrp, Qrp
Qrd, Qrd, Qrd, Qrd, Qrd, Qrd, Qrd, 2 Qkp, Qcp, Qrd, Qrd, Qrd, Qrd, Qrd, Qrd, Qrd, Qrd, Qrd, Qrd, Qrd, Ww, Qrd, Qrd, Qrp, Qrp, Qrp, Qrp, Qrp
Qrd, Qrd, Qrd, Qwc, Qwc, Qwc, Qrd, Qrd, Qrd, Qwc, Qwc, Qwc, Qrd^Vsd, Qrd, Qrd, Qwc, Qwc, Qwc, Qrd, Qrd, Ww, Qrd, Qrd, Qrp, Qrp, Qsk, Qrp, Qrp
Qrd, Qrd, Qrd, Qwc, Qwc, Qwc, Qrd^Vsd, Qrd, Qrd, Qwc, Qwc, Qwc, Qrd, Qrd, Qrd, Qwc, Qwc, Qwc, Qrd, Ww^Bsb|, Ww, Qrd, Qrd, Qrp, Qrp, Qrp, Qrp, Qrp
Qrd, Qrd, Qrd, Qwc, Qwc, Qwc, Qrd, Qrd, Qrd, Qrd, Qrd, Qrd, Qrd, Qrd, Qrd, Qwc, Qwc, Qwc, Qrd, Ww, Qrd, Qrd, Qrd, Qrp, Qrp, Qrp, Qrp, Qrp
Qrd, Qrd, Qrd, Qrd, Qrd, Qrd, Qrd, Qrd, Qrd, Qrd, Qrd, Qrd, Qrd, Qrd, Qrd, Qrd, Qrd, Qrd, Qrd^Vsd, Ww, Qrd, Qrd, Qrd, Qrd, Qrd, Qrd, Qrd, Qrd
Qrd, Qrd, Qrd, Qrd, Qrd, Qrd, Qrd, Qrd, Qwc, Qwc, Qwc, Qrd, Qrd, Qrd, Qrd, Qrd, Qrd, Qrd, Qrd, Ww, Qwc, Qwc, Qwc, Qrd, Qrd, Qrd, Qrd, Qrd
Qrd, Qrd, Qrd, Qwc, Qwc, Qrd, Qrd, Qrd, Qwc, Qwc, Qwc, Qrd^Vsd, Qrd, Qrd, Qwc, Qwc, Qwc, Qrd, Qrd, Ww, Qwc, Qwc, Qwc, Qrd, Qrd, Qrd, Qrd, Qrd
Qrd, Qrd, Qrd, Qwc, Qwc, Qrd^Vsd, Qrd, Qrd, Qwc, Qwc, Qwc, Qrd, Qrp, Qrp, Qrp, Qwc, Qwc, Qrd, Qrd, Ww, Qwc, Qwc, Qwc, Qrd, Gg^Fds, Qrd, Qrd, Qrd
Qrd, Qrd, Qrd, Qwc, Qwc, Qrd, Qrd, Qrd, Qrd, Qrd, Qrd, Qrp, Qrp, Qrp, Qrp, Qrp, Qrd, Qrd, Qrd, Ww^Bsb|, Qrd, Qrd, Qrd, Gg^Fds, Gg^Fds, Gg^Fds, Qrd, Qrd
Qrd, Qrd, Qrd, Qrd, Qrd, Qrd, Gg^Fds, Gg^Fds, Gg^Fds, Qrd, Qrd, Qrp, Qrp, Qrp, Qrp, Qrp, Qrd, Qrd, Qrd, Ww, Qrd, Qrd, Qrd, Gg^Fds, Gg^Fds, Gg^Fds, Qrd, Qrd
Qrd, Qrd, Qrd, Qrd, Qrd, Qrd, Gg^Fds, Gg^Fds, Gg^Fds, Qrd, Qrd, Qrp, Qrp, Qrp, Qrp, Qrp, Qrd, Qrd, Qrd, Qrd, Qwc, Qwc, Qwc, Qrd, Qrd, Qrd, Qrd, Qrd
Qrd, Qrd, Qrd, Qrd, Qrd, Qrd, Qrd, Gg^Fds, Qrd, Qwc, Qwc, Qwc, Qrd, Qrp, Qrd, Qwc, Qwc, Qwc, Qrd^Vsd, Qrd, Qwc, Qwc, Qwc, Qrd^Vsd, Qrd, Qrd, Qrd, Qrd
Qrd, Qrd, Qrd, Qwc, Qwc, Qwc, Qrd, Qrd, Qrd, Qwc, Qwc, Qwc, Qrd^Vsd, Qrd, Qrd, Qwc, Qwc, Qwc, Gg^Fds, Gg^Fds, Gg^Fds, Qwc, Qwc, Qrd, Qrd, Qrd, Qrd, Qrd
Qrd, Qrd, Qrd, Qwc, Qwc, Qwc, Qrd^Vsd, Qrd, Qrd, Qwc, Qwc, Qwc, Qrd, Qrd, Qrd, Qrd, Qrd, Gg^Fds, Gg^Fds, Gg^Fds, Gg^Fds, Gg^Fds, Qrd, Qrd, Qrd, Qrd, Qrd, Qrd
Qrd, Qrd, Qcb, Qwc, Qwc, Qwc, Qrd, Qrd, Qrd, Qrd, Qrd, Qrd, Qrd, Qrd, Qrd, Qrd, Qrd, Gg^Fds, Gg^Fds, Gg^Fds, Gg^Fds, Gg^Fds, Qrd, Qrd, Qrd, Qrd, Qrd, Qrd
Qcb, Qcb, 1 Qkb, Qcb, Qrd, Qrd, Qrd, Qrd, Qrd, Qrd, Qrd, Qrd, Qrd, Qwc, Qwc, Qwc, Qwc, Gg^Fds, Gg^Fds, Gg^Fds, Gg^Fds, Gg^Fds, Qrd, Qrd, Qrd, Qrd, Qrd, Qrd
Qcb, Qcb, Qrd, Qcb, Qrd, Qrd, Qrd, Qrd, Qrd, Qrd, Qrd, Qrd, Qrd, Qwc, Qwc, Qwc, Qwc, Qrd, Qrd, Gg^Fds, Qrd, Qrd, Qrd, Qrd, Qrd, Qrd, Qrd, Qrd
Qrd, Qrd, Qrd, Qrd, Qrd, Qrd, Qrd, Qrd, Qrd, Qrd, Qrd, Qrd, Qrd, Qrd, Qrd, Qrd, Qrd, Qrd, Qrd, Qrd, Qrd, Qrd, Qrd, Qrd, Qrd, Qrd, Qrd, Qrd
Qrd, Qrd, Qrd, Qrd, Qrd, Qrd, Qrd, Qrd, Qrd, Qrd, Qrd, Qrd, Qrd, Qrd, Qrd, Qrd, Qrd, Qrd, Qrd, Qrd, Qrd, Qrd, Qrd, Qrd, Qrd, Qrd, Qrd, Qrd
