Gll^Fsm, Gll^Fsm, Gll^Fsm, Gll^Fsm, Gll^Fsm, Gll^Fsm, Gll^Fsm, Gll^Fsm, Gll^Fsm, Gll^Fsm, Gll^Fsm, Gll^Fsm, Gll^Fsm, Gll^Fsm, Gll^Fsm, Gll^Fsm, Gll^Fsm, Gll^Fsm, Gll^Fsm, Gll^Fsm, Gll^Fsm, Gll^Fsm, Gll^Fsm, Gll^Fsm, Gll^Fsm, Gll^Fsm
Gll^Fsm, Gll^Fsm, Gll^Fsm, Gll^Fsm, Gll^Fsm, Gll^Fsm, Gll^Fsm, Gll^Fsm, Gll^Fsm, Gll^Fsm, Gll^Fsm, Gll^Fsm, Gll^Fsm, Gll^Fsm, Gll^Fsm, Gll^Fsm, Gll^Fsm, Gll^Fsm, Gll^Fsm, Gll^Fsm, Gll^Fsm, Gll^Fsm, Gll^Fsm, Gll^Fsm, Gll^Fsm, Gll^Fsm
Gll^Fsm, Gll^Fsm, Gll^Fsm, Gll^Fsm, Gll^Fsm, Gll^Fsm, Gll^Fsm, Gll^Fsm, Gll^Fsm, Gll^Fsm, Gll^Fsm, Gll^Fsm, Gll^Fsm, Gll^Fsm, Gll^Fsm, Gll^Fsm, Gll^Fsm, Gll^Fsm, Gll^Fsm, Gll^Fsm, Gll^Fsm, Gll^Fsm, Gll^Fsm, Gll^Fsm, Gll^Fsm, Gll^Fsm
Gll^Fsm, Gll^Fsm, Gll^Fsm, Gll^Fsm, Qwt, Qwt, Qwt, Qwt, Qwt, Qwt, Qwt, Qwt, Re, Qwt, Qwt, Qwt, Qwt, Qwt, Qwt, Qwt, Gll^Fsm, Gll^Fsm, Gll^Fsm, Gll^Fsm, Gll^Fsm, Gll^Fsm
Gll^Fsm, Gll^Fsm, Gll^Fsm, Gll^Fsm, Qwt, Qft, Qft, Qft, Qft, Qft, Qft, Re, Re, Re, Re, Re, Re, Re, Re, Qwt, Gll^Fsm, Gll^Fsm, Gll^Fsm, Gll^Fsm, Gll^Fsm, Gll^Fsm
Gll^Fsm, Gll^Fsm, Gll^Fsm, Gll^Fsm, Qwt, Qft, Qft^Vsp, Qft, Qft, Qft^Qcr, Qft, Re, Re, Re, Re, Re, Re^Qcr, Re, Re, Qwt, Gll^Fsm, Gll^Fsm, Gll^Fsm, Gll^Fsm, Gll^Fsm, Gll^Fsm
Gll^Fsm, Gll^Fsm, Gll^Fsm, Gll^Fsm, Qwt, Qft, Qft, Qft, Qft, Qft, Qft, Re, Re^Vsd, Re, Re, Re, Re, Re, Re, Qwt, Gll^Fsm, Gll^Fsm, Gll^Fsm, Gll^Fsm, Gll^Fsm, Gll^Fsm
Gll^Fsm, Gll^Fsm, Gll^Fsm, Gll^Fsm, Qwt, Qft, Qft, Qft, Qft, Qft, Qft, Re, Re, Re, Qwt, Qft, Qft, Qft, Qft, Qwt, Gll^Fsm, Gll^Fsm, Gll^Fsm, Gll^Fsm, Gll^Fsm, Gll^Fsm
Gll^Fsm, Gll^Fsm, Gll^Fsm, Gll^Fsm, Qwt, Qwt, Qwt, Qwt, Qft, Qwt, Qwt, Re, Re, Re^Qcr, Qwt, Qft, Qft, Qft, Qft, Qwt, Gll^Fsm, Gll^Fsm, Gll^Fsm, Gll^Fsm, Gll^Fsm, Gll^Fsm
Gll^Fsm, Gll^Fsm, Gll^Fsm, Gll^Fsm, Re, Re, Re, Re^Qcr, Re, Re, Re, Re^Qcr, Re, Re, Qft, Qft, Qft^Qcr, Qft, Qft, Re, Gll^Fsm, Gll^Fsm, Gll^Fsm, Gll^Fsm, Gll^Fsm, Gll^Fsm
Gll^Fsm, Gll^Fsm, Gll^Fsm, Gll^Fsm, Qwt, Re, Re, Re, Re, Re, Re, Re, Re, Re, Qwt, Qft, Qft, Qft, Qft, Qwt, Gll^Fsm, Gll^Fsm, Gll^Fsm, Gll^Fsm, Gll^Fsm, Gll^Fsm
Gll^Fsm, Gll^Fsm, Gll^Fsm, Gll^Fsm, Qwt, Qft, Qft, Qft, Qft, Qwt, Re, Re, Re, Re, Qwt, Qft, Qft, Qft, Qft, Qwt, Gll^Fsm, Gll^Fsm, Gll^Fsm, Gll^Fsm, Gll^Fsm, Gll^Fsm
Gll^Fsm, Gll^Fsm, Gll^Fsm, Gll^Fsm, Qwt, Qft, Qft^Qcr, Qft, Qft, Qwt, Re, Re^Qcr, Re^Vsd, Re, Re, Re, Re, Re^Qcr, Re, Qwt, Gll^Fsm, Gll^Fsm, Gll^Fsm, Gll^Fsm, Gll^Fsm, Gll^Fsm
Gll^Fsm, Gll^Fsm, Gll^Fsm, Gll^Fsm, Qwt, Qft, 1 Qft, Qft, Qft, Qft, Re, Re, Re, Re, Re, Re, Re^Vsd, Re, Re, Qwt, Gll^Fsm, Gll^Fsm, Gll^Fsm, Gll^Fsm, Gll^Fsm, Gll^Fsm
Gll^Fsm, Gll^Fsm, Gll^Fsm, Gll^Fsm, Qwt, Qft, Qft, Qft, Qft, Qwt, Re^Qcr, Re, Re, Re, Re, Re^Qcr, Re, Re, Re, Qwt, Gll^Fsm, Gll^Fsm, Gll^Fsm, Gll^Fsm, Gll^Fsm, Gll^Fsm
Gll^Fsm, Gll^Fsm, Gll^Fsm, Gll^Fsm, Qwt, Qwt, Qwt, Qwt, Qwt, Qwt, Qwt, Qwt, Qwt, Qwt, Qwt, Qwt, Qwt, Qwt, Qwt, Qwt, Gll^Fsm, Gll^Fsm, Gll^Fsm, Gll^Fsm, Gll^Fsm, Gll^Fsm
Gll^Fsm, Gll^Fsm, Gll^Fsm, Gll^Fsm, Gll^Fsm, Gll^Fsm, Gll^Fsm, Gll^Fsm, Gll^Fsm, Gll^Fsm, Gll^Fsm, Gll^Fsm, Gll^Fsm, Gll^Fsm, Gll^Fsm, Gll^Fsm, Gll^Fsm, Gll^Fsm, Gll^Fsm, Gll^Fsm, Gll^Fsm, Gll^Fsm, Gll^Fsm, Gll^Fsm, Gll^Fsm, Gll^Fsm
Gll^Fsm, Gll^Fsm, Gll^Fsm, Gll^Fsm, Gll^Fsm, Gll^Fsm, Gll^Fsm, Gll^Fsm, Gll^Fsm, Gll^Fsm, Gll^Fsm, Gll^Fsm, Gll^Fsm, Gll^Fsm, Gll^Fsm, Gll^Fsm, Gll^Fsm, Gll^Fsm, Gll^Fsm, Gll^Fsm, Gll^Fsm, Gll^Fsm, Gll^Fsm, Gll^Fsm, Gll^Fsm, Gll^Fsm
Gll^Fsm, Gll^Fsm, Gll^Fsm, Gll^Fsm, Gll^Fsm, Gll^Fsm, Gll^Fsm, Gll^Fsm, Gll^Fsm, Gll^Fsm, Gll^Fsm, Gll^Fsm, Gll^Fsm, Gll^Fsm, Gll^Fsm, Gll^Fsm, Gll^Fsm, Gll^Fsm, Gll^Fsm, Gll^Fsm, Gll^Fsm, Gll^Fsm, Gll^Fsm, Gll^Fsm, Gll^Fsm, Gll^Fsm
Gll^Fsm, Gll^Fsm, Gll^Fsm, Gll^Fsm, Gll^Fsm, Gll^Fsm, Gll^Fsm, Gll^Fsm, Gll^Fsm, Gll^Fsm, Gll^Fsm, Gll^Fsm, Gll^Fsm, Gll^Fsm, Gll^Fsm, Gll^Fsm, Gll^Fsm, Gll^Fsm, Gll^Fsm, Gll^Fsm, Gll^Fsm, Gll^Fsm, Gll^Fsm, Gll^Fsm, Gll^Fsm, Gll^Fsm
