Ss, Ss, Gll^Ftr, Gll^Ftr, Gll^Fet, Gll^Fet, Gll^Fet, Gll^Ftr, Gll^Fet, Gll^Fet, Gll^Fet, Gll^Fet, Gll^Fet, Gll^Fet, Gll^Fet, Gll^Ftr, Gll^Ftr, Gll^Ftr, Gll^Fet, Gll^Fet, Gll^Fet, Gll^Fet, Gll^Fet, Gll^Fet, Gll^Fet, Gll^Fet, Ss, Ss
Ss, Ss, Gll^Ftr, Gll^Ftr, Gll^Fet, Gll^Fet, Gll^Fet, Gll^Ftr, Gll^Fet, Gll^Fet, Gll^Fet, Gll^Fet, Gll^Fet, Gll^Fet, Gll^Fet, Gll^Ftr, Gll^Ftr, Gll^Ftr, Gll^Fet, Gll^Fet, Gll^Fet, Gll^Fet, Gll^Fet, Gll^Fet, Gll^Fet, Gll^Fet, Ss, Ss
Ss, Ss, Ss, Gll^Ftr, Gll^Fet, Gll^Ftr, Gll^Fet, Gll^Ftr, Gll^Fet, Gll^Fet, Gll^Ftr, Gll^Fet, Gll^Fet, Gll^Ftr, Gll^Fet, Gll^Fet, Gll^Ftr, Gll^Fet, Gll^Ftr, Gll^Fet, Gll^Ftr, Gll^Fet, Gll^Fet, Gll^Ftr, Gll^Fet, Gll^Fet, Ss, Ss
Gll^Ftr, Gll^Ftr, Ss, Gll^Fet, Ss^Ftr, Gll^Ftr, Gll^Fet, Gll^Fet, Gll^Fet, Gll^Fet, Gll^Ftr, Gll^Fet, Gll^Fet, Gll^Fet, Gll^Ftr, Gll^Ftr, Gll^Fet, Gll^Fet, Ss^Ftr, Gll^Fet, Gll^Ftr, Gll^Fet, Gll^Ftr, Ss^Ftr, Gll^Fet, Ss, Gll^Fet, Gll^Fet
Gll^Ftr, Gll^Ftr, Ss, Gll^Ftr, Gll^Fet, Gll^Fet, Ss^Ftr, Gll^Ftr, Gll^Ftr, Gll^Fet, Gll^Fet, Gll^Fet, Gll^Fet, Gll^Fet, Gll^Ftr, Gll^Fet, Gll^Fet, Gll^Fet, Gll^Fet, Gll^Fet, Iwr^Vht, Gll^Fet, Gll^Fet, Gll^Fet, Gll^Fet, Ss, Gll^Fet, Gll^Fet
Gll^Fet, Gll^Fet, Ss, Gll^Ftr, Gll^Fet, Iwr^Vht, Iwr, Gll^Ftr, Gll^Fet, Gll^Fet, Gll^Ftr, Gll^Ftr, Gll^Fet, Gll^Fet, Gll^Fet, Gll^Fet, Gll^Fet, Gll^Ftr, Iwr, Iwr, Gll^Fet, Gll^Fet, Gll^Fet, Gll^Ftr, Ss, Ss, Gll^Fet, Gll^Fet
Gll^Ftr, Gll^Ftr, Gll^Ftr, Ss, Gll^Fet, Gll^Fet, Gll^Fet, Iwr, Gll^Fet, Gll^Fet, Gll^Ftr, Gll^Ftr, Gll^Fet, Gll^Ftr, Gll^Ftr, Gll^Ftr, Gll^Fet, Gll^Fet, Iwr, Gll^Fet, Gll^Ftr, Gll^Fet, Gll^Fet, Gll^Ftr, Ss, Gll^Ftr, Gll^Fet, Gll^Fet
Gll^Fet, Gll^Fet, Gll^Ftr, Ss, Gll^Ftr, Gll^Fet, Gll^Fet, Iwr, Iwr, Gll^Ftr, Gll^Fet, Gll^Fet, Gll^Fet, Gll^Fet, Gll^Fet, Gll^Fet, Iwr, Iwr, Gll^Fet, Gll^Fet, Gll^Fet, Gll^Fet, Gll^Ftr, Ss^Ftr, Ss, Gll^Fet, Gll^Fet, Gll^Fet
Gll^Ftr, Gll^Ftr, Gll^Ftr, Ss, Ss, Gll^Fet, Gll^Fet, Gll^Ftr, Gll^Fet, Iwr^Vht, Iwr, Gll^Ftr, Iwr, Gll^Fet, Iwr, Iwr, Iwr^Vht, Gll^Fet, Ss^Ftr, Gll^Ftr, Ss^Ftr, Gll^Fet, Gll^Fet, Ss, Gll^Fet, Gll^Fet, Gll^Fet, Gll^Fet
Gll^Fet, Gll^Fet, Gll^Fet, Gll^Ftr, Ss, Gll^Ftr, Gll^Fet, Gll^Fet, Gll^Fet, Gll^Fet, Iwr, Iwr, Ce, Iwr, Iwr, Gll^Ftr, Gll^Ftr, Gll^Fet, Ss^Ftr, Gll^Ftr, Gll^Fet, Gll^Ftr, Gll^Ftr, Ss, Gll^Fet, Gll^Fet, Gll^Fet, Gll^Fet
Gll^Fet, Gll^Fet, Gll^Fet, Gll^Fet, Ss, Gll^Fet, Gll^Ftr, Gll^Ftr, Gll^Fet, Gll^Ftr, Iwr, Iwr, 1 Iwr, Iwr, Iwr, Gll^Ftr, Gll^Fet, Gll^Fet, Gll^Fet, Gll^Ftr, Ss^Ftr, Gll^Ftr, Gll^Ftr, Ss, Iwr^Vht, Gll^Ftr, Gll^Fet, Gll^Fet
Gll^Fet, Gll^Fet, Gll^Fet, Iwr^Vht, Ss, Gll^Fet, Gll^Fet, Gll^Fet, Gll^Fet, Gll^Fet, Iwr, Iwr, Iwr, Iwr, Iwr, Gll^Ftr, Gll^Fet, Gll^Fet, Gll^Ftr, Gll^Fet, Gll^Ftr, Gll^Fet, Gll^Fet, Ss, Ss, Gll^Ftr, Gll^Fet, Gll^Fet
Gll^Fet, Gll^Fet, Gll^Fet, Gll^Ftr, Ss, Gll^Fet, Gll^Fet, Gll^Ftr, Gll^Fet, Gll^Fet, Iwr, Iwr, Iwr, Iwr, Gll^Ftr, Iwr, Iwr, Gll^Ftr, Gll^Fet, Gll^Ftr, Gll^Fet, Gll^Fet, Gll^Ftr, Gll^Fet, Ss, Gll^Fet, Gll^Fet, Gll^Fet
Gll^Ftr, Gll^Ftr, Gll^Fet, Ss, Gll^Fet, Gll^Fet, Gll^Ftr, Gll^Fet, Gll^Fet, Iwr, Gll^Fet, Gll^Fet, Gll^Fet, Gll^Fet, Iwr^Vht, Gll^Fet, Gll^Ftr, Iwr, Iwr, Ss^Ftr, Gll^Ftr, Gll^Fet, Gll^Ftr, Ss^Ftr, Ss, Gll^Fet, Gll^Fet, Gll^Fet
Gll^Fet, Gll^Fet, Gll^Ftr, Ss, Gll^Fet, Gll^Fet, Gll^Ftr, Gll^Ftr, Iwr, Iwr, Gll^Ftr, Gll^Fet, Gll^Fet, Gll^Ftr, Gll^Fet, Gll^Fet, Gll^Ftr, Gll^Ftr, Gll^Fet, Iwr, Iwr, Gll^Fet, Gll^Fet, Gll^Fet, Ss, Gll^Fet, Gll^Fet, Gll^Fet
Gll^Fet, Gll^Fet, Gll^Fet, Ss, Gll^Ftr, Gll^Fet, Gll^Fet, Iwr, Gll^Fet, Ss^Ftr, Gll^Fet, Gll^Fet, Gll^Fet, Gll^Fet, Gll^Fet, Gll^Fet, Gll^Fet, Gll^Ftr, Gll^Fet, Gll^Fet, Ss^Ftr, Iwr^Vht, Gll^Fet, Gll^Fet, Ss^Ftr, Ss, Gll^Fet, Gll^Fet
Gll^Ftr, Gll^Ftr, Gll^Fet, Ss, Gll^Fet, Gll^Fet, Iwr^Vht, Iwr, Gll^Fet, Gll^Fet, Gll^Fet, Gll^Ftr, Gll^Fet, Gll^Ftr, Gll^Ftr, Gll^Fet, Gll^Fet, Gll^Fet, Gll^Fet, Gll^Ftr, Gll^Ftr, Gll^Fet, Gll^Ftr, Gll^Fet, Gll^Fet, Ss, Ss^Ftr, Ss^Ftr
Gll^Ftr, Gll^Ftr, Gll^Ftr, Ss, Gll^Fet, Gll^Fet, Gll^Fet, Gll^Fet, Gll^Fet, Gll^Ftr, Gll^Fet, Gll^Fet, Gll^Fet, Gll^Fet, Gll^Fet, Gll^Ftr, Gll^Fet, Gll^Ftr, Gll^Ftr, Gll^Fet, Gll^Fet, Gll^Ftr, Gll^Fet, Gll^Ftr, Gll^Fet, Ss, Gll^Ftr, Gll^Ftr
Gll^Fet, Gll^Fet, Ss, Ss, Gll^Ftr, Gll^Fet, Gll^Ftr, Gll^Ftr, Gll^Fet, Gll^Ftr, Gll^Fet, Gll^Fet, Gll^Fet, Gll^Fet, Gll^Fet, Gll^Fet, Gll^Fet, Ss^Ftr, Ss^Ftr, Gll^Fet, Ss^Ftr, Gll^Fet, Gll^Ftr, Gll^Fet, Gll^Fet, Ss, Ss, Ss
Gll^Ftr, Gll^Ftr, Ss, Gll^Fet, Ss^Ftr, Gll^Fet, Gll^Fet, Gll^Ftr, Gll^Fet, Ss^Ftr, Gll^Fet, Gll^Fet, Gll^Ftr, Gll^Ftr, Gll^Fet, Gll^Ftr, Gll^Fet, Gll^Fet, Gll^Ftr, Gll^Ftr, Gll^Ftr, Gll^Fet, Gll^Fet, Gll^Fet, Gll^Ftr, Gll^Fet, Ss, Ss
Gll^Fet, Gll^Fet, Ss, Gll^Fet, Gll^Ftr, Gll^Fet, Gll^Ftr, Gll^Fet, Gll^Ftr, Gll^Fet, Gll^Fet, Gll^Fet, Gll^Fet, Gll^Ftr, Gll^Fet, Gll^Fet, Gll^Fet, Gll^Fet, Gll^Fet, Gll^Fet, Gll^Ftr, Gll^Fet, Gll^Fet, Gll^Ftr, Gll^Fet, Gll^Fet, Ss, Ss
Gll^Fet, Gll^Fet, Ss, Gll^Fet, Gll^Ftr, Gll^Fet, Gll^Ftr, Gll^Fet, Gll^Ftr, Gll^Fet, Gll^Fet, Gll^Fet, Gll^Fet, Gll^Ftr, Gll^Fet, Gll^Fet, Gll^Fet, Gll^Fet, Gll^Fet, Gll^Fet, Gll^Ftr, Gll^Fet, Gll^Fet, Gll^Ftr, Gll^Fet, Gll^Fet, Ss, Ss
