Qsp, Qsp, Qsp, Qsp, Qsp, Qsp, Qsp, Qsp, Qsp, Qsp, Qsp, Qsp, Qsp, Qsp, Qsp, Qsp, Qsp, Qsp, Qsp, Qsp, Qsp, Qsp, Qsp, Qsp, Qsp, Qsp, Qsp, Qsp, Qsp, Qsp
Qsp, Qsp, Qsp, Qsp, Qsp, Qsp, Qsp, Qsp, Qsp, Qsp, Qsp, Qsp, Qsp, Qsp, Qsp, Qsp, Qsp, Qsp, Qsp, Qsp, Qsp, Qsp, Qsp, Qsp, Qsp, Qsp, Qsp, Qsp, Qsp, Qsp
Qsp, Qsp, Qsp, Qsp, Qsp, Qsp, Qsp, Qsp, Qsp, Qsp, Qsp, Qsp, Qsp, Qsp, Qsp, Qsp, Qsp, Qsp, Qsp, Qsp, Qsp, Qsp, Qsp, Qsp, Qsp, Qsp, Qsp, Qsp, Qsp, Qsp
Qsp, Qsp, Qsp, Qsp, Qsp, Qsp, Qsp, Qsp, Qsp, Qsp, Qsp, Qsp, Qsp, Qsp, Qsp, Qsp, Qsp, Qsp, Qsp, Qsp, Qsp, Qsa, Qsa, Qsa, Qsp, Qsp, Qsp, Qsp, Qsp, Qsp
Qsp, Qsp, Qsp, Qsd, Qsd, Qsd, Qsd, Qsd, Qsd, Qsd, Qsp, Qsp, Qsp, Qsp, Qsp, Qsp, Qsp, Qsp, Qsp, Qsp, Qsp, Qsa, Qsp, Qsa, Qsp, Qsp, Qsp, Qsp, Qsp, Qsp
Qsp, Qsp, Qsp, Qsd, Qsd, Qsd, Qsd, Qsd, Qsd, Qsd, Qsp, Qsp, Qsp, Qsp, Qsp, Qsp, Qsp, Qsp, Qsp, Qsp, Qsp, Qsp, Qsp, Qsp, Qsp, Qsp, Qsp, Qsp, Qsp, Qsp
Qsp, Qsp, Qsp, Qsd, Qsd, Qsp, Qsp, Qsp, Qsp, Qsp, Qsp, Qsp, Qsp, Qsp, Qsp, Qsp, Qsp, Qsp, Qsp, Qsp, Qsp, Qsp, Qsp, Qsp, Qsp, Qsp, Qsp, Qsp, Qsp, Qsp
Qsp, Qsp, Qsp, Qsd, Qsd, Qsp, Qsp, Qsp, Qsp, Qsp, Qsp, Qsp, Qsp, Qsp, Qsp, Qsp, Qsp, Qsp, Qsp, Qsp, Qsp, Qsp, Qsp, Qsp, Qsp, Qsp, Qsp, Qsp, Qsp, Qsp
Qsp, Qsp, Qsp, Qsd, Qsd, Qsp, Qsp, Qsp, Qsp, Qsp, Qsp, Qsp, Qsp, Qsp, Qsp, Qsp, Qsp, Qsp, Qsp, Qsp, Qsp, Qsp, Qsp, Qsp, Qsp, Qsp, Qsp, Qsp, Qsp, Qsp
Qsp, Qsp, Qsp, Qsd, Qsc, Qsp, Qsp, Qsp, Qsp, Qsp, Qsp, Qsp, Qsp, Qsp, Qsa, Qsa, Qsa, Qsp, Qsp, Qsp, Qsp, Qsp, Qsp, Qsp, Qsp, Qsp, Qsp, Qsp, Qsp, Qsp
Qsp, Qsp, Qsp, Qsc, 1 Qsk, Qsc, Qsp, Qsp, Qsp, Qsp, Qsp, Qsp, Qsp, Qsp, Qsp, Qsa, Qsa, Qsp, Qsp, Qsp, Qsp, Qsp, Qsp, Qsp, Qsp, Qsp, Qsp, Qsp, Qsp, Qsp
Qsp, Qsp, Qsp, Qsc, Qsd, Qsc, Qsp, Qsp, Qsp, Qsp, Qsp, Qsp, Qsp, Qsp, Qsp, Qsp, Qsp, Qsp, Qsp, Qsp, Qsp, Qsp, Qsp, Qsp, Qsp, Qsp, Qsp, Qsp, Qsp, Qsp
Qsp, Qsp, Qsp, Qsd, Qsd, Qsp, Qsp, Qsp, Qsp, Qsp, Qsp, Qsp, Qsp, Qsp, Qsp, Qsp, Qsp, Qsp, Qsp, Qsp, Qsp, Qsp, Qsp, Qsp, Qsp, Qsp, Qsp, Qsp, Qsp, Qsp
Qsp, Qsp, Qsp, Qsd, Qsd, Qsp, Qsp, Qsp, Qsp, Qsp, Qsp, Qsp, Qsp, Qsp, Qsp, Qsp, Qsp, Qsp, Qsp, Qsp, Qsp, Qsp, Qsp, Qsp, Qsp, Qsp, Qsp, Qsp, Qsp, Qsp
Qsp, Qsp, Qsp, Qsd, Qsd, Qsp, Qsp, Qsp, Qsp, Qsp, Qsp, Qsp, Qsp, Qsp, Qsp, Qsp, Qsp, Qsp, Qsp, Qsp, Qsp, Qsp, Qsp, Qsp, Qsp, Qsp, Qsp, Qsp, Qsp, Qsp
Qsp, Qsp, Qsp, Qsd, Qsd, Qsd, Qsd, Qsd, Qsd, Qsd, Qsp, Qsp, Qsp, Qsp, Qsp, Qsp, Qsp, Qsp, Qsp, Qsp, Qsp, Qsp, Qsp, Qsp, Qsp, Qsp, Qsp, Qsp, Qsp, Qsp
Qsp, Qsp, Qsp, Qsd, Qsd, Qsd, Qsd, Qsd, Qsd, Qsd, Qsp, Qsp, Qsp, Qsp, Qsp, Qsp, Qsp, Qsp, Qsp, Qsp, Qsp, Qsp, Qsp, Qsp, Qsa, Qsa, Qsa, Qsp, Qsp, Qsp
Qsp, Qsp, Qsp, Qsp, Qsp, Qsp, Qsp, Qsp, Qsp, Qsp, Qsp, Qsp, Qsp, Qsp, Qsp, Qsp, Qsp, Qsp, Qsp, Qsp, Qsp, Qsp, Qsp, Qsp, Qsa, Qsp, Qsp, Qsp, Qsp, Qsp
Qsp, Qsp, Qsp, Qsp, Qsp, Qsp, Qsp, Qsp, Qsp, Qsp, Qsp, Qsp, Qsp, Qsp, Qsp, Qsp, Qsp, Qsp, Qsp, Qsp, Qsp, Qsp, Qsa, Qsp, Qsp, Qsp, Qsa, Qsp, Qsp, Qsp
Qsp, Qsp, Qsp, Qsp, Qsp, Qsp, Qsp, Qsp, Qsp, Qsp, Qsp, Qsp, Qsp, Qsp, Qsp, Qsp, Qsp, Qsp, Qsp, Qsp, Qsp, Qsp, Qsp, Qsa, Qsp, Qsa, Qsp, Qsp, Qsp, Qsp
Qsp, Qsp, Qsp, Qsp, Qsp, Qsp, Qsp, Qsp, Qsp, Qsp, Qsp, Qsp, Qsp, Qsp, Qsp, Qsp, Qsp, Qsp, Qsp, Qsp, Qsp, Qsp, Qsp, Qsp, Qsp, Qsp, Qsp, Qsp, Qsp, Qsp
Qsp, Qsp, Qsp, Qsp, Qsp, Qsp, Qsp, Qsp, Qsp, Qsp, Qsp, Qsp, Qsp, Qsp, Qsp, Qsp, Qsp, Qsp, Qsp, Qsp, Qsp, Qsp, Qsp, Qsp, Qsp, Qsp, Qsp, Qsp, Qsp, Qsp
