Qrd, Qrd, Qrd, Qrd, Qrd, Qrd, Qrd, Qkp, Qcp, Qrd, Qrd, Qrd, Qrd, Qrd, Qrd, Qrd, Qrd, Qrd, Qrd, Qrd, Ww, Qrd, Qrd, Qrp, Qrp, Qrp, Qrp, Qrp
Qrd, Qrd, Qrd, Qrd, Qrd, Qrd, Qrd, 2 Qkp, Qcp, Qrd, Qrd, Qrd, Qrd, Qrd, Qrd, Qrd, Qrd, Qrd, Qrd, Qrd, Ww, Qrd, Qrd, Qrp, Qrp, Qrp, Qrp, Qrp
Qrd, Qrd, Qrd, Qib, Qib, Qib, Qrd, Qrd, Qrd, Qib, Qib, Qib, Qrd^Vhc, Qrd, Qrd, Qib, Qib, Qib, Qrd, Qrd, Ww, Qrd, Qrd, Qrp, Qrp, Qsk, Qrp, Qrp
Qrd, Qrd, Qrd, Qib, Qib, Qib, Qrd^Vhc, Qrd, Qrd, Qib, Qib, Qib, Qrd, Qrd, Qrd, Qib, Qib, Qib, Qrd, Ww^Bsb|, Ww, Qrd, Qrd, Qrp, Qrp, Qrp, Qrp, Qrp
Qrd, Qrd, Qrd, Qib, Qib, Qib, Qrd, Qrd, Qrd, Qrd, Qrd, Qrd, Qrd, Qrd, Qrd, Qib, Qib, Qib, Qrd, Ww, Qrd, Qrd, Qrd, Qrp, Qrp, Qrp, Qrp, Qrp
Qrd, Qrd, Qrd, Qrd, Qrd, Qrd, Qrd, Qrd, Qrd, Qrd, Qrd, Qrd, Qrd, Qrd, Qrd, Qrd, Qrd, Qrd, Qrd^Vhc, Ww, Qrd, Qrd, Qrd, Qrd, Qrd, Qrd, Qrd, Qrd
Qrd, Qrd, Qrd, Qrd, Qrd, Qrd, Qrd, Qrd, Qib, Qib, Qib, Qrd, Qrd, Qrd, Qrd, Qrd, Qrd, Qrd, Qrd, Ww, Qib, Qib, Qib, Qrd, Qrd, Qrd, Qrd, Qrd
Qrd, Qrd, Qrd, Qib, Qib, Qrd, Qrd, Qrd, Qib, Qib, Qib, Qrd^Vhc, Qrd, Qrd, Qib, Qib, Qib, Qrd, Qrd, Ww, Qib, Qib, Qib, Qrd, Qrd, Qrd, Qrd, Qrd
Qrd, Qrd, Qrd, Qib, Qib, Qrd^Vhc, Qrd, Qrd, Qib, Qib, Qib, Qrd, Qrp, Qrp, Qrp, Qib, Qib, Qrd, Qrd, Ww, Qib, Qib, Qib, Qrd, Gg^Fds, Qrd, Qrd, Qrd
Qrd, Qrd, Qrd, Qib, Qib, Qrd, Qrd, Qrd, Qrd, Qrd, Qrd, Qrp, Qrp, Qrp, Qrp, Qrp, Qrd, Qrd, Qrd, Ww^Bsb|, Qrd, Qrd, Qrd, Gg^Fds, Gg^Fds, Gg^Fds, Qrd, Qrd
Qrd, Qrd, Qrd, Qrd, Qrd, Qrd, Gg^Fds, Gg^Fds, Gg^Fds, Qrd, Qrd, Qrp, Qrp, Qrp, Qrp, Qrp, Qrd, Qrd, Qrd, Ww, Qrd, Qrd, Qrd, Gg^Fds, Gg^Fds, Gg^Fds, Qrd, Qrd
Qrd, Qrd, Qrd, Qrd, Qrd, Qrd, Gg^Fds, Gg^Fds, Gg^Fds, Qrd, Qrd, Qrp, Qrp, Qrp, Qrp, Qrp, Qrd, Qrd, Qrd, Qrd, Qib, Qib, Qib, Qrd, Qrd, Qrd, Qrd, Qrd
Qrd, Qrd, Qrd, Qrd, Qrd, Qrd, Qrd, Gg^Fds, Qrd, Qib, Qib, Qib, Qrd, Qrp, Qrd, Qib, Qib, Qib, Qrd^Vhc, Qrd, Qib, Qib, Qib, Qrd^Vhc, Qrd, Qrd, Qrd, Qrd
Qrd, Qrd, Qrd, Qib, Qib, Qib, Qrd, Qrd, Qrd, Qib, Qib, Qib, Qrd^Vhc, Qrd, Qrd, Qib, Qib, Qib, Gg^Fds, Gg^Fds, Gg^Fds, Qib, Qib, Qrd, Qrd, Qrd, Qrd, Qrd
Qrd, Qrd, Qrd, Qib, Qib, Qib, Qrd^Vhc, Qrd, Qrd, Qib, Qib, Qib, Qrd, Qrd, Qrd, Qrd, Qrd, Gg^Fds, Gg^Fds, Gg^Fds, Gg^Fds, Gg^Fds, Qrd, Qrd, Qrd, Qrd, Qrd, Qrd
Qrd, Qrd, Qcb, Qib, Qib, Qib, Qrd, Qrd, Qrd, Qrd, Qrd, Qrd, Qrd, Qrd, Qrd, Qrd, Qrd, Gg^Fds, Gg^Fds, Gg^Fds, Gg^Fds, Gg^Fds, Qrd, Qrd, Qrd, Qrd, Qrd, Qrd
Qcb, Qcb, 1 Qkb, Qcb, Qrd, Qrd, Qrd, Qrd, Qrd, Qrd, Qrd, Qrd, Qrd, Qib, Qib, Qib, Qib, Gg^Fds, Gg^Fds, Gg^Fds, Gg^Fds, Gg^Fds, Qrd, Qrd, Qrd, Qrd, Qrd, Qrd
Qcb, Qcb, Qrd, Qcb, Qrd, Qrd, Qrd, Qrd, Qrd, Qrd, Qrd, Qrd, Qrd, Qib, Qib, Qib, Qib, Qrd, Qrd, Gg^Fds, Qrd, Qrd, Qrd, Qrd, Qrd, Qrd, Qrd, Qrd
Qrd, Qrd, Qrd, Qrd, Qrd, Qrd, Qrd, Qrd, Qrd, Qrd, Qrd, Qrd, Qrd, Qrd, Qrd, Qrd, Qrd, Qrd, Qrd, Qrd, Qrd, Qrd, Qrd, Qrd, Qrd, Qrd, Qrd, Qrd
Qrd, Qrd, Qrd, Qrd, Qrd, Qrd, Qrd, Qrd, Qrd, Qrd, Qrd, Qrd, Qrd, Qrd, Qrd, Qrd, Qrd, Qrd, Qrd, Qrd, Qrd, Qrd, Qrd, Qrd, Qrd, Qrd, Qrd, Qrd
