Gll^Fds, Gll^Fds, Gll^Ftr, Gll^Fds, Gll^Ftr, Gll^Fds, Gll^Fds, Gll^Fds, Gll^Fds, Gll^Fds, Gll^Fds, Gll^Fds, Gll^Fds, Gll^Ftr, Gll^Fds, Gll^Fds, Gll^Fds, Gll^Fds, Gll^Fds, Gll^Ftr, Gll^Fds, Gll^Fds, Gll^Fds, Gll^Fds, Gll^Fds, Gll^Fds, Gll^Fds, Gll^Fds, Gll^Ftr, Gll^Ftr
Gll^Fds, Gll^Fds, Gll^Ftr, Gll^Fds, Gll^Ftr, Gll^Fds, Gll^Fds, Gll^Fds, Gll^Fds, Gll^Fds, Gll^Fds, Gll^Fds, Gll^Fds, Gll^Ftr, Gll^Fds, Gll^Fds, Gll^Fds, Gll^Fds, Gll^Fds, Gll^Ftr, Gll^Fds, Gll^Fds, Gll^Fds, Gll^Fds, Gll^Fds, Gll^Fds, Gll^Fds, Gll^Fds, Gll^Ftr, Gll^Ftr
Gll^Ftr, Gll^Ftr, Gll^Fds, Gll^Fet, Gll^Fds, Gll^Fds, Gll^Ftr, Gll^Fds, Gll^Fds, Gll^Ftr, Gll^Fds, Gll^Fds, Gll^Fds, Gll^Fds, Gll^Ftr, Gll^Ftr, Gll^Fds, Gll^Fds, Gll^Ftr, Gll^Fds, Gll^Fds, Gll^Vl, Gll^Fds, Gll^Ftr, Gll^Fds, Gll^Ftr, Gll^Fds, Gll^Fds, Gll^Fds, Gll^Fds
Gll^Fds, Gll^Fds, Gll^Vl, Gll^Fds, Gll^Fds, Gll^Fds, Gll^Fds, Gll^Fds, Gll^Fds, Gll^Ftr, Gll^Fds, Gll^Ftr, Gll^Fds, Gll^Ftr, Gll^Ftr, Gll^Ftr, Gll^Fds, Gll^Fds, Gll^Fds, Gll^Fds, Gll^Fds, Gll^Fds, Gll^Fds, Gll^Fds, Gll^Fds, Gll^Fds, Gll^Fds, Gll^Fds, Gll^Fds, Gll^Fds
Gll^Fds, Gll^Fds, Gll^Fds, Gll^Fds, Gll^Ftr, Gll^Fds, Gll^Fds, Gll^Ftr, Gll^Ftr, Xos, Xos, Xos, Xos, Xos, Xos, Xos, Xos, Re, Xos, Xos, Xos, Xos, Xos, Xos, Xos, Gll^Ftr, Gll^Fds, Gll^Fds, Gll^Fds, Gll^Fds
Gll^Fet, Gll^Fet, Gll^Fds, Gll^Fds, Gll^Fds, Gll^Fds, Gll^Fds, Gll^Fds, Gll^Fds, Xos, Isr, Isr, Isr, Isr, Isr, Isr, Re, Re, Re, Re, Re, Re, Re, Re, Xos, Gll^Fds, Gll^Fds, Gll^Ftr, Gll^Ftr, Gll^Ftr
Gll^Fds, Gll^Fds, Gll^Ftr, Gll^Fds, Gll^Fds, Gll^Fds, Gll^Fds, Gll^Vl, Gll^Ftr, Xos, Isr, Isr^Vhc, Isr, Ch, Ch, Isr, Re, Re, Re, Re, Re, Re, Re, Re, Xos, Rrc, Rrc, Rrc, Rrc, Rrc
Gll^Ftr, Gll^Ftr, Gll^Fds, Gll^Fds, Gll^Fds, Gll^Fds, Gll^Fds, Gll^Fds, Gll^Fet, Xos, Isr, Isr, Isr, 1 Kh, Ch, Isr, Re, Re^Vhc, Re, Re, Re, Re, Re, Re, Xos, Rrc, Rrc, Rrc, Rrc, Rrc
Gll^Fds, Gll^Fds, Gll, Gll, Gll, Gll^Ftr, Gll^Fds, Gll^Fds, Gll^Ftr, Xos, Isr, Isr, Isr, Isr, Isr, Isr, Re, Re, Re, Xos, Isr, Isr, Isr, Isr, Xos, Rrc, Rrc, Qsk, Rrc, Rrc
Gll, Gll, Ce, Ce, Ce, Gll, Gll^Fds, Gll^Fds, Gll^Ftr, Xos, Xos, Xos, Xos, Isr, Xos, Xos, Re, Re, Re, Xos, Isr, Isr, Isr, Isr, Xos, Rrc, Rrc, Rrc, Rrc, Rrc
Gll, Gll, Ce, 2 Ke, Ce, Re, Re, Re, Re, Re, Re, Re, Re, Re, Re, Re, Re, Re, Re, Isr, Isr, Isr, Isr, Isr, Re, Re, Rrc, Rrc, Rrc, Rrc
Gll, Gll, Gll, Gll, Gll, Gll, Gll^Fds, Gll^Fds, Gll^Fds, Xos, Re, Re, Re, Re, Re, Re, Re, Re, Re, Xos, Isr, Isr, Isr, Isr, Xos, Rrc, Rrc, Qsk, Rrc, Rrc
Gll^Fds, Gll^Fds, Gll^Fds, Gll, Gll^Fds, Gll^Ftr, Gll^Fds, Gll^Fds, Gll^Fds, Xos, Isr, Isr, Isr, Isr, Xos, Re, Re, Re, Re, Xos, Isr, Isr, Isr, Isr, Xos, Rrc, Rrc, Rrc, Rrc, Rrc
Gll^Ftr, Gll^Ftr, Gll^Ftr, Gll^Fds, Gll^Fds, Gll^Ftr, Gll^Fds, Gll^Fds, Gll^Fds, Xos, Isr, Isr, Isr, Isr, Xos, Re, Re, Re^Vhc, Re, Re, Re, Re, Re, Re, Xos, Rrc, Rrc, Rrc, Rrc, Rrc
Gll^Fet, Gll^Fet, Gll^Fds, Gll^Fds, Gll^Fds, Gll^Fds, Gll^Fds, Gll^Fds, Gll^Ftr, Xos, Isr, Isr, Isr, Isr, Isr, Re, Re, Re, Re, Re, Re, Re^Vhc, Re, Re, Xos, Rrc, Rrc, Qsk, Rrc, Rrc
Gll^Fds, Gll^Fds, Gll^Ftr, Gll^Ftr, Gll^Fds, Gll^Ftr, Gll^Fds, Gll^Fds, Gll^Ftr, Xos, Isr, Isr, Isr, Isr, Xos, Re, Re, Re, Re, Re, Re, Re, Re, Re, Xos, Rrc, Rrc, Rrc, Rrc, Rrc
Gll^Fds, Gll^Fds, Gll^Ftr, Gll^Fds, Gll^Fds, Gll^Fds, Gll^Fds, Gll^Fds, Gll^Ftr, Xos, Xos, Xos, Xos, Xos, Xos, Xos, Xos, Xos, Xos, Xos, Xos, Xos, Xos, Xos, Xos, Gll^Fet, Gll^Fds, Gll^Fds, Gll^Fds, Gll^Fds
Gll^Ftr, Gll^Ftr, Gll^Fds, Gll^Fds, Gll^Vl, Gll^Ftr, Gll^Ftr, Gll^Fds, Gll^Fds, Gll^Fds, Gll^Fds, Gll^Fds, Gll^Ftr, Gll^Fds, Gll^Fds, Gll^Fds, Gll^Fds, Gll^Fds, Gll^Ftr, Gll^Fds, Gll^Fds, Gll^Ftr, Gll^Fds, Gll^Fds, Gll^Fds, Gll^Fds, Gll^Fds, Gll^Fds, Gll^Ftr, Gll^Ftr
Gll^Ftr, Gll^Ftr, Gll^Fds, Gll^Fds, Gll^Ftr, Gll^Fds, Gll^Ftr, Gll^Fds, Gll^Fds, Gll^Fds, Gll^Ftr, Gll^Fds, Gll^Fds, Gll^Fds, Gll^Vl, Gll^Fds, Gll^Fds, Gll^Fds, Gll^Fds, Gll^Ftr, Gll^Fds, Gll^Vl, Gll^Ftr, Gll^Fds, Gll^Fds, Gll^Ftr, Gll^Ftr, Gll^Ftr, Gll^Fds, Gll^Fds
Gll^Fds, Gll^Fds, Gll^Fds, Gll^Ftr, Gll^Fds, Gll^Ftr, Gll^Fds, Gll^Fds, Gll^Fds, Gll^Fds, Gll^Fds, Gll^Fds, Gll^Fds, Gll^Fds, Gll^Fds, Gll^Fds, Gll^Fds, Gll^Ftr, Gll^Ftr, Gll^Fds, Gll^Ftr, Gll^Fds, Gll^Fds, Gll^Fds, Gll^Fds, Gll^Ftr, Gll^Fds, Gll^Fds, Gll^Fds, Gll^Fds
Gll^Fds, Gll^Fds, Gll^Fds, Gll^Fds, Gll^Fds, Gll^Fds, Gll^Fds, Gll^Fds, Gll^Ftr, Gll^Fds, Gll^Ftr, Gll^Fds, Gll^Fds, Gll^Fds, Gll^Fet, Gll^Fds, Gll^Fds, Gll^Fds, Gll^Fds, Gll^Fds, Gll^Fds, Gll^Ftr, Gll^Ftr, Gll^Fds, Gll^Fds, Gll^Fds, Gll^Fds, Gll^Fds, Gll^Ftr, Gll^Ftr
Gll^Fds, Gll^Fds, Gll^Fds, Gll^Fds, Gll^Fds, Gll^Fds, Gll^Fds, Gll^Fds, Gll^Ftr, Gll^Fds, Gll^Ftr, Gll^Fds, Gll^Fds, Gll^Fds, Gll^Fet, Gll^Fds, Gll^Fds, Gll^Fds, Gll^Fds, Gll^Fds, Gll^Fds, Gll^Ftr, Gll^Ftr, Gll^Fds, Gll^Fds, Gll^Fds, Gll^Fds, Gll^Fds, Gll^Ftr, Gll^Ftr
