Gll^Fsm, Gll^Fsm, Gll^Fsm, Gll^Fsm, Gll^Fsm, Gll^Fsm, Gll^Fsm, Gll^Fsm, Gll^Fsm, Ww, Gll^Fsm, Gll^Fsm, Gll^Fsm, Gll^Fsm, Re^Ecf, Gll^Fsm, Hh^Fsm, Gll^Fsm, Gll^Fsm, Gll^Fsm, Gll^Fsm, Gll^Fsm, Gll^Fsm, Gll^Fsm, Gll^Fsm, Gll^Fsm, Hh^Fsm, Hh^Fsm
Gll^Fsm, Gll^Fsm, Gll^Fsm, Gll^Fsm, Gll^Fsm, Gll^Fsm, Gll^Fsm, Gll^Fsm, Gll^Fsm, Ww, Gll^Fsm, Gll^Fsm, Gll^Fsm, Gll^Fsm, Re^Ecf, Gll^Fsm, Hh^Fsm, Gll^Fsm, Gll^Fsm, Gll^Fsm, Gll^Fsm, Gll^Fsm, Gll^Fsm, Gll^Fsm, Gll^Fsm, Gll^Fsm, Hh^Fsm, Hh^Fsm
Gll^Fsm, Gll^Fsm, Gll^Fsm, Gll^Fsm, Gll^Fsm, Gll^Fsm, Gll^Fsm, Gll^Fsm, Gll^Fsm, Ww, Gll^Fsm, Gll^Fsm, Gll^Fsm, Re^Vsc, Re, Re^Vsc, Gll^Fsm, Gll^Fsm, Gll^Fsm, Gll^Fsm, Gll^Fsm, Gll^Fsm, Gll^Vso, Gll^Fsm, Gll^Fsm, Gll^Fsm, Gll^Fsm, Gll^Fsm
Gll^Fsm, Gll^Fsm, Gll^Fsm, Gll^Fsm, Gll^Fsm, Gll^Fsm, Gll^Fsm, Gll^Fsm, Gll^Fsm, Ww, Gll^Fsm, Gll^Fsm, Gll^Fsm, Re, Re, Re, Gll^Fsm, Gll^Fsm, Gll^Fsm, Hh^Fsm, Gll^Fsm, Gll^Fsm, Gll^Fsm, Gll^Fsm, Gll^Fsm, Gll^Fsm, Gll^Fsm, Gll^Fsm
Gll^Fsm, Gll^Fsm, Gll^Fsm, Gll^Fsm, Gll^Fsm, Gll^Fsm, Gll^Vso, Gll^Fsm, Ww, Ww, Gll^Fsm, Gll^Fsm, Gll^Fsm, Gll^Fsm, Gll^Fsm, Gll^Fsm, Re, Gll^Fsm, Re, Gll^Fsm, Re, Gll^Fsm, Gll^Fsm, Gll^Fsm, Gll^Fsm, Gll^Fsm, Gll^Fsm, Gll^Fsm
Gll^Fsm, Gll^Fsm, Gll^Fsm, Gll^Fsm, Gll^Fsm, Gll^Fsm, Gll^Fsm, Gll^Fsm, Ww, Gll^Fsm, Gll^Fsm, Gll^Fsm, Re, Re, Re, Re, Gll^Fsm, Re, Gll^Fsm, Re, Gll^Fsm, Gll^Fsm, Gll^Fsm, Gll^Fsm, Gll^Fsm, Gll^Fsm, Gll^Fsm, Gll^Fsm
Gll^Fsm, Gll^Fsm, Gll^Fsm, Gll^Fsm, Gll, Gll^Fsm, Gll^Fsm, Gll^Fsm, Wwf, Gll^Fsm, Re, Re, Gll^Fsm, Gll^Fsm, Gll^Fsm, Gll^Fsm, Gll^Fsm, Gll^Fsm, Gll^Fsm, Gll^Fsm, Gll^Fsm, Gll^Fsm, Gll^Fsm, Gll^Fsm, Gll^Fsm, Gll^Fsm, Gll^Fsm, Gll^Fsm
Gll^Fsm, Gll^Fsm, Gll, Gll, Gll^Efm, Gll, Gll, Hh^Fsm, Wwf, Re, Gll^Fsm, Gll^Fsm, Gll^Fsm, Gll^Fsm, Gll^Fsm, Gll^Fsm, Gll^Fsm, Gll^Fsm, Gll^Fsm, Gll^Fsm, Gll^Fsm, Gll^Fsm, Gll^Fsm, Gll^Fsm, Gll^Fsm, Gll^Fsm, Gll^Fsm, Gll^Fsm
Gll^Efm, Gll^Efm, Qcp, Qcp, Qcp, Gll, Re, Re, Gll^Fsm, Ww, Gll^Fsm, Gll^Fsm, Gll^Fsm, Hh^Fsm, Gll^Fsm, Gll^Fsm, Gll^Fsm, Gll^Fsm, Gll^Fsm, Gll^Fsm, Gll^Fsm, Gll^Fsm, Gll^Fsm, Gll^Fsm, Hh, Gll^Fsm, Gll^Fsm, Gll^Fsm
Gll^Efm, Gll^Efm, Gll, 1 Qkp, Qcp, Re, Gll, Gll, Gll^Fsm, Ww, Gll^Fsm, Gll^Vso, Gll^Fsm, Gll^Fsm, Gll^Fsm, Gll^Fsm, Gll^Fsm, Gll^Fsm, Gll^Fsm, Gll^Vso, Gll^Fsm, Gll^Fsm, Gll^Fsm, Hh, Gll, Hh, Gll^Fsm, Gll^Fsm
Gll^Efm, Gll^Efm, Gll, Gll, Gll^Efm, Re, Re, Gll, Gll^Fsm, Ww, Gll^Fsm, Gll^Fsm, Gll^Fsm, Gll^Fsm, Gll^Fsm, Gll^Fsm, Gll^Fsm, Gll^Fsm, Gll^Fsm, Gll^Fsm, Gll^Fsm, Gll^Fsm, Gll^Fsm, Hh, Hh, Hh, Gll^Fsm, Gll^Fsm
Gll, Gll, Gll^Efm, Gll, Gll, Gll, Gll, Re, Re, Ww, Ww, Gll^Fsm, Gll^Fsm, Gll^Fsm, Gll^Fsm, Gll^Fsm, Gll^Fsm, Gll^Fsm, Gll^Fsm, Gll^Fsm, Gll^Fsm, Gll^Fsm, Gll^Fsm, Gll^Fsm, Gll^Fsm, Gll^Fsm, Gll^Fsm, Gll^Fsm
Gll^Fsm, Gll^Fsm, Gll^Fsm, Gll, Gll^Efm, Gll, Gll^Fsm, Gll^Fsm, Gll^Fsm, Re, Wwf, Gll^Fsm, Re, Gll^Fsm, Gll^Fsm, Gll^Fsm, Gll^Fsm, Hh^Fsm, Gll^Fsm, Gll^Fsm, Gll^Fsm, Gll^Fsm, Gll^Fsm, Gll^Fsm, Gll^Fsm, Gll^Fsm, Gll^Fsm, Gll^Fsm
Gll^Fsm, Gll^Fsm, Gll^Fsm, Gll^Fsm, Gll^Fsm, Hh^Fsm, Gll^Fsm, Gll^Fsm, Gll^Fsm, Gll^Fsm, Ww, Re, Gll^Fsm, Re, Re, Re, Re, Gll^Fsm, Re, Gll^Fsm, Gll^Fsm, Gll^Fsm, Gll^Fsm, Gll^Fsm, Hh^Fsm, Gll^Vso, Gll^Fsm, Gll^Fsm
Gll^Fsm, Gll^Fsm, Gll^Fsm, Gll^Fsm, Gll^Fsm, Gll^Fsm, Gll^Fsm, Gll^Fsm, Gll^Fsm, Gll^Fsm, Ww, Gll^Fsm, Gll^Fsm, Gll^Fsm, Gll^Fsm, Gll^Fsm, Gll^Fsm, Gll^Fsm, Gll^Fsm, Re, Re, Gll^Fsm, Re, Gll^Fsm, Gll^Fsm, Gll^Fsm, Gll^Fsm, Gll^Fsm
Gll^Fsm, Gll^Fsm, Gll^Fsm, Gll^Fsm, Gll^Fsm, Gll^Fsm, Gll^Vso, Gll^Fsm, Gll^Fsm, Gll^Fsm, Ww, Gll^Fsm, Gll^Fsm, Gll^Fsm, Gll^Fsm, Gll^Fsm, Gll^Fsm, Gll^Fsm, Gll^Fsm, Gll^Fsm, Gll^Fsm, Re, Gll^Fsm, Gll^Fsm, Gll^Fsm, Gll^Fsm, Gll^Fsm, Gll^Fsm
Gll^Fsm, Gll^Fsm, Gll^Fsm, Gll^Fsm, Gll^Fsm, Gll^Fsm, Hh^Fsm, Gll^Fsm, Gll^Fsm, Ww, Gll^Fsm, Gll^Fsm, Hh, Gll^Fsm, Gll^Fsm, Gll^Vso, Gll^Fsm, Gll^Fsm, Gll^Fsm, Gll^Fsm, Gll^Fsm, Gll^Fsm, Gll^Fsm, Gll^Fsm, Gll^Fsm, Gll^Fsm, Gll^Fsm, Gll^Fsm
Gll^Fsm, Gll^Fsm, Gll^Fsm, Gll^Fsm, Hh^Fsm, Gll^Fsm, Gll^Fsm, Gll^Fsm, Gll^Fsm, Ww, Gll^Fsm, Hh, Gll, Hh, Gll^Fsm, Gll^Fsm, Gll^Fsm, Gll^Fsm, Gll^Fsm, Gll^Fsm, Gll^Fsm, Gll^Fsm, Gll^Fsm, Gll^Fsm, Gll^Fsm, Gll^Fsm, Gll^Fsm, Gll^Fsm
Gll^Fsm, Gll^Fsm, Gll^Fsm, Gll^Fsm, Gll^Fsm, Gll^Fsm, Gll^Fsm, Gll^Fsm, Gll^Fsm, Ww, Gll^Fsm, Hh, Hh, Hh, Gll^Fsm, Gll^Fsm, Gll^Fsm, Gll^Fsm, Gll^Fsm, Gll^Fsm, Gll^Fsm, Gll^Fsm, Hh^Fsm, Gll^Fsm, Gll^Fsm, Gll^Fsm, Gll^Fsm, Gll^Fsm
Gll^Fsm, Gll^Fsm, Gll^Fsm, Gll^Fsm, Gll^Fsm, Gll^Fsm, Gll^Fsm, Gll^Fsm, Gll^Fsm, Ww, Gll^Fsm, Hh, Hh, Hh, Gll^Fsm, Gll^Fsm, Gll^Fsm, Gll^Fsm, Gll^Fsm, Gll^Fsm, Gll^Fsm, Gll^Fsm, Hh^Fsm, Gll^Fsm, Gll^Fsm, Gll^Fsm, Gll^Fsm, Gll^Fsm
