Gll^Fsm, Gll^Fsm, Gll^Fsm, Gll^Fsm, Gll^Fsm, Gll^Fsm, Gll^Fsm, Gll^Fsm, Gll^Fsm, Gll^Fsm, Gll^Fsm, Gll^Fsm, Gll^Fsm, Gll^Fsm, Gll^Fsm, Gll^Fsm, Gll^Fsm, Gll^Fsm, Gll^Fsm, Gll^Fsm, Gll^Fsm, Gll^Fsm, Gll^Fsm, Gll^Fsm, Gll^Fsm, Gll^Fsm, Gll^Fsm, Gll^Fsm, Gll^Fsm, Gll^Fsm
Gll^Fsm, Gll^Fsm, Gll^Fsm, Gll^Fsm, Gll^Fsm, Gll^Fsm, Gll^Fsm, Gll^Fsm, Gll^Fsm, Gll^Fsm, Gll^Fsm, Gll^Fsm, Gll^Fsm, Gll^Fsm, Gll^Fsm, Gll^Fsm, Gll^Fsm, Gll^Fsm, Gll^Fsm, Gll^Fsm, Gll^Fsm, Gll^Fsm, Gll^Fsm, Gll^Fsm, Gll^Fsm, Gll^Fsm, Gll^Fsm, Gll^Fsm, Gll^Fsm, Gll^Fsm
Gll^Fsm, Gll^Fsm, Gll^Fsm, Gll^Fsm, Gll^Fsm, Gll^Fsm, Gll^Fsm, Gll^Fsm, Gll^Fsm, Gll^Fsm, Gll^Fsm, Gll^Fsm, Gll^Fsm, Gll^Fsm, Gll^Fsm, Gll^Fsm, Gll^Fsm, Gll^Fsm, Gll^Fsm, Gll^Fsm, Gll^Fsm, Gll^Vso, Gll^Fsm, Gll^Fsm, Gll^Fsm, Gll^Fsm, Gll^Fsm, Gll^Fsm, Gll^Fsm, Gll^Fsm
Gll^Fsm, Gll^Fsm, Gll^Vso, Gll^Fsm, Gll^Fsm, Gll^Fsm, Gll^Fsm, Gll^Fsm, Gll^Fsm, Gll^Fsm, Gll^Fsm, Gll^Fsm, Gll^Fsm, Gll^Fsm, Gll^Fsm, Gll^Fsm, Gll^Fsm, Gll^Fsm, Gll^Fsm, Gll^Fsm, Gll^Fsm, Gll^Fsm, Gll^Fsm, Gll^Fsm, Gll^Fsm, Gll^Fsm, Gll^Fsm, Gll^Fsm, Gll^Fsm, Gll^Fsm
Gll^Fsm, Gll^Fsm, Gll^Fsm, Gll^Fsm, Gll^Fsm, Gll^Fsm, Gll^Fsm, Gll^Fsm, Gll^Fsm, Qib, Qib, Qib, Qib, Qib, Qib, Qib, Qib, Re, Qib, Qib, Qib, Qib, Qib, Qib, Qib, Gll^Fsm, Gll^Fsm, Gll^Fsm, Gll^Fsm, Gll^Fsm
Gll^Fsm, Gll^Fsm, Gll^Fsm, Gll^Fsm, Gll^Fsm, Gll^Fsm, Gll^Fsm, Gll^Fsm, Gll^Fsm, Qib, Qid, Qid, Qid, Qid, Qid, Qid, Re, Re, Re, Re, Re, Re, Re, Re, Qib, Gll^Fsm, Gll^Fsm, Gll^Fsm, Gll^Fsm, Gll^Fsm
Gll^Fsm, Gll^Fsm, Gll^Fsm, Gll^Fsm, Gll^Fsm, Gll^Fsm, Gll^Fsm, Gll^Vso, Gll^Fsm, Qib, Qid, Qid^Vsp, Qid, Qcb, Qcb, Qid, Re, Re, Re, Re, Re, Re, Re, Re, Qib, Qrp, Qrp, Qrp, Qrp, Qrp
Gll^Fsm, Gll^Fsm, Gll^Fsm, Gll^Fsm, Gll^Fsm, Gll^Fsm, Gll^Fsm, Gll^Fsm, Gll^Fsm, Qib, Qid, Qid, Qid, 1 Qkb, Qcb, Qid, Re, Re^Vsd, Re, Re, Re, Re, Re, Re, Qib, Qrp, Qrp, Qrp, Qrp, Qrp
Gll^Fsm, Gll^Fsm, Gll, Gll, Gll, Gll^Fsm, Gll^Fsm, Gll^Fsm, Gll^Fsm, Qib, Qid, Qid, Qid, Qid, Qid, Qid, Re, Re, Re, Qib, Qid, Qid, Qid, Qid, Qib, Qrp, Qrp, Qsk, Qrp, Qrp
Gll, Gll, Qcp, Qcp, Qcp, Gll, Gll^Fsm, Gll^Fsm, Gll^Fsm, Qib, Qib, Qib, Qib, Qid, Qib, Qib, Re, Re, Re, Qib, Qid, Qid, Qid, Qid, Qib, Qrp, Qrp, Qrp, Qrp, Qrp
Gll, Gll, Qcp, 2 Qkp, Qcp, Re, Re, Re, Re, Re, Re, Re, Re, Re, Re, Re, Re, Re, Re, Qid, Qid, Qid, Qid, Qid, Re, Re, Qrp, Qrp, Qrp, Qrp
Gll, Gll, Gll, Gll, Gll, Gll, Gll^Fsm, Gll^Fsm, Gll^Fsm, Qib, Re, Re, Re, Re, Re, Re, Re, Re, Re, Qib, Qid, Qid, Qid, Qid, Qib, Qrp, Qrp, Qsk, Qrp, Qrp
Gll^Fsm, Gll^Fsm, Gll^Fsm, Gll, Gll^Fsm, Gll^Fsm, Gll^Fsm, Gll^Fsm, Gll^Fsm, Qib, Qid, Qid, Qid, Qid, Qib, Re, Re, Re, Re, Qib, Qid, Qid, Qid, Qid, Qib, Qrp, Qrp, Qrp, Qrp, Qrp
Gll^Fsm, Gll^Fsm, Gll^Fsm, Gll^Fsm, Gll^Fsm, Gll^Fsm, Gll^Fsm, Gll^Fsm, Gll^Fsm, Qib, Qid, Qid, Qid, Qid, Qib, Re, Re, Re^Vsd, Re, Re, Re, Re, Re, Re, Qib, Qrp, Qrp, Qrp, Qrp, Qrp
Gll^Fsm, Gll^Fsm, Gll^Fsm, Gll^Fsm, Gll^Fsm, Gll^Fsm, Gll^Fsm, Gll^Fsm, Gll^Fsm, Qib, Qid, Qid, Qid, Qid, Qid, Re, Re, Re, Re, Re, Re, Re^Vsd, Re, Re, Qib, Qrp, Qrp, Qsk, Qrp, Qrp
Gll^Fsm, Gll^Fsm, Gll^Fsm, Gll^Fsm, Gll^Fsm, Gll^Fsm, Gll^Fsm, Gll^Fsm, Gll^Fsm, Qib, Qid, Qid, Qid, Qid, Qib, Re, Re, Re, Re, Re, Re, Re, Re, Re, Qib, Qrp, Qrp, Qrp, Qrp, Qrp
Gll^Fsm, Gll^Fsm, Gll^Fsm, Gll^Fsm, Gll^Fsm, Gll^Fsm, Gll^Fsm, Gll^Fsm, Gll^Fsm, Qib, Qib, Qib, Qib, Qib, Qib, Qib, Qib, Qib, Qib, Qib, Qib, Qib, Qib, Qib, Qib, Gll^Fsm, Gll^Fsm, Gll^Fsm, Gll^Fsm, Gll^Fsm
Gll^Fsm, Gll^Fsm, Gll^Fsm, Gll^Fsm, Gll^Vso, Gll^Fsm, Gll^Fsm, Gll^Fsm, Gll^Fsm, Gll^Fsm, Gll^Fsm, Gll^Fsm, Gll^Fsm, Gll^Fsm, Gll^Fsm, Gll^Fsm, Gll^Fsm, Gll^Fsm, Gll^Fsm, Gll^Fsm, Gll^Fsm, Gll^Fsm, Gll^Fsm, Gll^Fsm, Gll^Fsm, Gll^Fsm, Gll^Fsm, Gll^Fsm, Gll^Fsm, Gll^Fsm
Gll^Fsm, Gll^Fsm, Gll^Fsm, Gll^Fsm, Gll^Fsm, Gll^Fsm, Gll^Fsm, Gll^Fsm, Gll^Fsm, Gll^Fsm, Gll^Fsm, Gll^Fsm, Gll^Fsm, Gll^Fsm, Gll^Vso, Gll^Fsm, Gll^Fsm, Gll^Fsm, Gll^Fsm, Gll^Fsm, Gll^Fsm, Gll^Vso, Gll^Fsm, Gll^Fsm, Gll^Fsm, Gll^Fsm, Gll^Fsm, Gll^Fsm, Gll^Fsm, Gll^Fsm
Gll^Fsm, Gll^Fsm, Gll^Fsm, Gll^Fsm, Gll^Fsm, Gll^Fsm, Gll^Fsm, Gll^Fsm, Gll^Fsm, Gll^Fsm, Gll^Fsm, Gll^Fsm, Gll^Fsm, Gll^Fsm, Gll^Fsm, Gll^Fsm, Gll^Fsm, Gll^Fsm, Gll^Fsm, Gll^Fsm, Gll^Fsm, Gll^Fsm, Gll^Fsm, Gll^Fsm, Gll^Fsm, Gll^Fsm, Gll^Fsm, Gll^Fsm, Gll^Fsm, Gll^Fsm
Gll^Fsm, Gll^Fsm, Gll^Fsm, Gll^Fsm, Gll^Fsm, Gll^Fsm, Gll^Fsm, Gll^Fsm, Gll^Fsm, Gll^Fsm, Gll^Fsm, Gll^Fsm, Gll^Fsm, Gll^Fsm, Gll^Fsm, Gll^Fsm, Gll^Fsm, Gll^Fsm, Gll^Fsm, Gll^Fsm, Gll^Fsm, Gll^Fsm, Gll^Fsm, Gll^Fsm, Gll^Fsm, Gll^Fsm, Gll^Fsm, Gll^Fsm, Gll^Fsm, Gll^Fsm
Gll^Fsm, Gll^Fsm, Gll^Fsm, Gll^Fsm, Gll^Fsm, Gll^Fsm, Gll^Fsm, Gll^Fsm, Gll^Fsm, Gll^Fsm, Gll^Fsm, Gll^Fsm, Gll^Fsm, Gll^Fsm, Gll^Fsm, Gll^Fsm, Gll^Fsm, Gll^Fsm, Gll^Fsm, Gll^Fsm, Gll^Fsm, Gll^Fsm, Gll^Fsm, Gll^Fsm, Gll^Fsm, Gll^Fsm, Gll^Fsm, Gll^Fsm, Gll^Fsm, Gll^Fsm
