Rr, Rr, Rr, Rr, Rr, Rr, Rr, Ke, Ce, Rr, Rr, Rr, Rr, Rr, Rr, Rr, Rr, Rr, Rr, Rr, Ww, Rr, Rr, Rrc, Rrc, Rrc, Rrc, Rrc
Rr, Rr, Rr, Rr, Rr, Rr, Rr, 2 Ke, Ce, Rr, Rr, Rr, Rr, Rr, Rr, Rr, Rr, Rr, Rr, Rr, Ww, Rr, Rr, Rrc, Rrc, Rrc, Rrc, Rrc
Rr, Rr, Rr, Xos, Xos, Xos, Rr, Rr, Rr, Xos, Xos, Xos, Rr^Vhc, Rr, Rr, Xos, Xos, Xos, Rr, Rr, Ww, Rr, Rr, Rrc, Rrc, Qsk, Rrc, Rrc
Rr, Rr, Rr, Xos, Xos, Xos, Rr^Vhc, Rr, Rr, Xos, Xos, Xos, Rr, Rr, Rr, Xos, Xos, Xos, Rr, Ww^Bsb|, Ww, Rr, Rr, Rrc, Rrc, Rrc, Rrc, Rrc
Rr, Rr, Rr, Xos, Xos, Xos, Rr, Rr, Rr, Rr, Rr, Rr, Rr, Rr, Rr, Xos, Xos, Xos, Rr, Ww, Rr, Rr, Rr, Rrc, Rrc, Rrc, Rrc, Rrc
Rr, Rr, Rr, Rr, Rr, Rr, Rr, Rr, Rr, Rr, Rr, Rr, Rr, Rr, Rr, Rr, Rr, Rr, Rr^Vhc, Ww, Rr, Rr, Rr, Rr, Rr, Rr, Rr, Rr
Rr, Rr, Rr, Rr, Rr, Rr, Rr, Rr, Xos, Xos, Xos, Rr, Rr, Rr, Rr, Rr, Rr, Rr, Rr, Ww, Xos, Xos, Xos, Rr, Rr, Rr, Rr, Rr
Rr, Rr, Rr, Xos, Xos, Rr, Rr, Rr, Xos, Xos, Xos, Rr^Vhc, Rr, Rr, Xos, Xos, Xos, Rr, Rr, Ww, Xos, Xos, Xos, Rr, Rr, Rr, Rr, Rr
Rr, Rr, Rr, Xos, Xos, Rr^Vhc, Rr, Rr, Xos, Xos, Xos, Rr, Rrc, Rrc, Rrc, Xos, Xos, Rr, Rr, Ww, Xos, Xos, Xos, Rr, Gg^Fds, Rr, Rr, Rr
Rr, Rr, Rr, Xos, Xos, Rr, Rr, Rr, Rr, Rr, Rr, Rrc, Rrc, Rrc, Rrc, Rrc, Rr, Rr, Rr, Ww^Bsb|, Rr, Rr, Rr, Gg^Fds, Gg^Fds, Gg^Fds, Rr, Rr
Rr, Rr, Rr, Rr, Rr, Rr, Gg^Fds, Gg^Fds, Gg^Fds, Rr, Rr, Rrc, Rrc, Rrc, Rrc, Rrc, Rr, Rr, Rr, Ww, Rr, Rr, Rr, Gg^Fds, Gg^Fds, Gg^Fds, Rr, Rr
Rr, Rr, Rr, Rr, Rr, Rr, Gg^Fds, Gg^Fds, Gg^Fds, Rr, Rr, Rrc, Rrc, Rrc, Rrc, Rrc, Rr, Rr, Rr, Rr, Xos, Xos, Xos, Rr, Rr, Rr, Rr, Rr
Rr, Rr, Rr, Rr, Rr, Rr, Rr, Gg^Fds, Rr, Xos, Xos, Xos, Rr, Rrc, Rr, Xos, Xos, Xos, Rr^Vhc, Rr, Xos, Xos, Xos, Rr^Vhc, Rr, Rr, Rr, Rr
Rr, Rr, Rr, Xos, Xos, Xos, Rr, Rr, Rr, Xos, Xos, Xos, Rr^Vhc, Rr, Rr, Xos, Xos, Xos, Gg^Fds, Gg^Fds, Gg^Fds, Xos, Xos, Rr, Rr, Rr, Rr, Rr
Rr, Rr, Rr, Xos, Xos, Xos, Rr^Vhc, Rr, Rr, Xos, Xos, Xos, Rr, Rr, Rr, Rr, Rr, Gg^Fds, Gg^Fds, Gg^Fds, Gg^Fds, Gg^Fds, Rr, Rr, Rr, Rr, Rr, Rr
Rr, Rr, Ch, Xos, Xos, Xos, Rr, Rr, Rr, Rr, Rr, Rr, Rr, Rr, Rr, Rr, Rr, Gg^Fds, Gg^Fds, Gg^Fds, Gg^Fds, Gg^Fds, Rr, Rr, Rr, Rr, Rr, Rr
Ch, Ch, 1 Kh, Ch, Rr, Rr, Rr, Rr, Rr, Rr, Rr, Rr, Rr, Xos, Xos, Xos, Xos, Gg^Fds, Gg^Fds, Gg^Fds, Gg^Fds, Gg^Fds, Rr, Rr, Rr, Rr, Rr, Rr
Ch, Ch, Rr, Ch, Rr, Rr, Rr, Rr, Rr, Rr, Rr, Rr, Rr, Xos, Xos, Xos, Xos, Rr, Rr, Gg^Fds, Rr, Rr, Rr, Rr, Rr, Rr, Rr, Rr
Rr, Rr, Rr, Rr, Rr, Rr, Rr, Rr, Rr, Rr, Rr, Rr, Rr, Rr, Rr, Rr, Rr, Rr, Rr, Rr, Rr, Rr, Rr, Rr, Rr, Rr, Rr, Rr
Rr, Rr, Rr, Rr, Rr, Rr, Rr, Rr, Rr, Rr, Rr, Rr, Rr, Rr, Rr, Rr, Rr, Rr, Rr, Rr, Rr, Rr, Rr, Rr, Rr, Rr, Rr, Rr
