Qsp, Qsp, Qsp, Qsp, Qsp, Qsp, Qsp, Qsp, Qsp, Qsp, Qsp, Qsp, Qsp, Qsp, Qsp, Qsp, Qsp, Qsp, Qsp, Qsp, Qsp, Qsp, Qsp, Qsp
Qsp, Qsp, Qsp, Qsp, Qsp, Qsp, Qsp, Qsp, Qsp, Qsp, Qsp, Qsp, Qsp, Qsp, Qsp, Qsp, Qsp, Qsp, Qsp, Qsp, Qsp, Qsp, Qsp, Qsp
Qsp, Qsp, Qsp, Qsp, Qsp, Qsp, Qsp, Qsp, Qsp, Qsp, Qsp, Qsp, Qsp, Qsp, Qsp, Qsa, Qsp, Qsp, Qsp, Qsp, Qsp, Qsp, Qsp, Qsp
Qsp, Qsp, Qsp, Qsp, Qsp, Qsp, Qsp, Qsp, Qsp, Qsp, Qsp, Qsp, Qsp, Qsp, Qsp, Qsp, Qsp, Qsp, Qsp, Qsp, Qsp, Qsp, Qsp, Qsp
Qsp, Qsp, Qsp, Qsp, Qsp, Qsp, Qsp, Qsp, Qsp, Qsp, Qsp, Qsp, Qsp, Qsp, Qsa, Qsp, Qsp, Qsp, Qsp, Qsp, Qsp, Qsp, Qsp, Qsp
Qsp, Qsp, Qsp, Qsp, Qsp, Qsp, Qsp, Qsa, Qsp, Qsp, Qsp, Qsp, Qsp, Qsp, Qsp, Qsp, Qsp, Qsp, Qsp, Qsp, Qsp, Qsp, Qsp, Qsp
Qsp, Qsp, Qsp, Qsp, Qsa, Qsp, Qsp, Qsa, Qsa, Qsp, Qsp, Qsp, Qsp, Qsp, Qsp, Qsa, Qsp, Qsp, Qsp, Qsp, Qsp, Qsp, Qsp, Qsp
Qsp, Qsp, Qsp, Qsp, Qsp, Qsa, Qsa, Qsa, Qsa, Qsp, Qsp, Qsp, Qsp, Qsp, Qsp, Qsp, Qsp, Qsp, Qsp, Qsp, Qsp, Qsp, Qsp, Qsp
Qsp, Qsp, Qsp, Qsp, Qsa, Qsa, 1 Qsp, Qsp, Qsa, Qsp, Qsp, Qsp, Qsp, Qsp, Qsp, Qsp, Qsp, Qsp, Qsp, Qsa, Qsp, Qsa, Qsp, Qsp
Qsp, Qsp, Qsp, Qsp, Qsp, Qsa, Qsp, Qsp, Qsp, Qsp, Qsp, Qsp, Qsp, Qsp, Qsp, Qsp, Qsp, Qsp, Qsp, Qsa, Qsp, Qsp, Qsp, Qsp
Qsp, Qsp, Qsp, Qsp, Qsp, Qsa, Qsp, Qsp, Qsp, Qsa, Qsp, Qsp, Qsp, Qsp, Qsp, Qsp, Qsp, Qsp, Qsp, Qsp, Qsp, Qsp, Qsp, Qsp
Qsp, Qsp, Qsp, Qsp, Qsp, Qsp, Qsp, Qsa, Qsp, Qsp, Qsp, Qsp, Qsp, Qsp, Qsp, Qsp, Qsp, Qsp, Qsp, Qsp, Qsp, Qsp, Qsp, Qsp
Qsp, Qsp, Qsp, Qsp, Qsp, Qsp, Qsp, Qsp, Qsp, Qsp, Qsp, Qsp, Qsp, Qsp, Qsa, Qsp, Qsa, Qsa, Qsp, Qsp, Qsp, Qsp, Qsp, Qsp
Qsp, Qsp, Qsp, Qsp, Qsp, Qsp, Qsp, Qsp, Qsp, Qsp, Qsp, Qsp, Qsp, Qsp, Qsp, Qsp, Qsa, Qsp, Qsa, Qsp, Qsp, Qsp, Qsp, Qsp
Qsp, Qsp, Qsp, Qsp, Qsp, Qsp, Qsp, Qsp, Qsp, Qsp, Qsp, Qsp, Qsp, Qsp, Qsa, Qsa, Qsa, Qsa, Qsp, Qsp, Qsp, Qsp, Qsp, Qsp
Qsp, Qsp, Qsp, Qsp, Qsp, Qsp, Qsp, Qsp, Qsp, Qsp, Qsp, Qsp, Qsp, Qsp, Qsp, Qsa, Qsa, Qsp, Qsp, Qsp, Qsp, Qsp, Qsp, Qsp
Qsp, Qsp, Qsp, Qsp, Qsp, Qsp, Qsp, Qsp, Qsp, Qsp, Qsp, Qsp, Qsp, Qsp, Qsp, Qsp, Qsp, Qsp, Qsp, Qsp, Qsp, Qsp, Qsp, Qsp
Qsp, Qsp, Qsp, Qsp, Qsp, Qsp, Qsp, Qsp, Qsp, Qsp, Qsp, Qsp, Qsp, Qsp, Qsp, Qsp, Qsp, Qsp, Qsp, Qsp, Qsp, Qsp, Qsp, Qsp
