Gll^Ftr, Gll^Ftr, Gll^Ftr, Gll^Fds, Gll^Fds, Gll^Ftr, Gll^Fds, Gll^Fet, Gll^Fds, Gll^Fds, Gll^Ftr, Gll^Fds, Gll^Fet, Gll^Ftr, Gll^Fds, Gll^Fds, Gll^Fds, Gll^Ftr, Gll^Ftr, Gll^Ftr, Gll^Ftr, Gll^Fet, Gll^Fds, Gll^Ftr, Gll^Fds, Gll^Fds
Gll^Ftr, Gll^Ftr, Gll^Ftr, Gll^Fds, Gll^Fds, Gll^Ftr, Gll^Fds, Gll^Fet, Gll^Fds, Gll^Fds, Gll^Ftr, Gll^Fds, Gll^Fet, Gll^Ftr, Gll^Fds, Gll^Fds, Gll^Fds, Gll^Ftr, Gll^Ftr, Gll^Ftr, Gll^Ftr, Gll^Fet, Gll^Fds, Gll^Ftr, Gll^Fds, Gll^Fds
Gll^Fds, Gll^Fds, Gll^Ftr, Gll^Fds, Gll^Fds, Gll^Ftr, Gll^Ftr, Gll^Fds, Gll^Fds, Gll^Ftr, Gll^Fds, Gll^Fds, Gll^Fds, Gll^Fds, Gll^Fds, Gll^Fds, Gll^Fds, Gll^Fds, Gll^Ftr, Gll^Fds, Gll^Ftr, Gll^Ftr, Gll^Ftr, Gll^Ftr, Gll^Fds, Gll^Fds
Gll^Ftr, Gll^Ftr, Gll^Ftr, Gll^Fds, Qib, Qib, Qib, Qib, Qib, Qib, Qib, Qib, Re, Qib, Qib, Qib, Qib, Qib, Qib, Qib, Gll^Ftr, Gll^Ftr, Gll^Fds, Gll^Fds, Gll^Ftr, Gll^Ftr
Gll^Fds, Gll^Fds, Gll^Fds, Gll^Fds, Qib, Qid, Qid, Qid, Qid, Qid, Qid, Re, Re, Re, Re, Re, Re, Re, Re, Qib, Gll^Ftr, Gll^Ftr, Gll^Ftr, Gll^Fds, Gll^Fds, Gll^Fds
Gll^Ftr, Gll^Ftr, Gll^Fds, Gll^Fds, Qib, Qid, Qid^Vhc, Qid, Qid, Qid, Qid, Re, Re, Re, Re, Re, Re, Re, Re, Qib, Gll^Fds, Gll^Fds, Gll^Ftr, Gll^Fds, Gll^Ftr, Gll^Ftr
Gll^Fds, Gll^Fds, Gll^Fet, Gll^Fds, Qib, Qid, Qid, Qid, Qid, Qid, Qid, Re, Re^Vhc, Re, Re, Re, Re, Re, Re, Qib, Gll^Fds, Gll^Ftr, Gll^Fds, Gll^Fds, Gll^Fds, Gll^Fds
Gll^Fds, Gll^Fds, Gll^Fds, Gll^Ftr, Qib, Qid, Qid, Qid, Qid, Qid, Qid, Re, Re, Re, Qib, Qid, Qid, Qid, Qid, Qib, Gll^Ftr, Gll^Fds, Gll^Ftr, Gll^Fds, Gll^Fds, Gll^Fds
Gll^Ftr, Gll^Ftr, Gll^Fds, Gll^Ftr, Qib, Qib, Qib, Qib, Qid, Qib, Qib, Re, Re, Re, Qib, Qid, Qid, Qid, Qid, Qib, Gll^Fds, Gll^Ftr, Gll^Fds, Gll^Ftr, Gll^Fds, Gll^Fds
Gll^Fds, Gll^Fds, Gll^Fds, Gll^Fds, Re, Re, Re, Re, Re, Re, Re, Re, Re, Re, Qid, Qid, Qid, Qid, Qid, Re, Gll^Fds, Gll^Ftr, Gll^Fds, Gll^Fds, Gll^Ftr, Gll^Ftr
Gll^Fds, Gll^Fds, Gll^Fds, Gll^Fds, Qib, Re, Re, Re, Re, Re, Re, Re, Re, Re, Qib, Qid, Qid, Qid, Qid, Qib, Gll^Fds, Gll^Fds, Gll^Ftr, Gll^Ftr, Gll^Fds, Gll^Fds
Gll^Fds, Gll^Fds, Gll^Fds, Gll^Fds, Qib, Qid, Qid, Qid, Qid, Qib, Re, Re, Re, Re, Qib, Qid, Qid, Qid, Qid, Qib, Gll^Fds, Gll^Ftr, Gll^Ftr, Gll^Fds, Gll^Fds, Gll^Fds
Gll^Fds, Gll^Fds, Gll^Fet, Gll^Ftr, Qib, Qid, Qid, Qid, Qid, Qib, Re, Re, Re^Vhc, Re, Re, Re, Re, Re, Re, Qib, Gll^Fds, Gll^Fds, Gll^Fds, Gll^Fds, Gll^Fds, Gll^Fds
Gll^Fds, Gll^Fds, Gll^Fds, Gll^Fds, Qib, Qid, 1 Qid, Qid, Qid, Qid, Re, Re, Re, Re, Re, Re, Re^Vhc, Re, Re, Qib, Gll^Ftr, Gll^Fds, Gll^Fds, Gll^Fds, Gll^Fds, Gll^Fds
Gll^Fet, Gll^Fet, Gll^Fds, Gll^Fds, Qib, Qid, Qid, Qid, Qid, Qib, Re, Re, Re, Re, Re, Re, Re, Re, Re, Qib, Gll^Ftr, Gll^Ftr, Gll^Fds, Gll^Fds, Gll^Fds, Gll^Fds
Gll^Fet, Gll^Fet, Gll^Ftr, Gll^Fds, Qib, Qib, Qib, Qib, Qib, Qib, Qib, Qib, Qib, Qib, Qib, Qib, Qib, Qib, Qib, Qib, Gll^Ftr, Gll^Ftr, Gll^Fds, Gll^Ftr, Gll^Fds, Gll^Fds
Gll^Fds, Gll^Fds, Gll^Ftr, Gll^Fds, Gll^Ftr, Gll^Fds, Gll^Ftr, Gll^Fds, Gll^Ftr, Gll^Fds, Gll^Fds, Gll^Fds, Gll^Fds, Gll^Fds, Gll^Fds, Gll^Fds, Gll^Fds, Gll^Fds, Gll^Fds, Gll^Fet, Gll^Ftr, Gll^Fds, Gll^Fds, Gll^Fds, Gll^Fds, Gll^Fds
Gll^Fds, Gll^Fds, Gll^Ftr, Gll^Fet, Gll^Fds, Gll^Ftr, Gll^Fds, Gll^Fds, Gll^Fds, Gll^Fds, Gll^Fds, Gll^Fds, Gll^Fds, Gll^Fds, Gll^Fds, Gll^Fet, Gll^Fds, Gll^Fds, Gll^Fds, Gll^Fds, Gll^Fds, Gll^Fds, Gll^Fds, Gll^Fds, Gll^Ftr, Gll^Ftr
Gll^Ftr, Gll^Ftr, Gll^Fds, Gll^Ftr, Gll^Fds, Gll^Fds, Gll^Fet, Gll^Fds, Gll^Fds, Gll^Fds, Gll^Fds, Gll^Fds, Gll^Fds, Gll^Fds, Gll^Ftr, Gll^Fds, Gll^Fds, Gll^Fds, Gll^Ftr, Gll^Fds, Gll^Fet, Gll^Fds, Gll^Fds, Gll^Ftr, Gll^Ftr, Gll^Ftr
Gll^Ftr, Gll^Ftr, Gll^Fds, Gll^Ftr, Gll^Fds, Gll^Fds, Gll^Fet, Gll^Fds, Gll^Fds, Gll^Fds, Gll^Fds, Gll^Fds, Gll^Fds, Gll^Fds, Gll^Ftr, Gll^Fds, Gll^Fds, Gll^Fds, Gll^Ftr, Gll^Fds, Gll^Fet, Gll^Fds, Gll^Fds, Gll^Ftr, Gll^Ftr, Gll^Ftr
