Gll^Fsm, Gll^Fsm, Gll^Fsm, Gll^Fsm, Gll^Fsm, Gll^Fsm, Hh^Fsm, Gll^Fsm, Gll^Fsm, Gll^Fsm, Gll^Fsm, Gll^Fsm, Gll^Fsm, Gll^Fsm, Gll^Fsm, Gll^Fsm, Gll^Fsm, Gll^Fsm, Ww, Gll^Fsm, Gll^Fsm, Gll^Fsm, Gll^Fsm, Gll^Fsm, Gll^Fsm, Hh^Fsm, Gll^Fsm, Gll^Fsm, Gll^Fsm, Gll^Fsm, Gll^Fsm, Gll^Fsm
Gll^Fsm, Gll^Fsm, Gll^Fsm, Gll^Fsm, Gll^Fsm, Gll^Fsm, Hh^Fsm, Gll^Fsm, Gll^Fsm, Gll^Fsm, Gll^Fsm, Gll^Fsm, Gll^Fsm, Gll^Fsm, Gll^Fsm, Gll^Fsm, Gll^Fsm, Gll^Fsm, Ww, Gll^Fsm, Gll^Fsm, Gll^Fsm, Gll^Fsm, Gll^Fsm, Gll^Fsm, Hh^Fsm, Gll^Fsm, Gll^Fsm, Gll^Fsm, Gll^Fsm, Gll^Fsm, Gll^Fsm
Gll^Fsm, Gll^Fsm, Gll^Fsm, Gll^Fsm, Gll^Fsm, Hh^Fsm, Gll^Fsm, Gll^Fsm, Hh^Fsm, Gll^Fsm, Gll^Fsm, Gll^Fsm, Gll^Fsm, Gll^Fsm, Gll^Fsm, Gll^Fsm, Gll^Fsm, Gll^Fsm, Ww, Gll^Fsm, Gll^Fsm, Gll^Fsm, Gll^Fsm, Gll^Fsm, Gll^Fsm, Gll^Fsm, Gll^Fsm, Gll^Fsm, Gll^Fsm, Gll^Fsm, Gll^Fsm, Gll^Fsm
Gll^Fsm, Gll^Fsm, Gll^Fsm, Hh^Fsm, Gll^Fsm, Gll^Fsm, Gll^Fsm, Gll^Fsm, Gll^Fsm, Gll^Fsm, Gll^Fsm, Gll^Fsm, Gll^Fsm, Gll^Fsm, Gll^Fsm, Gll^Fsm, Gll^Fsm, Gll^Fsm, Ww, Gll^Fsm, Gll^Fsm, Gll^Fsm, Gll^Fsm, Hh^Fsm, Gll^Fsm, Gll^Fsm, Hh^Fsm, Gll^Fsm, Gll^Fsm, Gll^Fsm, Gll^Fsm, Gll^Fsm
Gll^Fsm, Gll^Fsm, Gll^Fsm, Gll^Fsm, Gll^Fsm, Gll^Fsm, Gll^Fsm, Gll^Fsm, Gll^Fsm, Gll^Fsm, Gll, Gll^Fsm, Gll^Fsm, Gll^Fsm, Gll^Fsm, Gll^Fsm, Gll^Fsm, Gll^Fsm, Ww, Gll^Fsm, Gll^Fsm, Gll^Fsm, Gll^Fsm, Hh^Fsm, Gll^Fsm, Gll^Fsm, Gll^Fsm, Gll^Fsm, Hh^Fsm, Gll^Fsm, Gll^Fsm, Gll^Fsm
Gll^Fsm, Gll^Fsm, Gll^Fsm, Hh^Fsm, Gll^Fsm, Gll^Fsm, Gll^Fsm, Gll^Fsm, Gll, Gll, Gll, Gll, Gll, Gll^Fsm, Gll^Fsm, Gll^Fsm, Gll^Fsm, Ww, Gll^Fsm, Gll^Fsm, Gll^Fsm, Gll^Fsm, Gll^Fsm, Gll^Fsm, Gll^Fsm, Gll^Fsm, Gll^Fsm, Gll^Fsm, Hh^Fsm, Gll^Fsm, Gll^Fsm, Gll^Fsm
Gll^Fsm, Gll^Fsm, Gll^Fsm, Gll^Fsm, Gll^Fsm, Gll^Fsm, Gll^Fsm, Gll^Fsm, Gll, Gll, Gll, Gll, Gll, Gll^Fsm, Hh^Fsm, Gll^Fsm, Gll^Fsm, Ww, Gll^Fsm, Gll^Fsm, Gll, Gll, Gll, Gll^Fsm, Gll^Fsm, Hh^Fsm, Gll^Fsm, Gll^Fsm, Qrd, Qrd, Qrd, Qrd
Gll^Fsm, Gll^Fsm, Gll^Fsm, Gll^Fsm, Gll^Fsm, Gll^Fsm, Gll^Fsm, Gll^Fsm, Gll, Gll, Gll, Gll, Gll, Gll^Fsm, Gll^Fsm, Hh^Fsm, Gll^Fsm, Ww, Gll^Fsm, Gll, Gll, Gll, Gll, Gll, Gll^Fsm, Gll^Fsm, Gll^Fsm, Gll^Fsm, Qrd^Vsd, Qrd, Qrd, Qrd
Gll^Fsm, Gll^Fsm, Gll^Fsm, Gll^Fsm, Hh^Fsm, Gll^Fsm, Gll^Fsm, Gll^Fsm, Gll^Fsm, Gll, Gll, Gll, Gll^Fsm, Gll^Fsm, Gll^Fsm, Gll^Fsm, Gll^Fsm, Wwf, Gll^Fsm, Gll, Gll, Gll, Gll, Gll, Gll^Fsm, Gll^Fsm, Gll^Fsm, Gll^Fsm, Qrd, Qrd, Qrd, Qrd
Gll^Fsm, Gll^Fsm, Gll^Fsm, Gll^Fsm, Gll^Fsm, Gll^Fsm, Gll^Fsm, Gll^Fsm, Gll^Fsm, Gll^Fsm, Gll^Fsm, Gll^Fsm, Gll^Fsm, Gll^Fsm, Gll^Fsm, Gll^Fsm, Gll^Fsm, Ww, Ww, Gll, Gll, Gll, Gll, Gll, Gll^Fsm, Gll^Fsm, Gll^Fsm, Gll^Fsm, Qrd, Qrd^Vsd, Qrd, Qrd
Gll^Fsm, Gll^Fsm, Gll^Fsm, Gll^Fsm, Gll^Fsm, Gll^Fsm, Gll^Fsm, Gll^Fsm, Gll^Fsm, Gll^Fsm, Gll^Fsm, Gll^Fsm, Gll^Fsm, Gll^Fsm, Gll^Fsm, Gll^Fsm, Gll^Fsm, Gll^Fsm, Ww, Gll^Fsm, Gll^Fsm, Gll, Gll^Fsm, Gll^Fsm, Gll^Fsm, Gll^Fsm, Gll^Fsm, Gll^Fsm, Qrd, Qrd, Qrd^Vsd, Qrd^Vsd
Gll^Fsm, Gll^Fsm, Gll, Gll, Gll, Gll^Fsm, Gll^Fsm, Gll^Fsm, Gll^Fsm, Gll^Fsm, Gll^Fsm, Gll^Fsm, Gll^Vso, Gll^Fsm, Gll^Fsm, Gll^Fsm, Gll^Fsm, Gll^Fsm, Ww, Gll^Fsm, Gll^Fsm, Gll^Fsm, Gll^Fsm, Gll^Fsm, Gll^Fsm, Gll^Fsm, Gll^Fsm, Gll^Fsm, Qrd^Vsd, Qrd, Qrd, Qrd
Gll^Fsm, Gll^Fsm, Gll, 1 Gll, Gll^Dr, Gll^Fsm, Gll^Fsm, Gll^Fsm, Gll^Fsm, Gll^Fsm, Gll^Fsm, Gll^Fsm, Gll^Fsm, Gll^Fsm, Gll^Fsm, Gll^Fsm, Gll^Fsm, Gll^Fsm, Ww, Gll^Fsm, Gll^Fsm, Gll^Fsm, Gll^Fsm, Gll^Fsm, Gll^Fsm, Gll^Fsm, Gll^Fsm, Gll^Fsm, Qrd, Qrd, Qrd, Qrd
Gll^Fsm, Gll^Fsm, Gll^Fsm, Gll, Gll^Fsm, Gll^Fsm, Gll^Fsm, Gll^Fsm, Gll^Fsm, Gll^Fsm, Gll^Fsm, Gll^Fsm, Gll^Fsm, Gll^Fsm, Gll, Gll, Gll, Gll^Fsm, Gll^Fsm, Ww, Gll^Fsm, Gll^Fsm, Gll^Fsm, Gll^Fsm, Gll^Fsm, Gll^Fsm, Gll^Fsm, Gll^Fsm, Qrd, Qrd^Vsd, Qrd, Qrd
Gll^Fsm, Gll^Fsm, Gll^Fsm, Gll^Fsm, Gll^Fsm, Gll^Fsm, Gll^Fsm, Gll^Fsm, Gll^Fsm, Gll^Fsm, Gll^Fsm, Gll^Fsm, Gll^Fsm, Gll, Gll, Gll, Gll, Gll, Gll^Fsm, Ww^Bsb|, Gll^Fsm, Gll^Fsm, Hh^Fsm, Gll^Fsm, Gll^Fsm, Gll^Fsm, Gll^Fsm, Gll^Fsm, Qrd, Qrd, Qrd, Qrd
Gll^Fsm, Gll^Fsm, Gll^Fsm, Gll^Fsm, Gll^Fsm, Gll^Fsm, Gll^Fsm, Hh^Fsm, Gll^Fsm, Gll^Fsm, Hh^Fsm, Gll^Fsm, Gll^Fsm, Gll, Gll, Gll, Gll, Gll, Gll^Fsm, Ww, Gll^Fsm, Gll^Fsm, Gll^Fsm, Gll^Fsm, Gll^Fsm, Hh^Fsm, Gll^Fsm, Gll^Fsm, Qrd, Qrd, Qrd, Qrd
Gll^Fsm, Gll^Fsm, Gll^Fsm, Gll^Fsm, Gll^Fsm, Gll^Fsm, Gll^Fsm, Gll^Fsm, Gll^Fsm, Gll^Fsm, Gll^Fsm, Gll^Fsm, Gll^Fsm, Gll, Gll, Gll, Gll, Gll, Gll^Fsm, Ww, Gll^Fsm, Gll^Fsm, Gll^Fsm, Hh^Fsm, Gll^Vso, Gll^Fsm, Gll^Fsm, Gll^Fsm, Gll^Fsm, Gll^Fsm, Gll^Fsm, Gll^Fsm
Gll^Fsm, Gll^Fsm, Gll^Fsm, Gll^Fsm, Gll^Fsm, Gll^Fsm, Gll^Fsm, Hh^Fsm, Gll^Vso, Gll^Fsm, Gll^Fsm, Gll^Fsm, Gll^Fsm, Gll^Fsm, Gll^Fsm, Gll, Gll^Fsm, Gll^Fsm, Ww, Ww, Gll^Fsm, Gll^Fsm, Gll^Fsm, Gll^Fsm, Gll^Fsm, Gll^Fsm, Gll^Fsm, Gll^Fsm, Gll^Fsm, Gll^Fsm, Gll^Fsm, Gll^Fsm
Gll^Fsm, Gll^Fsm, Gll^Fsm, Gll^Fsm, Gll^Fsm, Hh^Fsm, Gll^Fsm, Gll^Fsm, Gll^Fsm, Gll^Fsm, Gll^Fsm, Gll^Fsm, Gll^Fsm, Gll^Fsm, Gll^Fsm, Gll^Fsm, Gll^Fsm, Gll^Fsm, Ww, Gll^Fsm, Gll^Fsm, Gll^Fsm, Gll^Fsm, Gll^Fsm, Gll^Fsm, Gll^Fsm, Gll^Fsm, Gll^Fsm, Gll^Fsm, Gll^Fsm, Gll^Fsm, Gll^Fsm
Gll^Fsm, Gll^Fsm, Gll^Fsm, Gll^Fsm, Gll^Fsm, Gll^Fsm, Gll^Fsm, Gll^Fsm, Gll^Fsm, Hh^Fsm, Gll^Fsm, Gll^Fsm, Gll^Fsm, Gll^Fsm, Hh^Fsm, Gll^Fsm, Gll^Fsm, Gll^Fsm, Ww, Gll^Fsm, Gll^Fsm, Gll^Fsm, Gll^Fsm, Gll^Fsm, Gll^Fsm, Gll^Fsm, Gll^Fsm, Gll^Fsm, Gll^Fsm, Gll^Fsm, Gll^Fsm, Gll^Fsm
Gll^Fsm, Gll^Fsm, Gll^Fsm, Gll^Fsm, Gll^Fsm, Gll^Fsm, Gll^Fsm, Gll^Fsm, Gll^Fsm, Gll^Fsm, Gll^Fsm, Gll^Fsm, Gll^Fsm, Gll^Fsm, Gll^Fsm, Gll^Fsm, Gll^Fsm, Gll^Fsm, Ww, Gll^Fsm, Gll^Fsm, Gll^Fsm, Gll^Fsm, Gll^Fsm, Gll^Fsm, Gll^Fsm, Gll^Fsm, Gll^Fsm, Gll^Fsm, Gll^Fsm, Gll^Fsm, Gll^Fsm
Gll^Fsm, Gll^Fsm, Gll^Fsm, Gll^Fsm, Gll^Fsm, Gll^Fsm, Gll^Fsm, Gll^Fsm, Gll^Fsm, Gll^Fsm, Gll^Fsm, Gll^Fsm, Gll^Fsm, Gll^Fsm, Gll^Fsm, Gll^Fsm, Gll^Fsm, Gll^Fsm, Ww, Gll^Fsm, Gll^Fsm, Gll^Fsm, Gll^Fsm, Gll^Fsm, Gll^Fsm, Gll^Fsm, Gll^Fsm, Gll^Fsm, Gll^Fsm, Gll^Fsm, Gll^Fsm, Gll^Fsm
