Gll^Ftr, Gll^Ftr, Gll^Fds, Gll^Fds, Gll^Fet, Gll^Ftr, Hh^Fds, Gll^Fds, Gll^Ftr, Gll^Fds, Gll^Fet, Gll^Ftr, Gll^Fds, Gll^Fds, Gll^Ftr, Gll^Fds, Gll^Fds, Gll^Ftr, Ww, Gll^Fds, Gll^Fds, Gll^Ftr, Gll^Ftr, Gll^Fds, Gll^Ftr, Hh^Fds, Gll^Ftr, Gll^Ftr, Gll^Fds, Gll^Fds, Gll^Ftr, Gll^Ftr
Gll^Ftr, Gll^Ftr, Gll^Fds, Gll^Fds, Gll^Fet, Gll^Ftr, Hh^Fds, Gll^Fds, Gll^Ftr, Gll^Fds, Gll^Fet, Gll^Ftr, Gll^Fds, Gll^Fds, Gll^Ftr, Gll^Fds, Gll^Fds, Gll^Ftr, Ww, Gll^Fds, Gll^Fds, Gll^Ftr, Gll^Ftr, Gll^Fds, Gll^Ftr, Hh^Fds, Gll^Ftr, Gll^Ftr, Gll^Fds, Gll^Fds, Gll^Ftr, Gll^Ftr
Gll^Fds, Gll^Fds, Gll^Fds, Gll^Ftr, Gll^Fds, Hh^Fds, Gll^Fds, Gll^Fds, Hh^Fds, Gll^Fds, Gll^Fds, Gll^Fds, Gll^Ftr, Gll^Fds, Gll^Fds, Gll^Fds, Gll^Fet, Gll^Ftr, Ww, Gll^Fds, Gll^Fds, Gll^Fds, Gll^Ftr, Gll^Ftr, Gll^Fds, Gll^Fet, Gll^Fet, Gll^Ftr, Gll^Ftr, Gll^Fet, Gll^Fds, Gll^Fds
Gll^Ftr, Gll^Ftr, Gll^Fds, Hh^Fds, Gll^Fds, Gll^Ftr, Gll^Ftr, Gll^Ftr, Gll^Fet, Gll^Fds, Gll^Fds, Gll^Ftr, Gll^Ftr, Gll^Fds, Gll^Fds, Gll^Fds, Gll^Fds, Gll^Fds, Ww, Gll^Fds, Gll^Fet, Gll^Ftr, Gll^Fet, Hh^Fds, Gll^Fds, Gll^Fds, Hh^Fds, Gll^Fds, Gll^Fds, Gll^Fet, Gll^Fds, Gll^Fds
Gll^Fds, Gll^Fds, Gll^Fds, Gll^Ftr, Gll^Fds, Gll^Fds, Gll^Fds, Gll^Fds, Gll^Fds, Gll^Fet, Gll, Gll^Fds, Gll^Ftr, Gll^Ftr, Gll^Ftr, Gll^Fds, Gll^Fds, Gll^Fds, Ww, Gll^Ftr, Gll^Fds, Gll^Fet, Gll^Fds, Hh^Fds, Gll^Fds, Gll^Ftr, Gll^Ftr, Gll^Fet, Hh^Fds, Gll^Ftr, Gll^Fds, Gll^Fds
Gll^Fet, Gll^Fet, Gll^Fds, Hh^Fds, Gll^Fet, Gll^Ftr, Gll^Ftr, Gll^Ftr, Gll, Gll, Gll, Gll, Gll, Gll^Fds, Gll^Ftr, Gll^Fds, Gll^Fds, Ww, Gll^Fds, Gll^Fds, Gll^Fds, Gll^Ftr, Gll^Fds, Gll^Ftr, Gll^Fet, Gll^Fet, Gll^Ftr, Gll^Fds, Hh^Fds, Gll^Fds, Gll^Fet, Gll^Fet
Gll^Ftr, Gll^Ftr, Gll^Fds, Gll^Fds, Gll^Ftr, Gll^Ftr, Gll^Fds, Gll^Fds, Gll, Gll, Gll, Gll, Gll, Gll^Fds, Hh^Fds, Gll^Fds, Gll^Fds, Ww, Gll^Fds, Gll^Ftr, Gll, Gll, Gll, Gll^Fds, Gll^Fds, Hh^Fds, Gll^Ftr, Gll^Fds, Qrd, Qrd, Qrd, Qrd
Gll^Fds, Gll^Fds, Gll^Ftr, Gll^Fds, Gll^Ftr, Gll^Fds, Gll^Fds, Gll^Fds, Gll, Gll, Gll, Gll, Gll, Gll^Fds, Gll^Fds, Hh^Fds, Gll^Fet, Ww, Gll^Fds, Gll, Gll, Gll, Gll, Gll, Gll^Fds, Gll^Fds, Gll^Fds, Gll^Fds, Qrd^Vhc, Qrd, Qrd, Qrd
Gll^Fds, Gll^Fds, Gll^Fds, Gll^Fds, Hh^Fds, Gll^Fds, Gll^Fds, Gll^Fds, Gll^Fds, Gll, Gll, Gll, Gll^Ftr, Gll^Ftr, Gll^Ftr, Gll^Ftr, Gll^Ftr, Wwf, Gll^Fds, Gll, Gll, Gll, Gll, Gll, Gll^Fds, Gll^Fds, Gll^Fds, Gll^Fds, Qrd, Qrd, Qrd, Qrd
Gll^Fds, Gll^Fds, Gll^Fds, Gll^Ftr, Gll^Fds, Gll^Fds, Gll^Fds, Gll^Fds, Gll^Fds, Gll^Ftr, Gll^Fet, Gll^Fds, Gll^Fds, Gll^Ftr, Gll^Fet, Gll^Ftr, Gll^Fet, Ww, Ww, Gll, Gll, Gll, Gll, Gll, Gll^Ftr, Gll^Fds, Gll^Fds, Gll^Fds, Qrd, Qrd^Vhc, Qrd, Qrd
Gll^Fds, Gll^Fds, Gll^Fet, Gll^Fds, Gll^Fds, Gll^Fds, Gll^Fds, Gll^Ftr, Gll^Fet, Gll^Fds, Gll^Fds, Gll^Ftr, Gll^Fds, Gll^Fds, Gll^Fds, Gll^Ftr, Gll^Fds, Gll^Fds, Ww, Gll^Ftr, Gll^Ftr, Gll, Gll^Fds, Gll^Fds, Gll^Fds, Gll^Fds, Gll^Fds, Gll^Fds, Qrd, Qrd, Qrd^Vhc, Qrd^Vhc
Gll^Ftr, Gll^Ftr, Gll, Gll, Gll, Gll^Ftr, Gll^Fds, Gll^Fds, Gll^Fds, Gll^Fds, Gll^Ftr, Gll^Ftr, Gll^Vl, Gll^Fds, Gll^Ftr, Gll^Ftr, Gll^Fds, Gll^Fds, Ww, Gll^Ftr, Gll^Ftr, Gll^Fds, Gll^Fds, Gll^Fds, Gll^Ftr, Gll^Fds, Gll^Fds, Gll^Ftr, Qrd^Vhc, Qrd, Qrd, Qrd
Gll^Fds, Gll^Fds, Gll, 1 Gll, Gll^Dr, Gll^Fds, Gll^Ftr, Gll^Ftr, Gll^Fds, Gll^Fds, Gll^Fds, Gll^Fds, Gll^Ftr, Gll^Fds, Gll^Fds, Gll^Fds, Gll^Fds, Gll^Ftr, Ww, Gll^Fds, Gll^Fds, Gll^Ftr, Gll^Fds, Gll^Fds, Gll^Ftr, Gll^Ftr, Gll^Ftr, Gll^Ftr, Qrd, Qrd, Qrd, Qrd
Gll^Fds, Gll^Fds, Gll^Fet, Gll, Gll^Ftr, Gll^Ftr, Gll^Fds, Gll^Fds, Gll^Fds, Gll^Fds, Gll^Fds, Gll^Fds, Gll^Fds, Gll^Fds, Gll, Gll, Gll, Gll^Fds, Gll^Fds, Ww, Gll^Fds, Gll^Ftr, Gll^Ftr, Gll^Fds, Gll^Fds, Gll^Fds, Gll^Fds, Gll^Fds, Qrd, Qrd^Vhc, Qrd, Qrd
Gll^Ftr, Gll^Ftr, Gll^Ftr, Gll^Ftr, Gll^Ftr, Gll^Fds, Gll^Ftr, Gll^Fds, Gll^Fds, Gll^Fds, Gll^Fds, Gll^Fds, Gll^Fds, Gll, Gll, Gll, Gll, Gll, Gll^Fds, Ww^Bsb|, Gll^Fds, Gll^Fds, Hh^Fds, Gll^Ftr, Gll^Ftr, Gll^Ftr, Gll^Fds, Gll^Fds, Qrd, Qrd, Qrd, Qrd
Gll^Fds, Gll^Fds, Gll^Fds, Gll^Fds, Gll^Ftr, Gll^Ftr, Gll^Ftr, Hh^Fds, Gll^Fds, Gll^Ftr, Hh^Fds, Gll^Fds, Gll^Ftr, Gll, Gll, Gll, Gll, Gll, Gll^Ftr, Ww, Gll^Ftr, Gll^Fds, Gll^Fds, Gll^Ftr, Gll^Ftr, Hh^Fds, Gll^Fds, Gll^Fds, Qrd, Qrd, Qrd, Qrd
Gll^Fds, Gll^Fds, Gll^Ftr, Gll^Fds, Gll^Fet, Gll^Ftr, Gll^Ftr, Gll^Fds, Gll^Ftr, Gll^Fds, Gll^Ftr, Gll^Fds, Gll^Fds, Gll, Gll, Gll, Gll, Gll, Gll^Fds, Ww, Gll^Fds, Gll^Fds, Gll^Fds, Hh^Fds, Gll^Vl, Gll^Fet, Gll^Fds, Gll^Ftr, Gll^Fds, Gll^Fds, Gll^Fds, Gll^Fds
Gll^Fds, Gll^Fds, Gll^Fds, Gll^Ftr, Gll^Ftr, Gll^Ftr, Gll^Fds, Hh^Fds, Gll^Vl, Gll^Fds, Gll^Fds, Gll^Fds, Gll^Ftr, Gll^Fds, Gll^Ftr, Gll, Gll^Fds, Gll^Fet, Ww, Ww, Gll^Fds, Gll^Fds, Gll^Fds, Gll^Fds, Gll^Ftr, Gll^Fds, Gll^Fds, Gll^Fds, Gll^Fet, Gll^Ftr, Gll^Fds, Gll^Fds
Gll^Ftr, Gll^Ftr, Gll^Ftr, Gll^Fds, Gll^Ftr, Hh^Fds, Gll^Ftr, Gll^Fds, Gll^Ftr, Gll^Fds, Gll^Ftr, Gll^Fet, Gll^Fds, Gll^Fet, Gll^Fds, Gll^Ftr, Gll^Fds, Gll^Fds, Ww, Gll^Fds, Gll^Fds, Gll^Fds, Gll^Fds, Gll^Fds, Gll^Ftr, Gll^Ftr, Gll^Ftr, Gll^Ftr, Gll^Fds, Gll^Ftr, Gll^Ftr, Gll^Ftr
Gll^Fds, Gll^Fds, Gll^Fds, Gll^Fds, Gll^Ftr, Gll^Fet, Gll^Ftr, Gll^Ftr, Gll^Fds, Hh^Fds, Gll^Fds, Gll^Fds, Gll^Fds, Gll^Fds, Hh^Fds, Gll^Fds, Gll^Ftr, Gll^Fds, Ww, Gll^Fet, Gll^Fds, Gll^Ftr, Gll^Fds, Gll^Fds, Gll^Fds, Gll^Ftr, Gll^Fds, Gll^Fet, Gll^Fds, Gll^Ftr, Gll^Ftr, Gll^Ftr
Gll^Ftr, Gll^Ftr, Gll^Fds, Gll^Fds, Gll^Fds, Gll^Fds, Gll^Fds, Gll^Ftr, Gll^Ftr, Gll^Fds, Gll^Fds, Gll^Fds, Gll^Fds, Gll^Fds, Gll^Ftr, Gll^Fds, Gll^Ftr, Gll^Fds, Ww, Gll^Ftr, Gll^Ftr, Gll^Ftr, Gll^Fds, Gll^Ftr, Gll^Ftr, Gll^Fet, Gll^Fds, Gll^Ftr, Gll^Fds, Gll^Ftr, Gll^Ftr, Gll^Ftr
Gll^Ftr, Gll^Ftr, Gll^Fds, Gll^Fds, Gll^Fds, Gll^Fds, Gll^Fds, Gll^Ftr, Gll^Ftr, Gll^Fds, Gll^Fds, Gll^Fds, Gll^Fds, Gll^Fds, Gll^Ftr, Gll^Fds, Gll^Ftr, Gll^Fds, Ww, Gll^Ftr, Gll^Ftr, Gll^Ftr, Gll^Fds, Gll^Ftr, Gll^Ftr, Gll^Fet, Gll^Fds, Gll^Ftr, Gll^Fds, Gll^Ftr, Gll^Ftr, Gll^Ftr
