Gll^Fsm, Gll^Fsm, Gll^Fsm, Gll^Fsm, Gll^Fsm, Gll^Fsm, Gll^Fsm, Gll^Fsm, Gll^Fsm, Gll^Fsm, Gll^Fsm, Gll^Fsm, Gll^Fsm, Gll^Fsm, Gll^Fsm, Gll^Fsm, Gll^Fsm, Gll^Fsm, Gll^Fsm, Gll^Fsm, Gll^Fsm, Gll^Fsm, Gll^Fsm, Gll^Fsm, Gll^Fsm, Gll^Fsm
Gll^Fsm, Gll^Fsm, Gll^Fsm, Gll^Fsm, Gll^Fsm, Gll^Fsm, Gll^Fsm, Gll^Fsm, Gll^Fsm, Gll^Fsm, Gll^Fsm, Gll^Fsm, Gll^Fsm, Gll^Fsm, Gll^Fsm, Gll^Fsm, Gll^Fsm, Gll^Fsm, Gll^Fsm, Gll^Fsm, Gll^Fsm, Gll^Fsm, Gll^Fsm, Gll^Fsm, Gll^Fsm, Gll^Fsm
Gll^Fsm, Gll^Fsm, Gll^Fsm, Gll^Fsm, Gll^Fsm, Gll^Fsm, Gll^Fsm, Gll^Fsm, Gll^Fsm, Gll^Fsm, Gll^Fsm, Gll^Fsm, Gll^Fsm, Gll^Fsm, Gll^Fsm, Gll^Fsm, Gll^Fsm, Gll^Fsm, Gll^Fsm, Gll^Fsm, Gll^Fsm, Gll^Fsm, Gll^Fsm, Gll^Fsm, Gll^Fsm, Gll^Fsm
Gll^Fsm, Gll^Fsm, Gll^Fsm, Gll^Fsm, Qib, Qib, Qib, Qib, Qib, Qib, Qib, Qib, Re, Qib, Qib, Qib, Qib, Qib, Qib, Qib, Gll^Fsm, Gll^Fsm, Gll^Fsm, Gll^Fsm, Gll^Fsm, Gll^Fsm
Gll^Fsm, Gll^Fsm, Gll^Fsm, Gll^Fsm, Qib, Qid, Qid, Qid, Qid, Qid, Qid, Re, Re, Re, Re, Re, Re, Re, Re, Qib, Gll^Fsm, Gll^Fsm, Gll^Fsm, Gll^Fsm, Gll^Fsm, Gll^Fsm
Gll^Fsm, Gll^Fsm, Gll^Fsm, Gll^Fsm, Qib, Qid, Qid^Vsp, Qid, Qid, Qid, Qid, Re, Re, Re, Re, Re, Re, Re, Re, Qib, Gll^Fsm, Gll^Fsm, Gll^Fsm, Gll^Fsm, Gll^Fsm, Gll^Fsm
Gll^Fsm, Gll^Fsm, Gll^Fsm, Gll^Fsm, Qib, Qid, Qid, Qid, Qid, Qid, Qid, Re, Re^Vsd, Re, Re, Re, Re, Re, Re, Qib, Gll^Fsm, Gll^Fsm, Gll^Fsm, Gll^Fsm, Gll^Fsm, Gll^Fsm
Gll^Fsm, Gll^Fsm, Gll^Fsm, Gll^Fsm, Qib, Qid, Qid, Qid, Qid, Qid, Qid, Re, Re, Re, Qib, Qid, Qid, Qid, Qid, Qib, Gll^Fsm, Gll^Fsm, Gll^Fsm, Gll^Fsm, Gll^Fsm, Gll^Fsm
Gll^Fsm, Gll^Fsm, Gll^Fsm, Gll^Fsm, Qib, Qib, Qib, Qib, Qid, Qib, Qib, Re, Re, Re, Qib, Qid, Qid, Qid, Qid, Qib, Gll^Fsm, Gll^Fsm, Gll^Fsm, Gll^Fsm, Gll^Fsm, Gll^Fsm
Gll^Fsm, Gll^Fsm, Gll^Fsm, Gll^Fsm, Re, Re, Re, Re, Re, Re, Re, Re, Re, Re, Qid, Qid, Qid, Qid, Qid, Re, Gll^Fsm, Gll^Fsm, Gll^Fsm, Gll^Fsm, Gll^Fsm, Gll^Fsm
Gll^Fsm, Gll^Fsm, Gll^Fsm, Gll^Fsm, Qib, Re, Re, Re, Re, Re, Re, Re, Re, Re, Qib, Qid, Qid, Qid, Qid, Qib, Gll^Fsm, Gll^Fsm, Gll^Fsm, Gll^Fsm, Gll^Fsm, Gll^Fsm
Gll^Fsm, Gll^Fsm, Gll^Fsm, Gll^Fsm, Qib, Qid, Qid, Qid, Qid, Qib, Re, Re, Re, Re, Qib, Qid, Qid, Qid, Qid, Qib, Gll^Fsm, Gll^Fsm, Gll^Fsm, Gll^Fsm, Gll^Fsm, Gll^Fsm
Gll^Fsm, Gll^Fsm, Gll^Fsm, Gll^Fsm, Qib, Qid, Qid, Qid, Qid, Qib, Re, Re, Re^Vsd, Re, Re, Re, Re, Re, Re, Qib, Gll^Fsm, Gll^Fsm, Gll^Fsm, Gll^Fsm, Gll^Fsm, Gll^Fsm
Gll^Fsm, Gll^Fsm, Gll^Fsm, Gll^Fsm, Qib, Qid, 1 Qid, Qid, Qid, Qid, Re, Re, Re, Re, Re, Re, Re^Vsd, Re, Re, Qib, Gll^Fsm, Gll^Fsm, Gll^Fsm, Gll^Fsm, Gll^Fsm, Gll^Fsm
Gll^Fsm, Gll^Fsm, Gll^Fsm, Gll^Fsm, Qib, Qid, Qid, Qid, Qid, Qib, Re, Re, Re, Re, Re, Re, Re, Re, Re, Qib, Gll^Fsm, Gll^Fsm, Gll^Fsm, Gll^Fsm, Gll^Fsm, Gll^Fsm
Gll^Fsm, Gll^Fsm, Gll^Fsm, Gll^Fsm, Qib, Qib, Qib, Qib, Qib, Qib, Qib, Qib, Qib, Qib, Qib, Qib, Qib, Qib, Qib, Qib, Gll^Fsm, Gll^Fsm, Gll^Fsm, Gll^Fsm, Gll^Fsm, Gll^Fsm
Gll^Fsm, Gll^Fsm, Gll^Fsm, Gll^Fsm, Gll^Fsm, Gll^Fsm, Gll^Fsm, Gll^Fsm, Gll^Fsm, Gll^Fsm, Gll^Fsm, Gll^Fsm, Gll^Fsm, Gll^Fsm, Gll^Fsm, Gll^Fsm, Gll^Fsm, Gll^Fsm, Gll^Fsm, Gll^Fsm, Gll^Fsm, Gll^Fsm, Gll^Fsm, Gll^Fsm, Gll^Fsm, Gll^Fsm
Gll^Fsm, Gll^Fsm, Gll^Fsm, Gll^Fsm, Gll^Fsm, Gll^Fsm, Gll^Fsm, Gll^Fsm, Gll^Fsm, Gll^Fsm, Gll^Fsm, Gll^Fsm, Gll^Fsm, Gll^Fsm, Gll^Fsm, Gll^Fsm, Gll^Fsm, Gll^Fsm, Gll^Fsm, Gll^Fsm, Gll^Fsm, Gll^Fsm, Gll^Fsm, Gll^Fsm, Gll^Fsm, Gll^Fsm
Gll^Fsm, Gll^Fsm, Gll^Fsm, Gll^Fsm, Gll^Fsm, Gll^Fsm, Gll^Fsm, Gll^Fsm, Gll^Fsm, Gll^Fsm, Gll^Fsm, Gll^Fsm, Gll^Fsm, Gll^Fsm, Gll^Fsm, Gll^Fsm, Gll^Fsm, Gll^Fsm, Gll^Fsm, Gll^Fsm, Gll^Fsm, Gll^Fsm, Gll^Fsm, Gll^Fsm, Gll^Fsm, Gll^Fsm
Gll^Fsm, Gll^Fsm, Gll^Fsm, Gll^Fsm, Gll^Fsm, Gll^Fsm, Gll^Fsm, Gll^Fsm, Gll^Fsm, Gll^Fsm, Gll^Fsm, Gll^Fsm, Gll^Fsm, Gll^Fsm, Gll^Fsm, Gll^Fsm, Gll^Fsm, Gll^Fsm, Gll^Fsm, Gll^Fsm, Gll^Fsm, Gll^Fsm, Gll^Fsm, Gll^Fsm, Gll^Fsm, Gll^Fsm
