Gll^Fds, Gll^Fds, Gll^Ftr, Gll^Fds, Gll^Ftr, Gll^Fds, Gll^Fds, Gll^Fds, Gll^Fds, Gll^Fds, Gll^Fds, Gll^Fds, Gll^Fds, Gll^Ftr, Gll^Fds, Gll^Fds, Gll^Fds, Gll^Fds, Gll^Fds, Gll^Ftr, Gll^Fds, Gll^Fds, Gll^Fds, Gll^Fds, Gll^Fds, Gll^Fds, Gll^Fds, Gll^Fds, Gll^Ftr, Gll^Ftr
Gll^Fds, Gll^Fds, Gll^Ftr, Gll^Fds, Gll^Ftr, Gll^Fds, Gll^Fds, Gll^Fds, Gll^Fds, Gll^Fds, Gll^Fds, Gll^Fds, Gll^Fds, Gll^Ftr, Gll^Fds, Gll^Fds, Gll^Fds, Gll^Fds, Gll^Fds, Gll^Ftr, Gll^Fds, Gll^Fds, Gll^Fds, Gll^Fds, Gll^Fds, Gll^Fds, Gll^Fds, Gll^Fds, Gll^Ftr, Gll^Ftr
Gll^Ftr, Gll^Ftr, Gll^Fds, Gll^Fet, Gll^Fds, Gll^Fds, Gll^Ftr, Gll^Fds, Gll^Fds, Gll^Ftr, Gll^Fds, Gll^Fds, Gll^Fds, Gll^Fds, Gll^Ftr, Gll^Ftr, Gll^Fds, Gll^Fds, Gll^Ftr, Gll^Fds, Gll^Fds, Gll^Vl, Gll^Fds, Gll^Ftr, Gll^Fds, Gll^Ftr, Gll^Fds, Gll^Fds, Gll^Fds, Gll^Fds
Gll^Fds, Gll^Fds, Gll^Vl, Gll^Fds, Gll^Fds, Gll^Fds, Gll^Fds, Gll^Fds, Gll^Fds, Gll^Ftr, Gll^Fds, Gll^Ftr, Gll^Fds, Gll^Ftr, Gll^Ftr, Gll^Ftr, Gll^Fds, Gll^Fds, Gll^Fds, Gll^Fds, Gll^Fds, Gll^Fds, Gll^Fds, Gll^Fds, Gll^Fds, Gll^Fds, Gll^Fds, Gll^Fds, Gll^Fds, Gll^Fds
Gll^Fds, Gll^Fds, Gll^Fds, Gll^Fds, Gll^Ftr, Gll^Fds, Gll^Fds, Gll^Ftr, Gll^Ftr, Qib, Qib, Qib, Qib, Qib, Qib, Qib, Qib, Re, Qib, Qib, Qib, Qib, Qib, Qib, Qib, Gll^Ftr, Gll^Fds, Gll^Fds, Gll^Fds, Gll^Fds
Gll^Fet, Gll^Fet, Gll^Fds, Gll^Fds, Gll^Fds, Gll^Fds, Gll^Fds, Gll^Fds, Gll^Fds, Qib, Qid, Qid, Qid, Qid, Qid, Qid, Re, Re, Re, Re, Re, Re, Re, Re, Qib, Gll^Fds, Gll^Fds, Gll^Ftr, Gll^Ftr, Gll^Ftr
Gll^Fds, Gll^Fds, Gll^Ftr, Gll^Fds, Gll^Fds, Gll^Fds, Gll^Fds, Gll^Vl, Gll^Ftr, Qib, Qid, Qid^Vhc, Qid, Qcb, Qcb, Qid, Re, Re, Re, Re, Re, Re, Re, Re, Qib, Qrp, Qrp, Qrp, Qrp, Qrp
Gll^Ftr, Gll^Ftr, Gll^Fds, Gll^Fds, Gll^Fds, Gll^Fds, Gll^Fds, Gll^Fds, Gll^Fet, Qib, Qid, Qid, Qid, 1 Qkb, Qcb, Qid, Re, Re^Vhc, Re, Re, Re, Re, Re, Re, Qib, Qrp, Qrp, Qrp, Qrp, Qrp
Gll^Fds, Gll^Fds, Gll, Gll, Gll, Gll^Ftr, Gll^Fds, Gll^Fds, Gll^Ftr, Qib, Qid, Qid, Qid, Qid, Qid, Qid, Re, Re, Re, Qib, Qid, Qid, Qid, Qid, Qib, Qrp, Qrp, Qsk, Qrp, Qrp
Gll, Gll, Qcp, Qcp, Qcp, Gll, Gll^Fds, Gll^Fds, Gll^Ftr, Qib, Qib, Qib, Qib, Qid, Qib, Qib, Re, Re, Re, Qib, Qid, Qid, Qid, Qid, Qib, Qrp, Qrp, Qrp, Qrp, Qrp
Gll, Gll, Qcp, 2 Qkp, Qcp, Re, Re, Re, Re, Re, Re, Re, Re, Re, Re, Re, Re, Re, Re, Qid, Qid, Qid, Qid, Qid, Re, Re, Qrp, Qrp, Qrp, Qrp
Gll, Gll, Gll, Gll, Gll, Gll, Gll^Fds, Gll^Fds, Gll^Fds, Qib, Re, Re, Re, Re, Re, Re, Re, Re, Re, Qib, Qid, Qid, Qid, Qid, Qib, Qrp, Qrp, Qsk, Qrp, Qrp
Gll^Fds, Gll^Fds, Gll^Fds, Gll, Gll^Fds, Gll^Ftr, Gll^Fds, Gll^Fds, Gll^Fds, Qib, Qid, Qid, Qid, Qid, Qib, Re, Re, Re, Re, Qib, Qid, Qid, Qid, Qid, Qib, Qrp, Qrp, Qrp, Qrp, Qrp
Gll^Ftr, Gll^Ftr, Gll^Ftr, Gll^Fds, Gll^Fds, Gll^Ftr, Gll^Fds, Gll^Fds, Gll^Fds, Qib, Qid, Qid, Qid, Qid, Qib, Re, Re, Re^Vhc, Re, Re, Re, Re, Re, Re, Qib, Qrp, Qrp, Qrp, Qrp, Qrp
Gll^Fet, Gll^Fet, Gll^Fds, Gll^Fds, Gll^Fds, Gll^Fds, Gll^Fds, Gll^Fds, Gll^Ftr, Qib, Qid, Qid, Qid, Qid, Qid, Re, Re, Re, Re, Re, Re, Re^Vhc, Re, Re, Qib, Qrp, Qrp, Qsk, Qrp, Qrp
Gll^Fds, Gll^Fds, Gll^Ftr, Gll^Ftr, Gll^Fds, Gll^Ftr, Gll^Fds, Gll^Fds, Gll^Ftr, Qib, Qid, Qid, Qid, Qid, Qib, Re, Re, Re, Re, Re, Re, Re, Re, Re, Qib, Qrp, Qrp, Qrp, Qrp, Qrp
Gll^Fds, Gll^Fds, Gll^Ftr, Gll^Fds, Gll^Fds, Gll^Fds, Gll^Fds, Gll^Fds, Gll^Ftr, Qib, Qib, Qib, Qib, Qib, Qib, Qib, Qib, Qib, Qib, Qib, Qib, Qib, Qib, Qib, Qib, Gll^Fet, Gll^Fds, Gll^Fds, Gll^Fds, Gll^Fds
Gll^Ftr, Gll^Ftr, Gll^Fds, Gll^Fds, Gll^Vl, Gll^Ftr, Gll^Ftr, Gll^Fds, Gll^Fds, Gll^Fds, Gll^Fds, Gll^Fds, Gll^Ftr, Gll^Fds, Gll^Fds, Gll^Fds, Gll^Fds, Gll^Fds, Gll^Ftr, Gll^Fds, Gll^Fds, Gll^Ftr, Gll^Fds, Gll^Fds, Gll^Fds, Gll^Fds, Gll^Fds, Gll^Fds, Gll^Ftr, Gll^Ftr
Gll^Ftr, Gll^Ftr, Gll^Fds, Gll^Fds, Gll^Ftr, Gll^Fds, Gll^Ftr, Gll^Fds, Gll^Fds, Gll^Fds, Gll^Ftr, Gll^Fds, Gll^Fds, Gll^Fds, Gll^Vl, Gll^Fds, Gll^Fds, Gll^Fds, Gll^Fds, Gll^Ftr, Gll^Fds, Gll^Vl, Gll^Ftr, Gll^Fds, Gll^Fds, Gll^Ftr, Gll^Ftr, Gll^Ftr, Gll^Fds, Gll^Fds
Gll^Fds, Gll^Fds, Gll^Fds, Gll^Ftr, Gll^Fds, Gll^Ftr, Gll^Fds, Gll^Fds, Gll^Fds, Gll^Fds, Gll^Fds, Gll^Fds, Gll^Fds, Gll^Fds, Gll^Fds, Gll^Fds, Gll^Fds, Gll^Ftr, Gll^Ftr, Gll^Fds, Gll^Ftr, Gll^Fds, Gll^Fds, Gll^Fds, Gll^Fds, Gll^Ftr, Gll^Fds, Gll^Fds, Gll^Fds, Gll^Fds
Gll^Fds, Gll^Fds, Gll^Fds, Gll^Fds, Gll^Fds, Gll^Fds, Gll^Fds, Gll^Fds, Gll^Ftr, Gll^Fds, Gll^Ftr, Gll^Fds, Gll^Fds, Gll^Fds, Gll^Fet, Gll^Fds, Gll^Fds, Gll^Fds, Gll^Fds, Gll^Fds, Gll^Fds, Gll^Ftr, Gll^Ftr, Gll^Fds, Gll^Fds, Gll^Fds, Gll^Fds, Gll^Fds, Gll^Ftr, Gll^Ftr
Gll^Fds, Gll^Fds, Gll^Fds, Gll^Fds, Gll^Fds, Gll^Fds, Gll^Fds, Gll^Fds, Gll^Ftr, Gll^Fds, Gll^Ftr, Gll^Fds, Gll^Fds, Gll^Fds, Gll^Fet, Gll^Fds, Gll^Fds, Gll^Fds, Gll^Fds, Gll^Fds, Gll^Fds, Gll^Ftr, Gll^Ftr, Gll^Fds, Gll^Fds, Gll^Fds, Gll^Fds, Gll^Fds, Gll^Ftr, Gll^Ftr
