Gll^Fet, Gll^Fet, Gll^Fds, Gll^Fds, Gll^Fds, Gll^Fds, Gll^Ftr, Gll^Fds, Gll^Fds, Ww, Gll^Ftr, Gll^Fds, Gll^Fds, Gll^Fds, Re^Ecf, Gll^Fds, Hh^Fds, Gll^Fds, Gll^Ftr, Gll^Fds, Gll^Fds, Gll^Fds, Gll^Fet, Gll^Ftr, Gll^Fds, Gll^Ftr, Hh^Fds, Hh^Fds
Gll^Fet, Gll^Fet, Gll^Fds, Gll^Fds, Gll^Fds, Gll^Fds, Gll^Ftr, Gll^Fds, Gll^Fds, Ww, Gll^Ftr, Gll^Fds, Gll^Fds, Gll^Fds, Re^Ecf, Gll^Fds, Hh^Fds, Gll^Fds, Gll^Ftr, Gll^Fds, Gll^Fds, Gll^Fds, Gll^Fet, Gll^Ftr, Gll^Fds, Gll^Ftr, Hh^Fds, Hh^Fds
Gll^Ftr, Gll^Ftr, Gll^Fds, Gll^Fds, Gll^Fds, Gll^Fds, Gll^Ftr, Gll^Fds, Gll^Fds, Ww, Gll^Fds, Gll^Fds, Gll^Ftr, Re^Vct, Re, Re^Vct, Gll^Fds, Gll^Ftr, Gll^Ftr, Gll^Ftr, Gll^Ftr, Gll^Fds, Gll^Vl, Gll^Fds, Gll^Fds, Gll^Fet, Gll^Fds, Gll^Fds
Gll^Fds, Gll^Fds, Gll^Fet, Gll^Ftr, Gll^Fds, Gll^Fds, Gll^Ftr, Gll^Fds, Gll^Fds, Ww, Gll^Fds, Gll^Fds, Gll^Ftr, Re, Re, Re, Gll^Ftr, Gll^Fds, Gll^Fds, Hh^Fds, Gll^Fds, Gll^Fds, Gll^Fds, Gll^Fds, Gll^Ftr, Gll^Ftr, Gll^Fds, Gll^Fds
Gll^Fds, Gll^Fds, Gll^Ftr, Gll^Fds, Gll^Fds, Gll^Fds, Gll^Vl, Gll^Fds, Ww, Ww, Gll^Fds, Gll^Fds, Gll^Fet, Gll^Fds, Gll^Fds, Gll^Ftr, Re, Gll^Fds, Re, Gll^Fds, Re, Gll^Fds, Gll^Ftr, Gll^Fds, Gll^Fds, Gll^Fds, Gll^Fds, Gll^Fds
Gll^Fds, Gll^Fds, Gll^Fds, Gll^Ftr, Gll^Ftr, Gll^Fds, Gll^Fds, Gll^Ftr, Ww, Gll^Fds, Gll^Fds, Gll^Fds, Re, Re, Re, Re, Gll^Fds, Re, Gll^Fds, Re, Gll^Fet, Gll^Fet, Gll^Fet, Gll^Fet, Gll^Fds, Gll^Ftr, Gll^Fet, Gll^Fet
Gll^Fds, Gll^Fds, Gll^Fds, Gll^Fds, Gll, Gll^Ftr, Gll^Fds, Gll^Fds, Wwf, Gll^Fds, Re, Re, Gll^Fds, Gll^Fds, Gll^Fds, Gll^Fds, Gll^Fds, Gll^Fet, Gll^Fds, Gll^Fds, Gll^Fds, Gll^Fds, Gll^Fds, Gll^Ftr, Gll^Fds, Gll^Fds, Gll^Ftr, Gll^Ftr
Gll^Ftr, Gll^Ftr, Gll, Gll, Gll^Efm, Gll, Gll, Hh^Fds, Wwf, Re, Gll^Fds, Gll^Ftr, Gll^Fds, Gll^Fds, Gll^Ftr, Gll^Fds, Gll^Ftr, Gll^Ftr, Gll^Fds, Gll^Fds, Gll^Ftr, Gll^Ftr, Gll^Fds, Gll^Ftr, Gll^Fds, Gll^Fds, Gll^Fds, Gll^Fds
Gll^Efm, Gll^Efm, Qcp, Qcp, Qcp, Gll, Re, Re, Gll^Fds, Ww, Gll^Fet, Gll^Fds, Gll^Fds, Hh^Fds, Gll^Fds, Gll^Ftr, Gll^Fds, Gll^Ftr, Gll^Fds, Gll^Ftr, Gll^Fds, Gll^Ftr, Gll^Fds, Gll^Fds, Hh, Gll^Ftr, Gll^Ftr, Gll^Ftr
Gll^Efm, Gll^Efm, Gll, 1 Qkp, Qcp, Re, Gll, Gll, Gll^Fds, Ww, Gll^Fds, Gll^Vl, Gll^Fds, Gll^Ftr, Gll^Ftr, Gll^Fds, Gll^Fds, Gll^Fds, Gll^Fds, Gll^Vl, Gll^Ftr, Gll^Fet, Gll^Fds, Hh, Gll, Hh, Gll^Fds, Gll^Fds
Gll^Efm, Gll^Efm, Gll, Gll, Gll^Efm, Re, Re, Gll, Gll^Ftr, Ww, Gll^Fds, Gll^Fds, Gll^Fds, Gll^Fds, Gll^Fds, Gll^Ftr, Gll^Fds, Gll^Ftr, Gll^Fds, Gll^Fds, Gll^Ftr, Gll^Fds, Gll^Ftr, Hh, Hh, Hh, Gll^Fds, Gll^Fds
Gll, Gll, Gll^Efm, Gll, Gll, Gll, Gll, Re, Re, Ww, Ww, Gll^Fds, Gll^Ftr, Gll^Fds, Gll^Fds, Gll^Ftr, Gll^Fds, Gll^Ftr, Gll^Fds, Gll^Fds, Gll^Fds, Gll^Ftr, Gll^Ftr, Gll^Fds, Gll^Fds, Gll^Fds, Gll^Ftr, Gll^Ftr
Gll^Fds, Gll^Fds, Gll^Fds, Gll, Gll^Efm, Gll, Gll^Fds, Gll^Ftr, Gll^Fds, Re, Wwf, Gll^Ftr, Re, Gll^Fds, Gll^Fds, Gll^Ftr, Gll^Fds, Hh^Fds, Gll^Ftr, Gll^Ftr, Gll^Ftr, Gll^Fds, Gll^Ftr, Gll^Fds, Gll^Fds, Gll^Ftr, Gll^Fds, Gll^Fds
Gll^Ftr, Gll^Ftr, Gll^Fds, Gll^Fet, Gll^Fds, Hh^Fds, Gll^Fds, Gll^Ftr, Gll^Ftr, Gll^Fds, Ww, Re, Gll^Ftr, Re, Re, Re, Re, Gll^Fet, Re, Gll^Ftr, Gll^Fds, Gll^Fds, Gll^Fds, Gll^Fds, Hh^Fds, Gll^Vl, Gll^Ftr, Gll^Ftr
Gll^Ftr, Gll^Ftr, Gll^Fds, Gll^Fds, Gll^Fds, Gll^Ftr, Gll^Fds, Gll^Fds, Gll^Ftr, Gll^Ftr, Ww, Gll^Fds, Gll^Fds, Gll^Ftr, Gll^Fet, Gll^Fds, Gll^Fet, Gll^Fds, Gll^Fds, Re, Re, Gll^Ftr, Re, Gll^Fet, Gll^Fds, Gll^Ftr, Gll^Fds, Gll^Fds
Gll^Ftr, Gll^Ftr, Gll^Fds, Gll^Fds, Gll^Fds, Gll^Ftr, Gll^Vl, Gll^Fds, Gll^Ftr, Gll^Fds, Ww, Gll^Fds, Gll^Fds, Gll^Ftr, Gll^Fds, Gll^Fds, Gll^Ftr, Gll^Fds, Gll^Ftr, Gll^Fds, Gll^Ftr, Re, Gll^Fds, Gll^Fet, Gll^Fds, Gll^Ftr, Gll^Fds, Gll^Fds
Gll^Fds, Gll^Fds, Gll^Fds, Gll^Fds, Gll^Fds, Gll^Fds, Hh^Fds, Gll^Fds, Gll^Fds, Ww, Gll^Ftr, Gll^Fet, Hh, Gll^Fds, Gll^Fds, Gll^Vl, Gll^Fds, Gll^Fds, Gll^Ftr, Gll^Fet, Gll^Fds, Gll^Fds, Gll^Fds, Gll^Fds, Gll^Ftr, Gll^Fds, Gll^Ftr, Gll^Ftr
Gll^Fds, Gll^Fds, Gll^Ftr, Gll^Fds, Hh^Fds, Gll^Ftr, Gll^Ftr, Gll^Fds, Gll^Fds, Ww, Gll^Fet, Hh, Gll, Hh, Gll^Fds, Gll^Ftr, Gll^Fds, Gll^Fet, Gll^Fds, Gll^Ftr, Gll^Fds, Gll^Fds, Gll^Fds, Gll^Ftr, Gll^Fds, Gll^Fds, Gll^Fds, Gll^Fds
Gll^Fds, Gll^Fds, Gll^Fds, Gll^Fds, Gll^Ftr, Gll^Fds, Gll^Fds, Gll^Fds, Gll^Fds, Ww, Gll^Ftr, Hh, Hh, Hh, Gll^Fds, Gll^Fds, Gll^Ftr, Gll^Fds, Gll^Fds, Gll^Fds, Gll^Fds, Gll^Fds, Hh^Fds, Gll^Fds, Gll^Fds, Gll^Ftr, Gll^Ftr, Gll^Ftr
Gll^Fds, Gll^Fds, Gll^Fds, Gll^Fds, Gll^Ftr, Gll^Fds, Gll^Fds, Gll^Fds, Gll^Fds, Ww, Gll^Ftr, Hh, Hh, Hh, Gll^Fds, Gll^Fds, Gll^Ftr, Gll^Fds, Gll^Fds, Gll^Fds, Gll^Fds, Gll^Fds, Hh^Fds, Gll^Fds, Gll^Fds, Gll^Ftr, Gll^Ftr, Gll^Ftr
