Qib, Qib, Qib, Qib, Qib, Qib, Qib, Qib, Qib, Qib, Qib, Qib, Qib, Qib, Qib, Qib, Qib, Qib, Qib, Qib, Qib, Qib, Qib, Qib, Qib, Qib, Qib, Qib
Qib, Qib, Qib, Qib, Qib, Qib, Qib, Qib, Qib, Qib, Qib, Qib, Qib, Qib, Qib, Qib, Qib, Qib, Qib, Qib, Qib, Qib, Qib, Qib, Qib, Qib, Qib, Qib
Qib, Qib, Qib, Qib, Qib, Qib, Qib, Qib, Qid, Qid, Qid, Qid, Qid, Qid, Qid, Qid, Qid, Qid, Qid, Qid, Qid, Qid, Qid, Qid, Qib, Qib, Qib, Qib
Qib, Qib, Qib, Qib, Qib, Qib, Qib, Qib, Qid, Qid, Qid, Qid, Qid, Qid, Qid, Qid, Qid, Qid, Qid, Qid, Qid, Qid, Qid, Qid, Qib, Qib, Qib, Qib
Qib, Qib, Qib, Qib, Qib, Qib, Qib, Qib, Qid, Qid, Qid, Qib, Qid, Qid, Qid, Qib, Qid, Qid, Qid, Qib, Qid, Qid, Qid, Qid, Qib, Qib, Qib, Qib
Qib, Qib, Qib, Qib, Qib, Qib, Qib, Qib, Qid, Qid, Qid, Qib, Qid, Qid, Qid, Qib, Qid, Qid, Qid, Qib, Qid, Qid, Qid, Qid, Qib, Qib, Qib, Qib
Qib, Qib, Qib, Qib, Qib, Qib, Qib, Qib, Qid, Qid, Qid, Qib, Qid, Qid, Qid, Qib, Qid, Qid, Qid, Qib, Qid, Qid, Qid, Qid, Qib, Qib, Qib, Qib
Qib, Qib, Qib, Qib, Qib, Qib, Qib, Qib, Qid, Qid, Qid, Qib, Qid, Qid, Qid, Qib, Qid, Qid, Qid, Qib, Qid, Qid, Qid, Qid, Qib, Qib, Qib, Qib
Qib, Qib, Qid, Qcb, Qcb, Qid, Qid, Qid, Qid, Qid, Qid, Qid, Qid, Qid, Qid, Qid, Qid, Qid, Qid, Qid, Qid, Qid, Qid, Qid, Qid, Qid, Qid, Qid
Qid, Qid, Qid, 1 Qkb, Qcb, Qid, Qid, Qid, Qid, Qid, Qid, Qid, Qid, Qid, Qid, Qid, Qid, Qid, Qid, Qid, Qid, Qid, Qid, Qid, Qid, Qid, Qid, Qid
Qid, Qid, Qid, Qid, Qid, Qid, Qid, Qid, Qid, Qid, Qid, Qid, Qid, Qid, Qid, Qid, Qid, Qid, Qid, Qid, Qid, Qid, Qid, Qid, Qid, Qid, Qib, Qib
Qib, Qib, Qib, Qib, Qib, Qib, Qib, Qib, Qid, Qid, Qid, Qib, Qid, Qid, Qid, Qib, Qid, Qid, Qid, Qib, Qid, Qid, Qid, Qid, Qib, Qib, Qib, Qib
Qib, Qib, Qib, Qib, Qib, Qib, Qib, Qib, Qid, Qid, Qid, Qib, Qid, Qid, Qid, Qib, Qid, Qid, Qid, Qib, Qid, Qid, Qid, Qid, Qib, Qib, Qib, Qib
Qib, Qib, Qib, Qib, Qib, Qib, Qib, Qib, Qid, Qid, Qid, Qib, Qid, Qid, Qid, Qib, Qid, Qid, Qid, Qib, Qid, Qid, Qid, Qid, Qib, Qib, Qib, Qib
Qib, Qib, Qib, Qib, Qib, Qib, Qib, Qib, Qid, Qid, Qid, Qib, Qid, Qid, Qid, Qib, Qid, Qid, Qid, Qib, Qid, Qid, Qid, Qid, Qib, Qib, Qib, Qib
Qib, Qib, Qib, Qib, Qib, Qib, Qib, Qib, Qid, Qid, Qid, Qid, Qid, Qid, Qid, Qid, Qid, Qid, Qid, Qid, Qid, Qid, Qid, Qid, Qib, Qib, Qib, Qib
Qib, Qib, Qib, Qib, Qib, Qib, Qib, Qib, Qid, Qid, Qid, Qid, Qid, Qid, Qid, Qid, Qid, Qid, Qid, Qid, Qid, Qid, Qid, Qid, Qib, Qib, Qib, Qib
Qib, Qib, Qib, Qib, Qib, Qib, Qib, Qib, Qib, Qib, Qib, Qib, Qib, Qib, Qib, Qib, Qib, Qib, Qib, Qib, Qib, Qib, Qib, Qib, Qib, Qib, Qib, Qib
Qib, Qib, Qib, Qib, Qib, Qib, Qib, Qib, Qib, Qib, Qib, Qib, Qib, Qib, Qib, Qib, Qib, Qib, Qib, Qib, Qib, Qib, Qib, Qib, Qib, Qib, Qib, Qib
Qib, Qib, Qib, Qib, Qib, Qib, Qib, Qib, Qib, Qib, Qib, Qib, Qib, Qib, Qib, Qib, Qib, Qib, Qib, Qib, Qib, Qib, Qib, Qib, Qib, Qib, Qib, Qib
