Gg^Fsy, Gg^Fsy, Gg^Fsy, Gg^Fsy, Gg^Fsy, Gg^Fsy, Gg^Fsy, Gg^Fsy, Gg^Fsy, Gg^Fsy, Gg^Fsy, Hh^Fsy, Gg^Fsy, Gg^Fsy, Gg^Fsy, Gg^Fsy, Gg, Gg^Fsy, Gg^Fsy, Gg^Fsy, Gg^Fsy, Gg^Fsy, Gg^Fsy, Gg, Gg^Fsy, Ww, Ww, Ww, Gg^Fsy, Gg^Fsy
Gg^Fsy, Gg^Fsy, Gg^Fsy, Gg^Fsy, Gg^Fsy, Gg^Fsy, Gg^Fsy, Gg^Fsy, Gg^Fsy, Gg^Fsy, Gg^Fsy, Hh^Fsy, Gg^Fsy, Gg^Fsy, Gg^Fsy, Gg^Fsy, Gg, Gg^Fsy, Gg^Fsy, Gg^Fsy, Gg^Fsy, Gg^Fsy, Gg^Fsy, Gg, Gg^Fsy, Ww, Ww, Ww, Gg^Fsy, Gg^Fsy
Gg, Gg, Gg^Fsy, Hh^Fsy, Hh^Fsy, Gg^Fsy, Gg^Fsy, Gg^Fsy, Gg^Fsy, Gg, Gg, Gg^Fsy, Gg^Fsy, Gg^Fsy, Gg^Fsy, Gg, Gg^Fsy, Gg, Gg^Fsy, Gg^Fsy, Gg^Fsy, Gg^Fsy, Gg, Gg^Fsy, Gg^Fsy, Ww, Ww, Ww, Gg^Fsy, Gg^Fsy
Gg^Fsy, Gg^Fsy, Hh^Fsy, Gg^Fsy, Gg, Gg^Fsy, Gg, Gg^Fsy, Gg^Fsy, Gg, Gg^Fsy, Gg, Gg, Gg^Fsy, Gg^Fsy, Gg, Gg^Fsy, Gg^Fsy, Gg^Fsy, Gg^Fsy, Hh^Fsy, Gg^Fsy, Gg^Fsy, Hh^Fsy, Gg^Fsy, Ww, Ww, Ww, Gg^Fsy, Gg^Fsy
Gg^Fsy, Gg^Fsy, Gg^Fsy, Gg^Fsy, Gg^Fsy, Gg^Fsy, Gg, Gg^Fsy, Gg^Fsy, Gg^Fsy, Gg, Gg, Gg, Gg, Gg, Gg, Hh^Fsy, Gg, Gg^Fsy, Gg, Gg^Fsy, Gg, Gg^Fsy, Gg^Fsy, Ww, Ww, Ww, Ww, Gg, Gg
Gg^Fsy, Gg^Fsy, Gg^Fsy, Gg^Fsy, Gg^Fsy, Gg^Fsy, Gg^Fsy, Gg^Fsy, Gg, Gg^Fsy, Gg, Gg, Gg, Gg, Gg, Gg^Fsy, Gg^Fsy, Gg^Fsy, Gg^Fsy, Gg^Fsy, Gg^Fsy, Gg, Gg^Fsy, Gg, Ww, Ww, Ww, Ww, Hh^Fsy, Hh^Fsy
Gg^Fsy, Gg^Fsy, Gg^Fsy, Gg^Fsy, Hh^Fsy, Gg, Hh^Fsy, Hh^Fsy, Gg, Gg^Fsy, Gg, Gg, Gg, Gg, Gg, Hh^Fsy, Gg^Fsy, Gg^Fsy, Gg^Fsy, Gg^Fsy, Gg^Fsy, Gg, Gg^Fsy, Gg^Fsy, Ww, Ww, Ww, Gg, Hh^Fsy, Hh^Fsy
Gg^Fsy, Gg^Fsy, Hh^Fsy, Gg, Gg^Fsy, Gg^Fsy, Gg^Fsy, Gg, Gg^Fsy, Hh^Fsy, Gg, Gg, Gg, Gg, Gg^Fsy, Gg^Fsy, Gg^Fsy, Gg^Fsy, Gg^Fsy, Gg^Fsy, Gg^Fsy, Gg^Fsy, Gg^Fsy, Hh^Fsy, Ww, Ww, Ww, Gg, Gg, Gg
Gg^Fsy, Gg^Fsy, Gg^Fsy, Gg, Gg^Fsy, Gg^Fsy, Gg^Fsy, Gg^Fsy, Gg, Gg^Fsy, Gg, Gg, Gg^Fsy, Gg, Gg^Fsy, Gg^Fsy, Gg^Fsy, Gg, Gg^Fsy, Gg^Fsy, Gg^Fsy, Gg^Fsy, Gg^Fsy, Gg^Fsy, Ww, Ww, Ww, Gg, Gg^Fsy, Gg^Fsy
Gg^Fsy, Gg^Fsy, Gg, Gg, Gg, Gg^Fsy, Gg, Gg^Fsy, Gg^Fsy, Gg^Fsy, Gg, Gg^Fsy, Gg^Fsy, Gg^Fsy, Gg, Hh^Fsy, Gg^Fsy, Gg^Fsy, Gg^Fsy, Hh^Fsy, Gg^Fsy, Gg^Fsy, Gg, Hh^Fsy, Ww, Ww, Ww, Ww, Gg^Fsy, Gg^Fsy
Hh^Fsy, Hh^Fsy, Gg, 1 Gg, Gg^Dr, Gg^Fsy, Gg^Fsy, Gg^Fsy, Gg^Fsy, Gg^Fsy, Gg^Fsy, Gg, Gg^Fsy, Gg^Fsy, Gg^Fsy, Hh^Fsy, Gg, Gg, Gg, Gg^Fsy, Gg, Gg^Fsy, Gg^Fsy, Gg^Fsy, Gg^Fsy, Wwf, Wwf, Ww, Gg, Gg
Gg, Gg, Hh^Fsy, Gg, Gg, Gg^Fsy, Hh^Fsy, Hh^Fsy, Gg, Hh^Fsy, Gg^Fsy, Gg^Fsy, Gg^Fsy, Gg, Gg^Fsy, Gg^Fsy, Gg^Fsy, Gg^Fsy, Gg, Gg^Fsy, Gg^Fsy, Gg^Fsy, Gg^Fsy, Gg^Fsy, Gg^Fsy, Ww, Ww, Ww, Gg^Fsy, Gg^Fsy
Gg^Fsy, Gg^Fsy, Hh^Fsy, Gg^Fsy, Gg^Fsy, Gg, Gg^Fsy, Gg^Fsy, Gg^Fsy, Gg, Gg, Gg, Gg^Fsy, Gg, Gg^Fsy, Gg^Fsy, Gg^Fsy, Gg, Gg, Gg, Gg^Fsy, Gg^Fsy, Hh^Fsy, Gg, Gg, Ww, Ww, Ww, Ww, Ww
Gg^Fsy, Gg^Fsy, Hh^Fsy, Gg^Fsy, Gg, Hh^Fsy, Gg^Fsy, Gg^Fsy, Gg^Fsy, Gg^Fsy, Gg^Fsy, Gg^Fsy, Gg, Gg, Gg, Gg, Gg, Gg^Fsy, Gg^Fsy, Gg, Gg^Fsy, Gg^Fsy, Gg^Fsy, Gg^Fsy, Gg^Fsy, Ww, Ww, Ww, Ww, Ww
Gg^Fsy, Gg^Fsy, Gg^Fsy, Gg^Fsy, Gg^Fsy, Gg, Gg^Fsy, Gg^Fsy, Gg^Fsy, Gg, Gg^Fsy, Gg^Fsy, Gg^Fsy, Gg, Gg, Gg, Gg, Gg, Gg^Fsy, Gg^Fsy, Gg, Gg, Gg^Fsy, Gg^Fsy, Gg^Fsy, Hh^Fsy, Ww, Ww, Ww, Ww
Gg^Fsy, Gg^Fsy, Gg, Gg^Fsy, Gg, Gg^Fsy, Gg, Gg^Fsy, Hh^Fsy, Gg^Fsy, Gg^Fsy, Gg^Fsy, Gg^Fsy, Gg, Gg, Gg, Gg, Gg, Gg^Fsy, Gg, Gg, Gg^Fsy, Gg, Gg, Gg^Fsy, Gg^Fsy, Ww, Ww, Ww, Ww
Gg^Fsy, Gg^Fsy, Gg^Fsy, Hh^Fsy, Gg^Fsy, Gg^Fsy, Gg^Fsy, Gg^Fsy, Gg^Fsy, Gg^Fsy, Gg^Fsy, Gg^Fsy, Gg, Gg, Gg, Gg, Gg, Gg, Gg, Gg^Fsy, Gg^Fsy, Gg^Fsy, Gg^Fsy, Gg^Fsy, Gg^Fsy, Gg^Fsy, Ww, Ww, Ww, Ww
Gg^Fsy, Gg^Fsy, Gg^Fsy, Gg, Gg, Gg, Gg^Fsy, Gg^Fsy, Gg^Fsy, Gg^Fsy, Gg, Gg^Fsy, Gg^Fsy, Gg, Gg^Fsy, Gg, Gg, Gg^Fsy, Hh^Fsy, Gg^Fsy, Gg^Fsy, Gg^Fsy, Gg^Fsy, Gg^Fsy, Gg^Fsy, Ww, Ww, Ww, Ww, Ww
Gg^Fsy, Gg^Fsy, Gg^Fsy, Gg^Fsy, Gg, Gg^Fsy, Gg^Fsy, Gg^Fsy, Gg, Gg^Fsy, Gg^Fsy, Hh^Fsy, Gg, Gg^Fsy, Gg^Fsy, Gg^Fsy, Gg, Gg^Fsy, Gg^Fsy, Gg, Hh^Fsy, Gg^Fsy, Gg^Fsy, Gg^Fsy, Gg^Fsy, Ww, Ww, Ww, Gg, Gg
Gg^Fsy, Gg^Fsy, Gg^Fsy, Gg^Fsy, Gg^Fsy, Gg^Fsy, Gg^Fsy, Gg^Fsy, Gg, Gg, Gg^Fsy, Gg, Gg^Fsy, Gg, Gg, Gg^Fsy, Gg^Fsy, Gg^Fsy, Gg, Gg^Fsy, Gg^Fsy, Gg^Fsy, Gg, Hh^Fsy, Gg^Fsy, Ww, Ww, Ww, Hh^Fsy, Hh^Fsy
Gg^Fsy, Gg^Fsy, Gg^Fsy, Hh^Fsy, Gg^Fsy, Gg^Fsy, Gg^Fsy, Gg, Gg^Fsy, Gg, Gg^Fsy, Gg^Fsy, Gg^Fsy, Gg^Fsy, Gg^Fsy, Gg^Fsy, Gg, Gg^Fsy, Gg^Fsy, Gg^Fsy, Gg, Gg, Gg, Hh^Fsy, Gg^Fsy, Ww, Ww, Ww, Gg^Fsy, Gg^Fsy
Gg^Fsy, Gg^Fsy, Gg^Fsy, Hh^Fsy, Gg^Fsy, Gg^Fsy, Gg^Fsy, Gg, Gg^Fsy, Gg, Gg^Fsy, Gg^Fsy, Gg^Fsy, Gg^Fsy, Gg^Fsy, Gg^Fsy, Gg, Gg^Fsy, Gg^Fsy, Gg^Fsy, Gg, Gg, Gg, Hh^Fsy, Gg^Fsy, Ww, Ww, Ww, Gg^Fsy, Gg^Fsy
