Gg^Fsy, Gg^Fsy, Gg^Fsy, Gg^Fsy, Gg^Fsy, Gg^Fsy, Gg^Fsy, Hh, Hh, Hh, Gg^Fsy, Gg^Fsy, Gg^Fsy, Hh, Gg, Gg, Gg^Fsy, Gg, Gg^Fsy, Gg^Fsy, Gg, Gg^Fsy, Gg^Fsy, Hh, Gg, Gg, Gg^Fsy, Gg^Fsy, Gg^Fsy, Gg^Fsy
Gg^Fsy, Gg^Fsy, Gg^Fsy, Gg^Fsy, Gg^Fsy, Gg^Fsy, Gg^Fsy, Hh, Hh, Hh, Gg^Fsy, Gg^Fsy, Gg^Fsy, Hh, Gg, Gg, Gg^Fsy, Gg, Gg^Fsy, Gg^Fsy, Gg, Gg^Fsy, Gg^Fsy, Hh, Gg, Gg, Gg^Fsy, Gg^Fsy, Gg^Fsy, Gg^Fsy
Gg^Fsy, Gg^Fsy, Gg, Gg, Gg^Fsy, Gg^Fsy, Gg^Fsy, Gg, Gg^Fsy, Gg^Fsy, Gg, Gg^Fsy, Hh, Gg^Fsy, Gg^Fsy, Gg^Fsy, Gg, Gg, Gg^Fsy, Gg, Gg^Fsy, Gg, Gg^Fsy, Gg^Fsy, Gg^Fsy, Gg, Gg^Fsy, Gg^Fsy, Gg^Fsy, Gg^Fsy
Gg^Fsy, Gg^Fsy, Gg^Fsy, Gg^Fsy, Gg^Fsy, Gg^Fsy, Gg^Fsy, Gg^Fsy, Gg^Fsy, Gg^Fsy, Hh, Gg^Fsy, Gg^Fsy, Gg^Vsy, Gg^Fsy, Gg, Gg^Fsy, Gg^Fsy, Gg^Fsy, Gg^Fsy, Gg^Fsy, Gg^Fsy, Gg^Fsy, Gg^Fsy, Gg^Fsy, Hh, Gg, Gg, Gg^Fsy, Gg^Fsy
Gg, Gg, Gg^Fsy, Gg^Fsy, Gg^Fsy, Gg^Fsy, Gg^Vsy, Gg^Fsy, Gg^Fsy, Gg^Fsy, Gg, Gg, Gg, Gg^Fsy, Gg^Fsy, Gg^Fsy, Gg^Fsy, Gg, Gg^Fsy, Gg^Fsy, Gg^Fsy, Gg^Fsy, Gg^Fsy, Gg^Fsy, Gg^Fsy, Gg^Fsy, Gg, Gg^Fsy, Gg^Fsy, Gg^Fsy
Gg^Fsy, Gg^Fsy, Gg^Fsy, Gg^Fsy, Gg^Fsy, Gg^Fsy, Gg^Fsy, Gg^Fsy, Gg, Gg^Fsy, Hh, Gg^Fsy, Gg^Fsy, Gg^Fsy, Gg^Fsy, Hh, Gg^Fsy, Gg^Fsy, Gg, Hh, Gg, Gg^Fsy, Gg, Hh, Gg, Gg^Fsy, Gg^Fsy, Hh, Gg^Fsy, Gg^Fsy
Gg, Gg, Gg^Fsy, Gg^Fsy, Gg^Fsy, Gg^Fsy, Gg^Fsy, Hh, Gg^Fsy, Gg, Hh, Hh, Gg, Gg^Fsy, Gg^Fsy, Gg, Gg, Gg^Fsy, Gg, Gg^Eqp, Gg^Eqp, Gg^Eqp, Gg^Eqp, Gg^Eqp, Gg^Eqp, Gg^Eqp, Gg^Fsy, Gg, Gg, Gg
Gg^Fsy, Gg^Fsy, Gg^Fsy, Gg^Fsy, Gg^Fsy, Hh, Gg^Fsy, Hh, Gg, Gg^Fsy, Gg^Fsy, Gg^Fsy, Gg^Fsy, Hh, Gg^Fsy, Gg, Gg^Fsy, Gg^Fsy, Gg^Fsy, Gg^Fsy, Gg^Fsy, Gg^Fsy, Hh, Gg^Fsy, Gg^Fsy, Gg, Gg^Fsy, Gg^Fsy, Gg^Fsy, Gg^Fsy
Gg, Gg, Gg^Fsy, Gg^Fsy, Gg^Fsy, Gg^Fsy, Gg^Fsy, Gg^Fsy, Gg^Fsy, Gg, Hh, Gg^Fsy, Gg^Fsy, Gg^Fsy, Gg^Fsy, Gg^Fsy, Gg, Gg^Fsy, Gg, Gg^Fsy, Gg, Gg^Fsy, Re, Gg, Gg, Hh, Gg^Fsy, Gg^Fsy, Gg^Fsy, Gg^Fsy
Hh, Hh, Gg, Gg, Gg, Gg^Fsy, Gg^Fsy, Gg^Fsy, Gg^Fsy, Gg^Fsy, Hh, Gg, Gg^Fsy, Gg, Gg^Fsy, Gg, Hh, Gg, Hh, Gg, Re, Re, Qcp, Re, Re, Gg^Fsy, Gg^Fsy, Gg^Fsy, Gg^Fsy, Gg^Fsy
Gg^Fsy, Gg^Fsy, Gg, 1 Gg, Gg, Gg^Fsy, Gg^Fsy, Gg^Fsy, Gg, Gg^Fsy, Gg, Gg^Fsy, Hh, Gg^Fsy, Gg^Fsy, Hh, Gg^Fsy, Gg^Fsy, Gg^Fsy, Gg^Fsy, Re, Qcp, 2 Qkp, Qcp, Re, Gg^Fsy, Gg^Fsy, Gg^Fsy, Gg^Fsy, Gg^Fsy
Gg^Fsy, Gg^Fsy, Gg^Fsy, Gg, Gg^Fsy, Gg, Gg^Fsy, Gg^Fsy, Gg^Fsy, Gg, Gg^Fsy, Gg^Fsy, Gg^Fsy, Gg, Gg, Gg^Fsy, Hh, Gg^Fsy, Gg^Fsy, Gg, Re, Qcp, Re, Qcp, Re, Gg^Fsy, Gg^Fsy, Gg^Fsy, Gg, Gg
Hh, Hh, Gg^Fsy, Gg^Fsy, Gg^Fsy, Gg^Fsy, Gg, Gg^Fsy, Gg^Fsy, Gg^Fsy, Gg^Fsy, Gg^Fsy, Gg^Fsy, Hh, Gg, Gg^Fsy, Gg^Fsy, Gg^Fsy, Gg^Fsy, Gg^Fsy, Hh, Re, Re, Re, Gg, Gg^Fsy, Gg, Gg^Fsy, Gg^Fsy, Gg^Fsy
Gg^Fsy, Gg^Fsy, Hh, Gg^Fsy, Gg, Hh, Gg^Fsy, Gg^Fsy, Gg^Fsy, Gg^Fsy, Hh, Gg^Fsy, Hh, Gg^Fsy, Gg^Fsy, Gg^Fsy, Gg^Fsy, Gg, Gg^Fsy, Gg^Fsy, Gg, Gg^Fsy, Gg^Fsy, Gg^Fsy, Gg, Gg^Fsy, Gg^Fsy, Gg, Gg^Fsy, Gg^Fsy
Gg, Gg, Gg^Fsy, Gg^Fsy, Gg^Fsy, Gg, Gg^Fsy, Gg, Gg, Gg, Gg, Gg^Fsy, Gg^Fsy, Gg^Fsy, Gg^Fsy, Hh, Gg^Fsy, Gg^Fsy, Gg^Fsy, Gg^Fsy, Gg, Gg^Fsy, Gg^Fsy, Gg^Fsy, Gg, Gg^Fsy, Gg^Fsy, Hh, Hh, Hh
Gg, Gg, Gg^Fsy, Gg^Fsy, Gg^Fsy, Gg^Fsy, Gg^Fsy, Hh, Gg^Fsy, Gg, Gg, Gg, Gg^Fsy, Hh, Gg, Gg, Gg^Fsy, Gg^Fsy, Gg, Hh, Gg^Fsy, Gg^Fsy, Gg^Fsy, Gg^Fsy, Gg^Vsy, Gg^Fsy, Gg, Gg^Fsy, Gg^Fsy, Gg^Fsy
Gg^Fsy, Gg^Fsy, Gg^Fsy, Gg^Fsy, Gg, Gg^Fsy, Gg^Vsy, Gg^Fsy, Hh, Gg^Fsy, Hh, Gg^Fsy, Gg^Fsy, Gg^Fsy, Hh, Gg, Gg^Fsy, Gg^Fsy, Gg^Fsy, Gg^Fsy, Gg^Fsy, Gg^Fsy, Gg^Fsy, Gg^Fsy, Gg^Fsy, Gg, Gg^Fsy, Hh, Gg, Gg
Gg^Fsy, Gg^Fsy, Gg^Fsy, Gg^Fsy, Gg^Fsy, Gg, Gg, Gg^Fsy, Gg, Gg^Fsy, Gg^Fsy, Gg^Fsy, Gg^Fsy, Gg^Vsy, Gg, Gg^Fsy, Gg^Fsy, Gg, Gg^Fsy, Gg^Fsy, Hh, Gg^Fsy, Gg^Fsy, Gg^Fsy, Gg^Fsy, Gg^Fsy, Gg^Fsy, Gg^Fsy, Gg^Fsy, Gg^Fsy
Gg^Fsy, Gg^Fsy, Gg^Fsy, Gg, Gg^Fsy, Gg, Gg^Fsy, Gg^Fsy, Gg^Fsy, Gg^Fsy, Hh, Gg^Fsy, Hh, Gg, Gg^Fsy, Gg^Fsy, Hh, Gg^Fsy, Gg^Fsy, Gg^Fsy, Hh, Gg^Fsy, Gg^Fsy, Gg^Fsy, Hh, Gg^Fsy, Gg^Fsy, Gg^Fsy, Gg^Fsy, Gg^Fsy
Gg^Fsy, Gg^Fsy, Hh, Gg, Gg^Fsy, Gg^Fsy, Gg^Fsy, Gg^Fsy, Gg^Fsy, Gg^Fsy, Gg, Gg^Fsy, Gg, Gg^Fsy, Gg^Fsy, Gg^Fsy, Hh, Gg^Fsy, Gg, Gg, Gg^Fsy, Gg, Gg^Fsy, Gg^Fsy, Gg^Fsy, Gg, Gg^Fsy, Gg, Gg^Fsy, Gg^Fsy
Gg^Fsy, Gg^Fsy, Gg^Fsy, Gg^Fsy, Gg^Fsy, Gg, Gg, Gg^Fsy, Gg^Fsy, Gg^Fsy, Gg, Gg^Fsy, Gg, Gg^Fsy, Gg^Fsy, Gg^Fsy, Gg^Fsy, Gg, Gg^Fsy, Gg^Fsy, Gg^Fsy, Gg^Fsy, Hh, Gg^Fsy, Gg^Fsy, Gg^Fsy, Gg, Gg, Gg^Fsy, Gg^Fsy
Gg^Fsy, Gg^Fsy, Gg^Fsy, Gg^Fsy, Gg^Fsy, Gg, Gg, Gg^Fsy, Gg^Fsy, Gg^Fsy, Gg, Gg^Fsy, Gg, Gg^Fsy, Gg^Fsy, Gg^Fsy, Gg^Fsy, Gg, Gg^Fsy, Gg^Fsy, Gg^Fsy, Gg^Fsy, Hh, Gg^Fsy, Gg^Fsy, Gg^Fsy, Gg, Gg, Gg^Fsy, Gg^Fsy
