Qid, Qid, Qid, Qid, Qid, Qid, Qib, Qid, Qid, Qid, Qid, Qid, Qib, Qid, Qid, Qid, Qid, Qid, Qib, Qid, Qid, Qid, Qid, Qid, Qid, Qid, Qid, Qid
Qid, Qid, Qid, Qid, Qid, Qid, Qib, Qid, Qid, Qid, Qid, Qid, Qib, Qid, Qid, Qid, Qid, Qid, Qib, Qid, Qid, Qid, Qid, Qid, Qid, Qid, Qid, Qid
Qid, Qid, Qid, Qid, Qid, Qid, Qib, Qid, Qid, Qid, Qid, Qid, Qib, Qid, Qid, Qid, Qid, Qid, Qib, Qid, Qid, Qid, Qid, Qid, Qid, Qid, Qid, Qid
Qid, Qid, Qid, Qid^Vsp, Qid, Qid, Qib, Qid, Qid, Qid, Qid, Qid, Qib, Qid, Qid, Qid, Qid, Qid, Qib, Qid, Qid, Qid, Qid, Qid, Qid^Vsp, Qid, Qid, Qid
Qid, Qid, Qid, Qid, Qid, Qid, Qid, Qid, Qid, Qid, Qid, Qid, Qid, Qid, Qid, Qid, Qid, Qid, Qid, Qid, Qid, Qid, Qid, Qid, Qid, Qid, Qid, Qid
Qid, Qid, Qid, Qid, Qid, Qid, Qib, Qid, Qid, Qid, Qid, Qid, Qib, Qid, Qid, Qid, Qid, Qid, Qib, Qid, Qid, Qid, Qid, Qid, Qid, Qid, Qid, Qid
Qib, Qib, Qib, Qid, Qib, Qib, Qib, Qib, Qib, Qid, Qib, Qib, Qib, Qib, Qib, Qid, Qib, Qib, Qib, Qib, Qib, Qib, Qid, Qib, Qib, Qib, Qib, Qib
Qid, Qid, Qid, Qid, Qid, Qid, Qib, Qid, Qid, Qid, Qid, Qid, Qib, Qid, Qid, Qid, Qid, Qid, Qib, Qid, Iwr, Iwr, Iwr, Iwr, Iwr, Qid, Qid, Qid
Qid, Qid, Qid, Qid, Qid, Qid, Qib, Qid, Qid, Qcb, Qcb, Qid, Qib, Qid, Qid, Qid, Qid, Qid, Qib, Qid, Iwr, Iwr, Iwr, Iwr, Iwr, Qid, Qid, Qid
Qid, Qid, Qid, Qid, Qid, Qid, Qid, Qid, Qid, 1 Qkb, Qcb, Qid, Qid, Qid, Qid, Qid, Qid, Qid, Qid, Qid, Iwr, Iwr, Iwr^Vov, Iwr, Iwr, Qid, Qid, Qid
Qid, Qid, Qid, Qid, Qid, Qid, Qib, Qid, Qid, Qid, Qid, Qid, Qib, Qid, Qid, Qid, Qid, Qid, Qib, Qid, Iwr, Iwr, Iwr, Iwr, Iwr, Qid, Qid, Qid
Qid, Qid, Qid, Qid, Qid, Qid, Qib, Qid, Qid, Qid, Qid, Qid, Qib, Qid, Qid, Qid, Qid, Qid, Qib, Qid, Iwr, Iwr, Iwr, Iwr, Iwr, Qid, Qid, Qid
Qib, Qib, Qib, Qid, Qib, Qib, Qib, Qib, Qib, Qid, Qib, Qib, Qib, Qib, Qib, Qid, Qib, Qib, Qib, Qib, Qib, Qib, Qid, Qib, Qib, Qib, Qib, Qib
Qid, Qid, Qid, Qid, Qid, Qid, Qib, Qid, Qid, Qid, Qid, Qid, Qib, Qid, Qid, Qid, Qid, Qid, Qib, Qid, Qid, Qid, Qid, Qid, Qid, Qid, Qid, Qid
Qid, Qid, Qid, Qid, Qid, Qid, Qid, Qid, Qid, Qid, Qid, Qid, Qid, Qid, Qid, Qid, Qid, Qid, Qid, Qid, Qid, Qid, Qid, Qid, Qid, Qid, Qid, Qid
Qid, Qid, Qid, Qid, Qid, Qid, Qib, Qid, Qid, Qid, Qid, Qid, Qib, Qid, Qid, Qid^Vsp, Qid, Qid, Qib, Qid, Qid, Qid, Qid, Qid, Qid, Qid, Qid, Qid
Qid, Qid, Qid, Qid, Qid, Qid, Qib, Qid, Qid, Qid, Qid, Qid, Qib, Qid, Qid, Qid, Qid, Qid, Qib, Qid, Qid, Qid, Qid, Qid, Qid, Qid, Qid, Qid
Qid, Qid, Qid, Qid, Qid, Qid, Qib, Qid, Qid, Qid, Qid, Qid, Qib, Qid, Qid, Qid, Qid, Qid, Qib, Qid, Qid, Qid, Qid, Qid, Qid, Qid, Qid, Qid
Qid, Qid, Qid, Qid, Qid, Qid, Qib, Qid, Qid, Qid, Qid, Qid, Qib, Qid, Qid, Qid, Qid, Qid, Qib, Qid, Qid, Qid, Qid, Qid, Qid, Qid, Qid, Qid
Qid, Qid, Qid, Qid, Qid, Qid, Qib, Qid, Qid, Qid, Qid, Qid, Qib, Qid, Qid, Qid, Qid, Qid, Qib, Qid, Qid, Qid, Qid, Qid, Qid, Qid, Qid, Qid
