Qfp, Qfp, Qfp, Qfp, Qfp, Qfp, Qwp, Qfp, Qfp, Qfp, Qfp, Qfp, Qwp, Qfp, Qfp, Qfp, Qfp, Qfp, Qwp, Qfp, Qfp, Qfp, Qfp, Qfp, Qfp, Qfp, Qfp, Qfp
Qfp, Qfp, Qfp, Qfp, Qfp, Qfp, Qwp, Qfp, Qfp, Qfp, Qfp, Qfp, Qwp, Qfp, Qfp, Qfp, Qfp, Qfp, Qwp, Qfp, Qfp, Qfp, Qfp, Qfp, Qfp, Qfp, Qfp, Qfp
Qfp, Qfp, Qfp, Qfp, Qfp, Qfp, Qwp, Qfp, Qfp, Qfp, Qfp, Qfp, Qwp, Qfp, Qfp, Qfp, Qfp, Qfp, Qwp, Qfp, Qfp, Qfp, Qfp, Qfp, Qfp, Qfp, Qfp, Qfp
Qfp, Qfp, Qfp, Qfp^Vsp, Qfp, Qfp, Qwp, Qfp, Qfp, Qfp, Qfp, Qfp, Qwp, Qfp, Qfp, Qfp, Qfp, Qfp, Qwp, Qfp, Qfp, Qfp, Qfp, Qfp, Qfp^Vsp, Qfp, Qfp, Qfp
Qfp, Qfp, Qfp, Qfp, Qfp, Qfp, Qfp, Qfp, Qfp, Qfp, Qfp, Qfp, Qfp, Qfp, Qfp, Qfp, Qfp, Qfp, Qfp, Qfp, Qfp, Qfp, Qfp, Qfp, Qfp, Qfp, Qfp, Qfp
Qfp, Qfp, Qfp, Qfp, Qfp, Qfp, Qwp, Qfp, Qfp, Qfp, Qfp, Qfp, Qwp, Qfp, Qfp, Qfp, Qfp, Qfp, Qwp, Qfp, Qfp, Qfp, Qfp, Qfp, Qfp, Qfp, Qfp, Qfp
Qwp, Qwp, Qwp, Qfp, Qwp, Qwp, Qwp, Qwp, Qwp, Qfp, Qwp, Qwp, Qwp, Qwp, Qwp, Qfp, Qwp, Qwp, Qwp, Qwp, Qwp, Qwp, Qfp, Qwp, Qwp, Qwp, Qwp, Qwp
Qfp, Qfp, Qfp, Qfp, Qfp, Qfp, Qwp, Qfp, Qfp, Qfp, Qfp, Qfp, Qwp, Qfp, Qfp, Qfp, Qfp, Qfp, Qwp, Qfp, Iwr, Iwr, Iwr, Iwr, Iwr, Qfp, Qfp, Qfp
Qfp, Qfp, Qfp, Qfp, Qfp, Qfp, Qwp, Qfp, Qfp, Qcb, Qcb, Qfp, Qwp, Qfp, Qfp, Qfp, Qfp, Qfp, Qwp, Qfp, Iwr, Iwr, Iwr, Iwr, Iwr, Qfp, Qfp, Qfp
Qfp, Qfp, Qfp, Qfp, Qfp, Qfp, Qfp, Qfp, Qfp, 1 Qkb, Qcb, Qfp, Qfp, Qfp, Qfp, Qfp, Qfp, Qfp, Qfp, Qfp, Iwr, Iwr, Iwr^Vov, Iwr, Iwr, Qfp, Qfp, Qfp
Qfp, Qfp, Qfp, Qfp, Qfp, Qfp, Qwp, Qfp, Qfp, Qfp, Qfp, Qfp, Qwp, Qfp, Qfp, Qfp, Qfp, Qfp, Qwp, Qfp, Iwr, Iwr, Iwr, Iwr, Iwr, Qfp, Qfp, Qfp
Qfp, Qfp, Qfp, Qfp, Qfp, Qfp, Qwp, Qfp, Qfp, Qfp, Qfp, Qfp, Qwp, Qfp, Qfp, Qfp, Qfp, Qfp, Qwp, Qfp, Iwr, Iwr, Iwr, Iwr, Iwr, Qfp, Qfp, Qfp
Qwp, Qwp, Qwp, Qfp, Qwp, Qwp, Qwp, Qwp, Qwp, Qfp, Qwp, Qwp, Qwp, Qwp, Qwp, Qfp, Qwp, Qwp, Qwp, Qwp, Qwp, Qwp, Qfp, Qwp, Qwp, Qwp, Qwp, Qwp
Qfp, Qfp, Qfp, Qfp, Qfp, Qfp, Qwp, Qfp, Qfp, Qfp, Qfp, Qfp, Qwp, Qfp, Qfp, Qfp, Qfp, Qfp, Qwp, Qfp, Qfp, Qfp, Qfp, Qfp, Qfp, Qfp, Qfp, Qfp
Qfp, Qfp, Qfp, Qfp, Qfp, Qfp, Qfp, Qfp, Qfp, Qfp, Qfp, Qfp, Qfp, Qfp, Qfp, Qfp, Qfp, Qfp, Qfp, Qfp, Qfp, Qfp, Qfp, Qfp, Qfp, Qfp, Qfp, Qfp
Qfp, Qfp, Qfp, Qfp, Qfp, Qfp, Qwp, Qfp, Qfp, Qfp, Qfp, Qfp, Qwp, Qfp, Qfp, Qfp^Vsp, Qfp, Qfp, Qwp, Qfp, Qfp, Qfp, Qfp, Qfp, Qfp, Qfp, Qfp, Qfp
Qfp, Qfp, Qfp, Qfp, Qfp, Qfp, Qwp, Qfp, Qfp, Qfp, Qfp, Qfp, Qwp, Qfp, Qfp, Qfp, Qfp, Qfp, Qwp, Qfp, Qfp, Qfp, Qfp, Qfp, Qfp, Qfp, Qfp, Qfp
Qfp, Qfp, Qfp, Qfp, Qfp, Qfp, Qwp, Qfp, Qfp, Qfp, Qfp, Qfp, Qwp, Qfp, Qfp, Qfp, Qfp, Qfp, Qwp, Qfp, Qfp, Qfp, Qfp, Qfp, Qfp, Qfp, Qfp, Qfp
Qfp, Qfp, Qfp, Qfp, Qfp, Qfp, Qwp, Qfp, Qfp, Qfp, Qfp, Qfp, Qwp, Qfp, Qfp, Qfp, Qfp, Qfp, Qwp, Qfp, Qfp, Qfp, Qfp, Qfp, Qfp, Qfp, Qfp, Qfp
Qfp, Qfp, Qfp, Qfp, Qfp, Qfp, Qwp, Qfp, Qfp, Qfp, Qfp, Qfp, Qwp, Qfp, Qfp, Qfp, Qfp, Qfp, Qwp, Qfp, Qfp, Qfp, Qfp, Qfp, Qfp, Qfp, Qfp, Qfp
