Qwr, Qwr, Qwr, Qwr, Qwr, Qwr, Qwr, Qwr, Qwr, Qwr, Qwr, Qwr, Qwr, Qwr, Qwr, Qwr, Qwr, Qwr, Qwr, Qwr, Qwr, Qwr
Qwr, Qwr, Qwr, Qwr, Qwr, Qwr, Qwr, Qwr, Qwr, Qwr, Qwr, Qwr, Qwr, Qwr, Qwr, Qwr, Qwr, Qwr, Qwr, Qwr, Qwr, Qwr
Qfr, Qfr, Qfr, Qfr, Qfr, Qfr, Qfr, Qfr, Qfr, Qfr, Qfr, Qfr, Qfr, Qfr, Qfr, Qfr, Qfr, Qfr, Qfr, Qfr, Qfr, Qfr
Qfr, Qfr, Qfr, Qfr, Qfr, Qfr, Qfr, Qfr, Qfr, Qfr, Qfr, Qfr, Qfr, Qfr, Qfr, Qfr, Qfr, Qfr, Qfr, Qfr, Qfr, Qfr
Qfr, Qfr, Qfr, Qfr, Qfr, Qfr, Qwr, Qfr, Qfr, Qfr, Qwr, Qfr, Qfr, Qfr, Qwr, Qfr, Qfr, Qfr, Qfr, Qfr, Qfr, Qfr
Qfr, Qfr, Qfr, Qfr, Qfr, Qfr, Qfr, Qfr, Qfr, Qfr, Qfr, Qfr, Qfr, Qfr, Qfr, Qfr, Qfr, Qfr, Qfr, Qfr, Qfr, Qfr
Qfr, Qfr, Qfr, Qfr, Qfr, Qfr, Qfr, Qfr, Qfr, Qfr, Qfr, Qfr, Qfr, Qfr, Qfr, Qfr, Qit, Qit, Qit, Qfr, Qfr, Qfr
Qfr, Qfr, Qfr, Qfr, Qfr, Qfr, Qfr, Qfr, Qfr, Qfr, Qfr, Qfr, Qfr, Qfr, Qfr, Qfr, Qit, Qit, Qit, Qfr, Qfr, Qfr
Qfr, Qfr, Qfr, 1 Qfr, Qfr, Qfr, Qfr, Qfr, Qfr, Qfr, Qfr, Qfr, Qfr, Qfr, Qfr, Qfr, Qit, Qit^Vov, Qit, Qfr, Qfr, Qfr
Qfr, Qfr, Qfr, Qfr, Qfr, Qfr, Qfr, Qfr, Qfr, Qfr, Qfr, Qfr, Qfr, Qfr, Qfr, Qfr, Qit, Qit, Qit, Qfr, Qfr, Qfr
Qfr, Qfr, Qfr, Qfr, Qfr, Qfr, Qfr, Qfr, Qfr, Qfr, Qfr, Qfr, Qfr, Qfr, Qfr, Qfr, Qit, Qit, Qit, Qfr, Qfr, Qfr
Qfr, Qfr, Qfr, Qfr, Qfr, Qfr, Qfr, Qfr, Qfr, Qfr, Qfr, Qfr, Qfr, Qfr, Qfr, Qfr, Qfr, Qfr, Qfr, Qfr, Qfr, Qfr
Qfr, Qfr, Qfr, Qfr, Qfr, Qfr, Qwr, Qfr, Qfr, Qfr, Qwr, Qfr, Qfr, Qfr, Qwr, Qfr, Qfr, Qfr, Qfr, Qfr, Qfr, Qfr
Qfr, Qfr, Qfr, Qfr, Qfr, Qfr, Qfr, Qfr, Qfr, Qfr, Qfr, Qfr, Qfr, Qfr, Qfr, Qfr, Qfr, Qfr, Qfr, Qfr, Qfr, Qfr
Qfr, Qfr, Qfr, Qfr, Qfr, Qfr, Qfr, Qfr, Qfr, Qfr, Qfr, Qfr, Qfr, Qfr, Qfr, Qfr, Qfr, Qfr, Qfr, Qfr, Qfr, Qfr
Qfr, Qfr, Qfr, Qfr, Qfr, Qfr, Qfr, Qfr, Qfr, Qfr, Qfr, Qfr, Qfr, Qfr, Qfr, Qfr, Qfr, Qfr, Qfr, Qfr, Qfr, Qfr
Qwr, Qwr, Qwr, Qwr, Qwr, Qwr, Qwr, Qwr, Qwr, Qwr, Qwr, Qwr, Qwr, Qwr, Qwr, Qwr, Qwr, Qwr, Qwr, Qwr, Qwr, Qwr
Qwr, Qwr, Qwr, Qwr, Qwr, Qwr, Qwr, Qwr, Qwr, Qwr, Qwr, Qwr, Qwr, Qwr, Qwr, Qwr, Qwr, Qwr, Qwr, Qwr, Qwr, Qwr
