Gg^Ftr, Gg^Ftr, Mm, Hh, Hh, Hh, Hh, Hh, Hh, Hh, Mm, Gg^Ftr, Hh, Hh, Hh, Mm, Hh, Mm, Hh, Hh, Mm, Gg^Ftr, Gg^Ftr, Hh, Hh, Mm^Xm, Mm^Xm, Mm^Xm, Mm^Xm, Mm^Xm
Gg^Ftr, Gg^Ftr, Mm, Hh, Hh, Hh, Hh, Hh, Hh, Hh, Mm, Gg^Ftr, Hh, Hh, Hh, Mm, Hh, Mm, Hh, Hh, Mm, Gg^Ftr, Gg^Ftr, Hh, Hh, Mm^Xm, Mm^Xm, Mm^Xm, Mm^Xm, Mm^Xm
Hh, Hh, Hh, Hh, Hh, Mm, Hh, Hh, Hh, Hh, Gg^Ftr, Hh, Mm, Hh, Mm, Mm, Hh, Mm, Hh, Hh, Hh, Hh, Mm, Hh, Mm, Mm^Xm, Mm^Xm, Mm^Xm, Mm^Xm, Mm^Xm
Hh, Hh, Hh, Mm, Hh, Gg^Ftr, Mm, Hh, Hh, Hh, Gg^Ftr, Hh, Gg^Ftr, Hh, Hh, Mm, Gg^Ftr, Mm, Hh, Gg^Ftr, Mm, Hh, Gg^Ftr, Hh, Mm, Mm^Xm, Mm^Xm, Mm^Xm, Mm^Xm, Mm^Xm
Mm, Mm, Hh, Hh, Hh, Hh, Hh, Hh, Gg^Ftr, Hh, Mm, Mm, Hh, Hh, Hh, Gg^Ftr, Hh, Hh, Gg^Ftr, Mm, Hh, Hh, Hh, Hh, Gg^Ftr, Mm^Xm, Mm^Xm, Mm^Xm, Mm^Xm, Mm^Xm
Hh, Hh, Hh, Hh, Gg^Ftr, Hh, Hh, Mm, Hh, Gg^Ftr, Hh, Gg^Ftr, Gg^Ftr, Mm, Hh, Mm, Mm, Hh, Mm, Hh, Hh, Hh, Mm, Gg^Ftr, Gg^Ftr, Mm^Xm, Mm^Xm, Mm^Xm, Mm^Xm, Mm^Xm
Hh, Hh, Mm, Gg^Ftr, Mm, Hh, Hh, Hh, Mm, Hh, Gg^Ftr, Hh, Hh, Gg^Ftr, Hh, Hh, Hh, Hh, Hh, Hh, Hh, Hh, Hh, Hh, Hh, Mm^Xm, Mm^Xm, Mm^Xm, Mm^Xm, Mm^Xm
Hh, Hh, Hh, Hh, Hh, Hh, Gg^Ftr, Hh, Mm, Hh, Hh, Hh, Hh, Mm, Hh, Hh, Hh, Hh, Hh, Mm, Hh, Hh, Isr, Isr, Isr, Isr, Isr, Mm^Xm, Mm^Xm, Mm^Xm
Hh, Hh, Hh, Gg^Ftr, Gg^Ftr, Gg^Ftr, Hh, Hh, Re, Hh, Re, Hh, Re, Mm, Re, Hh, Mm, Hh, Mm, Hh, Gg^Ftr, Mm, Isr, Isr, Isr, Isr, Isr, Mm^Xm, Mm^Xm, Mm^Xm
Hh, Hh, Ch, Ch, Ch, Re, Re, Re, Re, Re, Re, Re, Re, Re, Re, Re, Re, Re, Re, Re, Ce, Ce, Ce, Isr, Isr, Isr, Isr, Mm^Xm, Mm^Xm, Mm^Xm
Re, Re, Ch, 1 Kh, Ch, Re, Re, Re, Re, Re, Re, Re, Re, Re, Re, Re, Re, Re, Re, Re, Re, 2 Ke, Ce, Isr, Isr, Isr, Isr, Mm^Xm, Mm^Xm, Mm^Xm
Re, Re, Re, Re, Re, Re, Re, Re, Mm, Re, Hh, Re, Hh, Re, Hh, Re, Re, Re, Re, Re, Re, Re, Isr, Isr, Isr, Isr, Isr, Mm^Xm, Mm^Xm, Mm^Xm
Hh, Hh, Hh, Gg^Ftr, Hh, Hh, Hh, Mm, Hh, Mm, Gg^Ftr, Hh, Mm, Hh, Hh, Hh, Hh, Gg^Ftr, Hh, Mm, Hh, Mm, Isr, Isr, Isr, Isr, Isr, Mm^Xm, Mm^Xm, Mm^Xm
Hh, Hh, Hh, Hh, Gg^Ftr, Hh, Hh, Mm, Hh, Gg^Ftr, Hh, Hh, Hh, Hh, Hh, Hh, Mm, Hh, Hh, Mm, Mm, Mm, Isr, Isr, Isr, Isr, Isr, Mm^Xm, Mm^Xm, Mm^Xm
Hh, Hh, Hh, Hh, Hh, Mm, Hh, Gg^Ftr, Mm, Hh, Mm, Gg^Ftr, Mm, Hh, Hh, Hh, Gg^Ftr, Hh, Mm, Hh, Hh, Gg^Ftr, Mm, Hh, Hh, Mm^Xm, Mm^Xm, Mm^Xm, Mm^Xm, Mm^Xm
Hh, Hh, Hh, Hh, Hh, Hh, Hh, Hh, Hh, Mm, Hh, Hh, Hh, Hh, Mm, Hh, Hh, Hh, Hh, Hh, Hh, Mm, Hh, Hh, Hh, Mm^Xm, Mm^Xm, Mm^Xm, Mm^Xm, Mm^Xm
Gg^Ftr, Gg^Ftr, Hh, Hh, Hh, Hh, Mm, Hh, Hh, Hh, Hh, Hh, Hh, Hh, Gg^Ftr, Hh, Hh, Hh, Gg^Ftr, Hh, Mm, Hh, Hh, Mm, Hh, Mm^Xm, Mm^Xm, Mm^Xm, Mm^Xm, Mm^Xm
Hh, Hh, Gg^Ftr, Hh, Hh, Mm, Hh, Hh, Hh, Gg^Ftr, Mm, Hh, Gg^Ftr, Hh, Mm, Mm, Hh, Hh, Hh, Gg^Ftr, Hh, Hh, Hh, Hh, Hh, Mm^Xm, Mm^Xm, Mm^Xm, Mm^Xm, Mm^Xm
Hh, Hh, Gg^Ftr, Hh, Hh, Hh, Hh, Hh, Hh, Mm, Hh, Hh, Hh, Hh, Mm, Mm, Mm, Gg^Ftr, Mm, Gg^Ftr, Mm, Hh, Mm, Mm, Hh, Mm^Xm, Mm^Xm, Mm^Xm, Mm^Xm, Mm^Xm
Hh, Hh, Gg^Ftr, Hh, Hh, Hh, Hh, Hh, Hh, Hh, Hh, Hh, Gg^Ftr, Mm, Gg^Ftr, Hh, Hh, Hh, Hh, Hh, Mm, Hh, Gg^Ftr, Hh, Hh, Mm^Xm, Mm^Xm, Mm^Xm, Mm^Xm, Mm^Xm
Hh, Hh, Mm, Hh, Hh, Hh, Hh, Hh, Hh, Mm, Mm, Hh, Hh, Gg^Ftr, Hh, Hh, Hh, Mm, Hh, Hh, Hh, Hh, Hh, Hh, Hh, Mm^Xm, Mm^Xm, Mm^Xm, Mm^Xm, Mm^Xm
Hh, Hh, Mm, Hh, Hh, Hh, Hh, Hh, Hh, Mm, Mm, Hh, Hh, Gg^Ftr, Hh, Hh, Hh, Mm, Hh, Hh, Hh, Hh, Hh, Hh, Hh, Mm^Xm, Mm^Xm, Mm^Xm, Mm^Xm, Mm^Xm
