Xos, Xos, Xos, Xos, Xos, Xos, Xos, Xos, Xos, Xos, Xos, Xos, Xos, Xos, Xos, Xos, Xos, Xos, Xos, Xos, Xos, Xos, Xos, Xos, Xos, Xos, Xos, Xos
Xos, Xos, Xos, Xos, Xos, Xos, Xos, Xos, Xos, Xos, Xos, Xos, Xos, Xos, Xos, Xos, Xos, Xos, Xos, Xos, Xos, Xos, Xos, Xos, Xos, Xos, Xos, Xos
Xos, Xos, Xos, Xos, Xos, Xos, Xos, Xos, Isr, Isr, Isr, Isr, Isr, Isr, Isr, Isr, Isr, Isr, Isr, Isr, Isr, Isr, Isr, Isr, Xos, Xos, Xos, Xos
Xos, Xos, Xos, Xos, Xos, Xos, Xos, Xos, Isr, Isr, Isr, Isr, Isr, Isr, Isr, Isr, Isr, Isr, Isr, Isr, Isr, Isr, Isr, Isr, Xos, Xos, Xos, Xos
Xos, Xos, Xos, Xos, Xos, Xos, Xos, Xos, Isr, Isr, Isr, Xos, Isr, Isr, Isr, Xos, Isr, Isr, Isr, Xos, Isr, Isr, Isr, Isr, Xos, Xos, Xos, Xos
Xos, Xos, Xos, Xos, Xos, Xos, Xos, Xos, Isr, Isr, Isr, Xos, Isr, Isr, Isr, Xos, Isr, Isr, Isr, Xos, Isr, Isr, Isr, Isr, Xos, Xos, Xos, Xos
Xos, Xos, Xos, Xos, Xos, Xos, Xos, Xos, Isr, Isr, Isr, Xos, Isr, Isr, Isr, Xos, Isr, Isr, Isr, Xos, Isr, Isr, Isr, Isr, Xos, Xos, Xos, Xos
Xos, Xos, Xos, Xos, Xos, Xos, Xos, Xos, Isr, Isr, Isr, Xos, Isr, Isr, Isr, Xos, Isr, Isr, Isr, Xos, Isr, Isr, Isr, Isr, Xos, Xos, Xos, Xos
Xos, Xos, Isr, Ch, Ch, Isr, Isr, Isr, Isr, Isr, Isr, Isr, Isr, Isr, Isr, Isr, Isr, Isr, Isr, Isr, Isr, Isr, Isr, Isr, Isr, Isr, Isr, Isr
Isr, Isr, Isr, 1 Kh, Ch, Isr, Isr, Isr, Isr, Isr, Isr, Isr, Isr, Isr, Isr, Isr, Isr, Isr, Isr, Isr, Isr, Isr, Isr, Isr, Isr, Isr, Isr, Isr
Isr, Isr, Isr, Isr, Isr, Isr, Isr, Isr, Isr, Isr, Isr, Isr, Isr, Isr, Isr, Isr, Isr, Isr, Isr, Isr, Isr, Isr, Isr, Isr, Isr, Isr, Xos, Xos
Xos, Xos, Xos, Xos, Xos, Xos, Xos, Xos, Isr, Isr, Isr, Xos, Isr, Isr, Isr, Xos, Isr, Isr, Isr, Xos, Isr, Isr, Isr, Isr, Xos, Xos, Xos, Xos
Xos, Xos, Xos, Xos, Xos, Xos, Xos, Xos, Isr, Isr, Isr, Xos, Isr, Isr, Isr, Xos, Isr, Isr, Isr, Xos, Isr, Isr, Isr, Isr, Xos, Xos, Xos, Xos
Xos, Xos, Xos, Xos, Xos, Xos, Xos, Xos, Isr, Isr, Isr, Xos, Isr, Isr, Isr, Xos, Isr, Isr, Isr, Xos, Isr, Isr, Isr, Isr, Xos, Xos, Xos, Xos
Xos, Xos, Xos, Xos, Xos, Xos, Xos, Xos, Isr, Isr, Isr, Xos, Isr, Isr, Isr, Xos, Isr, Isr, Isr, Xos, Isr, Isr, Isr, Isr, Xos, Xos, Xos, Xos
Xos, Xos, Xos, Xos, Xos, Xos, Xos, Xos, Isr, Isr, Isr, Isr, Isr, Isr, Isr, Isr, Isr, Isr, Isr, Isr, Isr, Isr, Isr, Isr, Xos, Xos, Xos, Xos
Xos, Xos, Xos, Xos, Xos, Xos, Xos, Xos, Isr, Isr, Isr, Isr, Isr, Isr, Isr, Isr, Isr, Isr, Isr, Isr, Isr, Isr, Isr, Isr, Xos, Xos, Xos, Xos
Xos, Xos, Xos, Xos, Xos, Xos, Xos, Xos, Xos, Xos, Xos, Xos, Xos, Xos, Xos, Xos, Xos, Xos, Xos, Xos, Xos, Xos, Xos, Xos, Xos, Xos, Xos, Xos
Xos, Xos, Xos, Xos, Xos, Xos, Xos, Xos, Xos, Xos, Xos, Xos, Xos, Xos, Xos, Xos, Xos, Xos, Xos, Xos, Xos, Xos, Xos, Xos, Xos, Xos, Xos, Xos
Xos, Xos, Xos, Xos, Xos, Xos, Xos, Xos, Xos, Xos, Xos, Xos, Xos, Xos, Xos, Xos, Xos, Xos, Xos, Xos, Xos, Xos, Xos, Xos, Xos, Xos, Xos, Xos
