Gg^Ftr, Gg^Ftr, Gg^Ftr, Gg^Ftr, Gg^Ftr, Gg^Ftr, Gg^Ftr, Gg^Ftr, Gg^Ftr, Gg^Ftr, Gg^Ftr, Hh^Fp, Gg^Ftr, Gg^Ftr, Gg^Ftr, Gg^Ftr, Gg, Gg^Ftr, Gg^Ftr, Gg^Ftr, Gg^Ftr, Gg^Ftr, Gg^Ftr, Gg, Gg^Ftr, Ww, Ww, Ww, Gg^Ftr, Gg^Ftr
Gg^Ftr, Gg^Ftr, Gg^Ftr, Gg^Ftr, Gg^Ftr, Gg^Ftr, Gg^Ftr, Gg^Ftr, Gg^Ftr, Gg^Ftr, Gg^Ftr, Hh^Fp, Gg^Ftr, Gg^Ftr, Gg^Ftr, Gg^Ftr, Gg, Gg^Ftr, Gg^Ftr, Gg^Ftr, Gg^Ftr, Gg^Ftr, Gg^Ftr, Gg, Gg^Ftr, Ww, Ww, Ww, Gg^Ftr, Gg^Ftr
Gg, Gg, Gg^Ftr, Hh^Fp, Hh^Fp, Gg^Ftr, Gg^Ftr, Gg^Ftr, Gg^Ftr, Gg, Gg, Gg^Ftr, Gg^Ftr, Gg^Ftr, Gg^Ftr, Gg, Gg^Ftr, Gg, Gg^Ftr, Gg^Ftr, Gg^Ftr, Gg^Ftr, Gg, Gg^Ftr, Gg^Ftr, Ww, Ww, Ww, Gg^Ftr, Gg^Ftr
Gg^Ftr, Gg^Ftr, Hh^Fp, Gg^Ftr, Gg, Gg^Ftr, Gg, Gg^Ftr, Gg^Ftr, Gg, Gg^Ftr, Gg, Gg, Gg^Ftr, Gg^Ftr, Gg, Gg^Ftr, Gg^Ftr, Gg^Ftr, Gg^Ftr, Hh^Fp, Gg^Ftr, Gg^Ftr, Hh^Fp, Gg^Ftr, Ww, Ww, Ww, Gg^Ftr, Gg^Ftr
Gg^Ftr, Gg^Ftr, Gg^Ftr, Gg^Ftr, Gg^Ftr, Gg^Ftr, Gg, Gg^Ftr, Gg^Ftr, Gg^Ftr, Gg, Gg, Gg, Gg, Gg, Gg, Hh^Fp, Gg, Gg^Ftr, Gg, Gg^Ftr, Gg, Gg^Ftr, Gg^Ftr, Ww, Ww, Ww, Ww, Gg, Gg
Gg^Ftr, Gg^Ftr, Gg^Ftr, Gg^Ftr, Gg^Ftr, Gg^Ftr, Gg^Ftr, Gg^Ftr, Gg, Gg^Ftr, Gg, Gg, Gg, Gg, Gg, Gg^Ftr, Gg^Ftr, Gg^Ftr, Gg^Ftr, Gg^Ftr, Gg^Ftr, Gg, Gg^Ftr, Gg, Ww, Ww, Ww, Ww, Hh^Fp, Hh^Fp
Gg^Ftr, Gg^Ftr, Gg^Ftr, Gg^Ftr, Hh^Fp, Gg, Hh^Fp, Hh^Fp, Gg, Gg^Ftr, Gg, Gg, Gg, Gg, Gg, Hh^Fp, Gg^Ftr, Gg^Ftr, Gg^Ftr, Gg^Ftr, Gg^Ftr, Gg, Gg^Ftr, Gg^Ftr, Ww, Ww, Ww, Gg, Hh^Fp, Hh^Fp
Gg^Ftr, Gg^Ftr, Hh^Fp, Gg, Gg^Ftr, Gg^Ftr, Gg^Ftr, Gg, Gg^Ftr, Hh^Fp, Gg, Gg, Gg, Gg, Gg^Ftr, Gg^Ftr, Gg^Ftr, Gg^Ftr, Gg^Ftr, Gg^Ftr, Gg^Ftr, Gg^Ftr, Gg^Ftr, Hh^Fp, Ww, Ww, Ww, Gg, Gg, Gg
Gg^Ftr, Gg^Ftr, Gg^Ftr, Gg, Gg^Ftr, Gg^Ftr, Gg^Ftr, Gg^Ftr, Gg, Gg^Ftr, Gg, Gg, Gg^Ftr, Gg, Gg^Ftr, Gg^Ftr, Gg^Ftr, Gg, Gg^Ftr, Gg^Ftr, Gg^Ftr, Gg^Ftr, Gg^Ftr, Gg^Ftr, Ww, Ww, Ww, Gg, Gg^Ftr, Gg^Ftr
Gg^Ftr, Gg^Ftr, Gg, Gg, Gg, Gg^Ftr, Gg, Gg^Ftr, Gg^Ftr, Gg^Ftr, Gg, Gg^Ftr, Gg^Ftr, Gg^Ftr, Gg, Hh^Fp, Gg^Ftr, Gg^Ftr, Gg^Ftr, Hh^Fp, Gg^Ftr, Gg^Ftr, Gg, Hh^Fp, Ww, Ww, Ww, Ww, Gg^Ftr, Gg^Ftr
Hh^Fp, Hh^Fp, Gg, 1 Gg, Gg^Dr, Gg^Ftr, Gg^Ftr, Gg^Ftr, Gg^Ftr, Gg^Ftr, Gg^Ftr, Gg, Gg^Ftr, Gg^Ftr, Gg^Ftr, Hh^Fp, Gg, Gg, Gg, Gg^Ftr, Gg, Gg^Ftr, Gg^Ftr, Gg^Ftr, Gg^Ftr, Wwf, Wwf, Ww, Gg, Gg
Gg, Gg, Hh^Fp, Gg, Gg, Gg^Ftr, Hh^Fp, Hh^Fp, Gg, Hh^Fp, Gg^Ftr, Gg^Ftr, Gg^Ftr, Gg, Gg^Ftr, Gg^Ftr, Gg^Ftr, Gg^Ftr, Gg, Gg^Ftr, Gg^Ftr, Gg^Ftr, Gg^Ftr, Gg^Ftr, Gg^Ftr, Ww, Ww, Ww, Gg^Ftr, Gg^Ftr
Gg^Ftr, Gg^Ftr, Hh^Fp, Gg^Ftr, Gg^Ftr, Gg, Gg^Ftr, Gg^Ftr, Gg^Ftr, Gg, Gg, Gg, Gg^Ftr, Gg, Gg^Ftr, Gg^Ftr, Gg^Ftr, Gg, Gg, Gg, Gg^Ftr, Gg^Ftr, Hh^Fp, Gg, Gg, Ww, Ww, Ww, Ww, Ww
Gg^Ftr, Gg^Ftr, Hh^Fp, Gg^Ftr, Gg, Hh^Fp, Gg^Ftr, Gg^Ftr, Gg^Ftr, Gg^Ftr, Gg^Ftr, Gg^Ftr, Gg, Gg, Gg, Gg, Gg, Gg^Ftr, Gg^Ftr, Gg, Gg^Ftr, Gg^Ftr, Gg^Ftr, Gg^Ftr, Gg^Ftr, Ww, Ww, Ww, Ww, Ww
Gg^Ftr, Gg^Ftr, Gg^Ftr, Gg^Ftr, Gg^Ftr, Gg, Gg^Ftr, Gg^Ftr, Gg^Ftr, Gg, Gg^Ftr, Gg^Ftr, Gg^Ftr, Gg, Gg, Gg, Gg, Gg, Gg^Ftr, Gg^Ftr, Gg, Gg, Gg^Ftr, Gg^Ftr, Gg^Ftr, Hh^Fp, Ww, Ww, Ww, Ww
Gg^Ftr, Gg^Ftr, Gg, Gg^Ftr, Gg, Gg^Ftr, Gg, Gg^Ftr, Hh^Fp, Gg^Ftr, Gg^Ftr, Gg^Ftr, Gg^Ftr, Gg, Gg, Gg, Gg, Gg, Gg^Ftr, Gg, Gg, Gg^Ftr, Gg, Gg, Gg^Ftr, Gg^Ftr, Ww, Ww, Ww, Ww
Gg^Ftr, Gg^Ftr, Gg^Ftr, Hh^Fp, Gg^Ftr, Gg^Ftr, Gg^Ftr, Gg^Ftr, Gg^Ftr, Gg^Ftr, Gg^Ftr, Gg^Ftr, Gg, Gg, Gg, Gg, Gg, Gg, Gg, Gg^Ftr, Gg^Ftr, Gg^Ftr, Gg^Ftr, Gg^Ftr, Gg^Ftr, Gg^Ftr, Ww, Ww, Ww, Ww
Gg^Ftr, Gg^Ftr, Gg^Ftr, Gg, Gg, Gg, Gg^Ftr, Gg^Ftr, Gg^Ftr, Gg^Ftr, Gg, Gg^Ftr, Gg^Ftr, Gg, Gg^Ftr, Gg, Gg, Gg^Ftr, Hh^Fp, Gg^Ftr, Gg^Ftr, Gg^Ftr, Gg^Ftr, Gg^Ftr, Gg^Ftr, Ww, Ww, Ww, Ww, Ww
Gg^Ftr, Gg^Ftr, Gg^Ftr, Gg^Ftr, Gg, Gg^Ftr, Gg^Ftr, Gg^Ftr, Gg, Gg^Ftr, Gg^Ftr, Hh^Fp, Gg, Gg^Ftr, Gg^Ftr, Gg^Ftr, Gg, Gg^Ftr, Gg^Ftr, Gg, Hh^Fp, Gg^Ftr, Gg^Ftr, Gg^Ftr, Gg^Ftr, Ww, Ww, Ww, Gg, Gg
Gg^Ftr, Gg^Ftr, Gg^Ftr, Gg^Ftr, Gg^Ftr, Gg^Ftr, Gg^Ftr, Gg^Ftr, Gg, Gg, Gg^Ftr, Gg, Gg^Ftr, Gg, Gg, Gg^Ftr, Gg^Ftr, Gg^Ftr, Gg, Gg^Ftr, Gg^Ftr, Gg^Ftr, Gg, Hh^Fp, Gg^Ftr, Ww, Ww, Ww, Hh^Fp, Hh^Fp
Gg^Ftr, Gg^Ftr, Gg^Ftr, Hh^Fp, Gg^Ftr, Gg^Ftr, Gg^Ftr, Gg, Gg^Ftr, Gg, Gg^Ftr, Gg^Ftr, Gg^Ftr, Gg^Ftr, Gg^Ftr, Gg^Ftr, Gg, Gg^Ftr, Gg^Ftr, Gg^Ftr, Gg, Gg, Gg, Hh^Fp, Gg^Ftr, Ww, Ww, Ww, Gg^Ftr, Gg^Ftr
Gg^Ftr, Gg^Ftr, Gg^Ftr, Hh^Fp, Gg^Ftr, Gg^Ftr, Gg^Ftr, Gg, Gg^Ftr, Gg, Gg^Ftr, Gg^Ftr, Gg^Ftr, Gg^Ftr, Gg^Ftr, Gg^Ftr, Gg, Gg^Ftr, Gg^Ftr, Gg^Ftr, Gg, Gg, Gg, Hh^Fp, Gg^Ftr, Ww, Ww, Ww, Gg^Ftr, Gg^Ftr
