Gg^Ftr, Gg^Ftr, Gg^Ftr, Gg^Ftr, Gg^Ftr, Gg^Ftr, Gg^Ftr, Hh, Hh, Hh, Gg^Ftr, Gg^Ftr, Gg^Ftr, Hh, Gg, Gg, Gg^Ftr, Gg, Gg^Ftr, Gg^Ftr, Gg, Gg^Ftr, Gg^Ftr, Hh, Gg, Gg, Gg^Ftr, Gg^Ftr, Gg^Ftr, Gg^Ftr
Gg^Ftr, Gg^Ftr, Gg^Ftr, Gg^Ftr, Gg^Ftr, Gg^Ftr, Gg^Ftr, Hh, Hh, Hh, Gg^Ftr, Gg^Ftr, Gg^Ftr, Hh, Gg, Gg, Gg^Ftr, Gg, Gg^Ftr, Gg^Ftr, Gg, Gg^Ftr, Gg^Ftr, Hh, Gg, Gg, Gg^Ftr, Gg^Ftr, Gg^Ftr, Gg^Ftr
Gg^Ftr, Gg^Ftr, Gg, Gg, Gg^Ftr, Gg^Ftr, Gg^Ftr, Gg, Gg^Ftr, Gg^Ftr, Gg, Gg^Ftr, Hh, Gg^Ftr, Gg^Ftr, Gg^Ftr, Gg, Gg, Gg^Ftr, Gg, Gg^Ftr, Gg, Gg^Ftr, Gg^Ftr, Gg^Ftr, Gg, Gg^Ftr, Gg^Ftr, Gg^Ftr, Gg^Ftr
Gg^Ftr, Gg^Ftr, Gg^Ftr, Gg^Ftr, Gg^Ftr, Gg^Ftr, Gg^Ftr, Gg^Ftr, Gg^Ftr, Gg^Ftr, Hh, Gg^Ftr, Gg^Ftr, Gg^Vht, Gg^Ftr, Gg, Gg^Ftr, Gg^Ftr, Gg^Ftr, Gg^Ftr, Gg^Ftr, Gg^Ftr, Gg^Ftr, Gg^Ftr, Gg^Ftr, Hh, Gg, Gg, Gg^Ftr, Gg^Ftr
Gg, Gg, Gg^Ftr, Gg^Ftr, Gg^Ftr, Gg^Ftr, Gg^Vht, Gg^Ftr, Gg^Ftr, Gg^Ftr, Gg, Gg, Gg, Gg^Ftr, Gg^Ftr, Gg^Ftr, Gg^Ftr, Gg, Gg^Ftr, Gg^Ftr, Gg^Ftr, Gg^Ftr, Gg^Ftr, Gg^Ftr, Gg^Ftr, Gg^Ftr, Gg, Gg^Ftr, Gg^Ftr, Gg^Ftr
Gg^Ftr, Gg^Ftr, Gg^Ftr, Gg^Ftr, Gg^Ftr, Gg^Ftr, Gg^Ftr, Gg^Ftr, Gg, Gg^Ftr, Hh, Gg^Ftr, Gg^Ftr, Gg^Ftr, Gg^Ftr, Hh, Gg^Ftr, Gg^Ftr, Gg, Hh, Gg, Gg^Ftr, Gg, Hh, Gg, Gg^Ftr, Gg^Ftr, Hh, Gg^Ftr, Gg^Ftr
Gg, Gg, Gg^Ftr, Gg^Ftr, Gg^Ftr, Gg^Ftr, Gg^Ftr, Hh, Gg^Ftr, Gg, Hh, Hh, Gg, Gg^Ftr, Gg^Ftr, Gg, Gg, Gg^Ftr, Gg, Gg^Eqp, Gg^Eqp, Gg^Eqp, Gg^Eqp, Gg^Eqp, Gg^Eqp, Gg^Eqp, Gg^Ftr, Gg, Gg, Gg
Gg^Ftr, Gg^Ftr, Gg^Ftr, Gg^Ftr, Gg^Ftr, Hh, Gg^Ftr, Hh, Gg, Gg^Ftr, Gg^Ftr, Gg^Ftr, Gg^Ftr, Hh, Gg^Ftr, Gg, Gg^Ftr, Gg^Ftr, Gg^Ftr, Gg^Ftr, Gg^Ftr, Gg^Ftr, Hh, Gg^Ftr, Gg^Ftr, Gg, Gg^Ftr, Gg^Ftr, Gg^Ftr, Gg^Ftr
Gg, Gg, Gg^Ftr, Gg^Ftr, Gg^Ftr, Gg^Ftr, Gg^Ftr, Gg^Ftr, Gg^Ftr, Gg, Hh, Gg^Ftr, Gg^Ftr, Gg^Ftr, Gg^Ftr, Gg^Ftr, Gg, Gg^Ftr, Gg, Gg^Ftr, Gg, Gg^Ftr, Re, Gg, Gg, Hh, Gg^Ftr, Gg^Ftr, Gg^Ftr, Gg^Ftr
Hh, Hh, Gg, Gg, Gg, Gg^Ftr, Gg^Ftr, Gg^Ftr, Gg^Ftr, Gg^Ftr, Hh, Gg, Gg^Ftr, Gg, Gg^Ftr, Gg, Hh, Gg, Hh, Gg, Re, Re, Ce, Re, Re, Gg^Ftr, Gg^Ftr, Gg^Ftr, Gg^Ftr, Gg^Ftr
Gg^Ftr, Gg^Ftr, Gg, 1 Gg, Gg, Gg^Ftr, Gg^Ftr, Gg^Ftr, Gg, Gg^Ftr, Gg, Gg^Ftr, Hh, Gg^Ftr, Gg^Ftr, Hh, Gg^Ftr, Gg^Ftr, Gg^Ftr, Gg^Ftr, Re, Ce, 2 Ke, Ce, Re, Gg^Ftr, Gg^Ftr, Gg^Ftr, Gg^Ftr, Gg^Ftr
Gg^Ftr, Gg^Ftr, Gg^Ftr, Gg, Gg^Ftr, Gg, Gg^Ftr, Gg^Ftr, Gg^Ftr, Gg, Gg^Ftr, Gg^Ftr, Gg^Ftr, Gg, Gg, Gg^Ftr, Hh, Gg^Ftr, Gg^Ftr, Gg, Re, Ce, Re, Ce, Re, Gg^Ftr, Gg^Ftr, Gg^Ftr, Gg, Gg
Hh, Hh, Gg^Ftr, Gg^Ftr, Gg^Ftr, Gg^Ftr, Gg, Gg^Ftr, Gg^Ftr, Gg^Ftr, Gg^Ftr, Gg^Ftr, Gg^Ftr, Hh, Gg, Gg^Ftr, Gg^Ftr, Gg^Ftr, Gg^Ftr, Gg^Ftr, Hh, Re, Re, Re, Gg, Gg^Ftr, Gg, Gg^Ftr, Gg^Ftr, Gg^Ftr
Gg^Ftr, Gg^Ftr, Hh, Gg^Ftr, Gg, Hh, Gg^Ftr, Gg^Ftr, Gg^Ftr, Gg^Ftr, Hh, Gg^Ftr, Hh, Gg^Ftr, Gg^Ftr, Gg^Ftr, Gg^Ftr, Gg, Gg^Ftr, Gg^Ftr, Gg, Gg^Ftr, Gg^Ftr, Gg^Ftr, Gg, Gg^Ftr, Gg^Ftr, Gg, Gg^Ftr, Gg^Ftr
Gg, Gg, Gg^Ftr, Gg^Ftr, Gg^Ftr, Gg, Gg^Ftr, Gg, Gg, Gg, Gg, Gg^Ftr, Gg^Ftr, Gg^Ftr, Gg^Ftr, Hh, Gg^Ftr, Gg^Ftr, Gg^Ftr, Gg^Ftr, Gg, Gg^Ftr, Gg^Ftr, Gg^Ftr, Gg, Gg^Ftr, Gg^Ftr, Hh, Hh, Hh
Gg, Gg, Gg^Ftr, Gg^Ftr, Gg^Ftr, Gg^Ftr, Gg^Ftr, Hh, Gg^Ftr, Gg, Gg, Gg, Gg^Ftr, Hh, Gg, Gg, Gg^Ftr, Gg^Ftr, Gg, Hh, Gg^Ftr, Gg^Ftr, Gg^Ftr, Gg^Ftr, Gg^Vht, Gg^Ftr, Gg, Gg^Ftr, Gg^Ftr, Gg^Ftr
Gg^Ftr, Gg^Ftr, Gg^Ftr, Gg^Ftr, Gg, Gg^Ftr, Gg^Vht, Gg^Ftr, Hh, Gg^Ftr, Hh, Gg^Ftr, Gg^Ftr, Gg^Ftr, Hh, Gg, Gg^Ftr, Gg^Ftr, Gg^Ftr, Gg^Ftr, Gg^Ftr, Gg^Ftr, Gg^Ftr, Gg^Ftr, Gg^Ftr, Gg, Gg^Ftr, Hh, Gg, Gg
Gg^Ftr, Gg^Ftr, Gg^Ftr, Gg^Ftr, Gg^Ftr, Gg, Gg, Gg^Ftr, Gg, Gg^Ftr, Gg^Ftr, Gg^Ftr, Gg^Ftr, Gg^Vht, Gg, Gg^Ftr, Gg^Ftr, Gg, Gg^Ftr, Gg^Ftr, Hh, Gg^Ftr, Gg^Ftr, Gg^Ftr, Gg^Ftr, Gg^Ftr, Gg^Ftr, Gg^Ftr, Gg^Ftr, Gg^Ftr
Gg^Ftr, Gg^Ftr, Gg^Ftr, Gg, Gg^Ftr, Gg, Gg^Ftr, Gg^Ftr, Gg^Ftr, Gg^Ftr, Hh, Gg^Ftr, Hh, Gg, Gg^Ftr, Gg^Ftr, Hh, Gg^Ftr, Gg^Ftr, Gg^Ftr, Hh, Gg^Ftr, Gg^Ftr, Gg^Ftr, Hh, Gg^Ftr, Gg^Ftr, Gg^Ftr, Gg^Ftr, Gg^Ftr
Gg^Ftr, Gg^Ftr, Hh, Gg, Gg^Ftr, Gg^Ftr, Gg^Ftr, Gg^Ftr, Gg^Ftr, Gg^Ftr, Gg, Gg^Ftr, Gg, Gg^Ftr, Gg^Ftr, Gg^Ftr, Hh, Gg^Ftr, Gg, Gg, Gg^Ftr, Gg, Gg^Ftr, Gg^Ftr, Gg^Ftr, Gg, Gg^Ftr, Gg, Gg^Ftr, Gg^Ftr
Gg^Ftr, Gg^Ftr, Gg^Ftr, Gg^Ftr, Gg^Ftr, Gg, Gg, Gg^Ftr, Gg^Ftr, Gg^Ftr, Gg, Gg^Ftr, Gg, Gg^Ftr, Gg^Ftr, Gg^Ftr, Gg^Ftr, Gg, Gg^Ftr, Gg^Ftr, Gg^Ftr, Gg^Ftr, Hh, Gg^Ftr, Gg^Ftr, Gg^Ftr, Gg, Gg, Gg^Ftr, Gg^Ftr
Gg^Ftr, Gg^Ftr, Gg^Ftr, Gg^Ftr, Gg^Ftr, Gg, Gg, Gg^Ftr, Gg^Ftr, Gg^Ftr, Gg, Gg^Ftr, Gg, Gg^Ftr, Gg^Ftr, Gg^Ftr, Gg^Ftr, Gg, Gg^Ftr, Gg^Ftr, Gg^Ftr, Gg^Ftr, Hh, Gg^Ftr, Gg^Ftr, Gg^Ftr, Gg, Gg, Gg^Ftr, Gg^Ftr
