Hh, Hh, Mm, Hh, Hh, Mm, Hh, Hh, Hh, Hh, Dd, Dd, Hh, Hh, Hh, Hh, Hh, Hh, Hh, Hh, Dd, Hh, Hh, Hh, Hh, Hh, Dd, Dd
Hh, Hh, Mm, Hh, Hh, Mm, Hh, Hh, Hh, Hh, Dd, Dd, Hh, Hh, Hh, Hh, Hh, Hh, Hh, Hh, Dd, Hh, Hh, Hh, Hh, Hh, Dd, Dd
Dd, Dd, Dd, Hh, Hh, Hh, Hh, Hh, Hh, Hh, Hh, Hh, Hh, Hh, Hh, Hh, Hh, Hh, Hh, Hh, Hh, Mm, Mm, Dd, Hh, Hh, Hh, Hh
Hh, Hh, Dd, Dd, Hh, Dd, Hh, Hh, Mm, Dd, Dd, Hh, Hh, Dd, Mm, Mm, Hh, Hh, Dd, Dd, Hh, Mm, Hh, Hh, Hh, Dd, Hh, Hh
Mm, Mm, Hh, Hh, Dd, Hh, Dd, Hh, Hh, Hh, Hh, Dd, Dd, Hh, Hh, Hh, Dd, Hh, Dd, Hh, Hh, Hh, Dd, Hh, Hh, Mm, Hh, Hh
Hh, Hh, Hh, Dd, Mm, Hh, Hh, Hh, Hh, Hh, Hh, Hh, Qfc, Mm, Dd, Dd, Hh, Hh, Hh, Dd, Dd, Hh, Hh, Dd, Dd, Dd, Hh, Hh
Hh, Hh, Dd, Hh, Mm, Hh, Hh, Hh, Hh, Hh, Qwc, Qwc, Qfc, Qwc, Qwc, Dd, Mm, Dd, Hh, Hh, Dd, Hh, Hh, Dd, Hh, Hh, Hh, Hh
Hh, Hh, Hh, Hh, Hh, Hh, Hh, Hh, Qwc, Qwc, Qfc^Vsp, Qfc, Qfc, Qfc, Qfc^Vsp, Qwc, Qwc, Dd, Hh, Hh, Dd, Hh, Mm, Hh, Hh, Dd, Hh, Hh
Hh, Hh, Hh, Hh, Dd, Dd, Hh, Qwc, Qfc, Qfc, Qfc, Qfc, Qfc, Qfc, Qfc, Qfc, Qfc, Qwc, Dd, Hh, Hh, Hh, Hh, Hh, Hh, Hh, Hh, Hh
Hh, Hh, Hh, Dd, Hh, Dd, Hh, Qwc, Qfc, Qfc, Qfc, Qfc, Qcb, Qfc, Qfc, Qfc, Qfc, Qwc, Hh, Hh, Hh, Hh, Qcp, Qcp, Qcp, Dd, Hh, Hh
Mm, Mm, Hh, Dd, Dd, Mm, Hh, Qfc, Qfc, Qfc, Qfc, Qcb, 1 Qkb, Qcb, Qfc, Qfc, Qfc, Qfc, Hh, Hh, Hh, Dd, Dd, 2 Qkp, Qcp, Hh, Dd, Dd
Hh, Hh, Dd, Hh, Dd, Hh, Hh, Qwc, Qfc, Qfc, Qfc, Qcb, Qfc, Qcb, Qfc, Qfc, Qfc, Qwc, Hh, Hh, Dd, Mm, Hh, Dd, Hh, Hh, Hh, Hh
Hh, Hh, Dd, Hh, Dd, Dd, Hh, Qwc, Qfc, Qfc, Qfc, Qfc, Qfc, Qfc, Qfc, Qfc, Qfc, Qwc, Hh, Mm, Hh, Hh, Dd, Hh, Hh, Hh, Hh, Hh
Dd, Dd, Hh, Hh, Hh, Dd, Hh, Qwc, Qwc, Qfc, Qfc^Vsp, Qfc, Qfc, Qfc, Qfc^Vsp, Qfc, Qwc, Qwc, Mm, Hh, Dd, Hh, Dd, Dd, Hh, Hh, Hh, Hh
Hh, Hh, Hh, Hh, Hh, Hh, Hh, Hh, Hh, Qwc, Qwc, Qfc, Qfc, Qfc, Qwc, Qwc, Hh, Dd, Hh, Hh, Hh, Hh, Hh, Hh, Dd, Hh, Hh, Hh
Dd, Dd, Hh, Dd, Hh, Hh, Dd, Hh, Hh, Dd, Hh, Qwc, Qfc, Qwc, Hh, Hh, Hh, Hh, Hh, Hh, Dd, Hh, Dd, Hh, Hh, Dd, Hh, Hh
Hh, Hh, Hh, Hh, Dd, Dd, Hh, Hh, Hh, Hh, Hh, Dd, Dd, Dd, Hh, Dd, Hh, Mm, Dd, Mm, Hh, Mm, Hh, Dd, Dd, Hh, Hh, Hh
Hh, Hh, Hh, Hh, Mm, Hh, Hh, Hh, Hh, Dd, Hh, Hh, Dd, Hh, Dd, Hh, Hh, Hh, Hh, Mm, Dd, Hh, Hh, Dd, Hh, Hh, Dd, Dd
Hh, Hh, Dd, Hh, Hh, Dd, Hh, Hh, Hh, Hh, Hh, Hh, Dd, Hh, Hh, Hh, Hh, Dd, Hh, Hh, Hh, Hh, Hh, Dd, Dd, Hh, Dd, Dd
Hh, Hh, Hh, Hh, Hh, Hh, Hh, Hh, Dd, Hh, Hh, Hh, Dd, Hh, Hh, Dd, Hh, Mm, Hh, Hh, Hh, Hh, Hh, Hh, Mm, Hh, Dd, Dd
Hh, Hh, Hh, Dd, Dd, Hh, Dd, Hh, Hh, Hh, Dd, Dd, Hh, Dd, Hh, Hh, Hh, Hh, Mm, Mm, Dd, Hh, Hh, Hh, Dd, Hh, Hh, Hh
Hh, Hh, Hh, Dd, Dd, Hh, Dd, Hh, Hh, Hh, Dd, Dd, Hh, Dd, Hh, Hh, Hh, Hh, Mm, Mm, Dd, Hh, Hh, Hh, Dd, Hh, Hh, Hh
