Qwr, Qwr, Qwr, Qwr, Qwr, Qwr, Qwr, Qwr, Qwr, Qwr, Qwr, Qwr, Qwr, Qwr, Qwr, Qwr, Qwr, Qwr, Qwr, Qwr, Qwr, Qwr, Qwr, Qwr, Qwr, Qwr, Qwr, Qwr
Qwr, Qwr, Qwr, Qwr, Qwr, Qwr, Qwr, Qwr, Qwr, Qwr, Qwr, Qwr, Qwr, Qwr, Qwr, Qwr, Qwr, Qwr, Qwr, Qwr, Qwr, Qwr, Qwr, Qwr, Qwr, Qwr, Qwr, Qwr
Qwr, Qwr, Qwr, Qwr, Qwr, Qwr, Qwr, Qwr, Qfr, Qfr, Qfr, Qfr, Qfr, Qfr, Qfr, Qfr, Qfr, Qfr, Qfr, Qfr, Qfr, Qfr, Qfr, Qfr, Qwr, Qwr, Qwr, Qwr
Qwr, Qwr, Qwr, Qwr, Qwr, Qwr, Qwr, Qwr, Qfr, Qfr, Qfr, Qfr, Qfr, Qfr, Qfr, Qfr, Qfr, Qfr, Qfr, Qfr, Qfr, Qfr, Qfr, Qfr, Qwr, Qwr, Qwr, Qwr
Qwr, Qwr, Qwr, Qwr, Qwr, Qwr, Qwr, Qwr, Qfr, Qfr, Qfr, Qwr, Qfr, Qfr, Qfr, Qwr, Qfr, Qfr, Qfr, Qwr, Qfr, Qfr, Qfr, Qfr, Qwr, Qwr, Qwr, Qwr
Qwr, Qwr, Qwr, Qwr, Qwr, Qwr, Qwr, Qwr, Qfr, Qfr, Qfr, Qwr, Qfr, Qfr, Qfr, Qwr, Qfr, Qfr, Qfr, Qwr, Qfr, Qfr, Qfr, Qfr, Qwr, Qwr, Qwr, Qwr
Qwr, Qwr, Qwr, Qwr, Qwr, Qwr, Qwr, Qwr, Qfr, Qfr, Qfr, Qwr, Qfr, Qfr, Qfr, Qwr, Qfr, Qfr, Qfr, Qwr, Qfr, Qfr, Qfr, Qfr, Qwr, Qwr, Qwr, Qwr
Qwr, Qwr, Qwr, Qwr, Qwr, Qwr, Qwr, Qwr, Qfr, Qfr, Qfr, Qwr, Qfr, Qfr, Qfr, Qwr, Qfr, Qfr, Qfr, Qwr, Qfr, Qfr, Qfr, Qfr, Qwr, Qwr, Qwr, Qwr
Qwr, Qwr, Qfr, Qcb, Qcb, Qfr, Qfr, Qfr, Qfr, Qfr, Qfr, Qfr, Qfr, Qfr, Qfr, Qfr, Qfr, Qfr, Qfr, Qfr, Qfr, Qfr, Qfr, Qfr, Qfr, Qfr, Qfr, Qfr
Qfr, Qfr, Qfr, 1 Qkb, Qcb, Qfr, Qfr, Qfr, Qfr, Qfr, Qfr, Qfr, Qfr, Qfr, Qfr, Qfr, Qfr, Qfr, Qfr, Qfr, Qfr, Qfr, Qfr, Qfr, Qfr, Qfr, Qfr, Qfr
Qfr, Qfr, Qfr, Qfr, Qfr, Qfr, Qfr, Qfr, Qfr, Qfr, Qfr, Qfr, Qfr, Qfr, Qfr, Qfr, Qfr, Qfr, Qfr, Qfr, Qfr, Qfr, Qfr, Qfr, Qfr, Qfr, Qwr, Qwr
Qwr, Qwr, Qwr, Qwr, Qwr, Qwr, Qwr, Qwr, Qfr, Qfr, Qfr, Qwr, Qfr, Qfr, Qfr, Qwr, Qfr, Qfr, Qfr, Qwr, Qfr, Qfr, Qfr, Qfr, Qwr, Qwr, Qwr, Qwr
Qwr, Qwr, Qwr, Qwr, Qwr, Qwr, Qwr, Qwr, Qfr, Qfr, Qfr, Qwr, Qfr, Qfr, Qfr, Qwr, Qfr, Qfr, Qfr, Qwr, Qfr, Qfr, Qfr, Qfr, Qwr, Qwr, Qwr, Qwr
Qwr, Qwr, Qwr, Qwr, Qwr, Qwr, Qwr, Qwr, Qfr, Qfr, Qfr, Qwr, Qfr, Qfr, Qfr, Qwr, Qfr, Qfr, Qfr, Qwr, Qfr, Qfr, Qfr, Qfr, Qwr, Qwr, Qwr, Qwr
Qwr, Qwr, Qwr, Qwr, Qwr, Qwr, Qwr, Qwr, Qfr, Qfr, Qfr, Qwr, Qfr, Qfr, Qfr, Qwr, Qfr, Qfr, Qfr, Qwr, Qfr, Qfr, Qfr, Qfr, Qwr, Qwr, Qwr, Qwr
Qwr, Qwr, Qwr, Qwr, Qwr, Qwr, Qwr, Qwr, Qfr, Qfr, Qfr, Qfr, Qfr, Qfr, Qfr, Qfr, Qfr, Qfr, Qfr, Qfr, Qfr, Qfr, Qfr, Qfr, Qwr, Qwr, Qwr, Qwr
Qwr, Qwr, Qwr, Qwr, Qwr, Qwr, Qwr, Qwr, Qfr, Qfr, Qfr, Qfr, Qfr, Qfr, Qfr, Qfr, Qfr, Qfr, Qfr, Qfr, Qfr, Qfr, Qfr, Qfr, Qwr, Qwr, Qwr, Qwr
Qwr, Qwr, Qwr, Qwr, Qwr, Qwr, Qwr, Qwr, Qwr, Qwr, Qwr, Qwr, Qwr, Qwr, Qwr, Qwr, Qwr, Qwr, Qwr, Qwr, Qwr, Qwr, Qwr, Qwr, Qwr, Qwr, Qwr, Qwr
Qwr, Qwr, Qwr, Qwr, Qwr, Qwr, Qwr, Qwr, Qwr, Qwr, Qwr, Qwr, Qwr, Qwr, Qwr, Qwr, Qwr, Qwr, Qwr, Qwr, Qwr, Qwr, Qwr, Qwr, Qwr, Qwr, Qwr, Qwr
Qwr, Qwr, Qwr, Qwr, Qwr, Qwr, Qwr, Qwr, Qwr, Qwr, Qwr, Qwr, Qwr, Qwr, Qwr, Qwr, Qwr, Qwr, Qwr, Qwr, Qwr, Qwr, Qwr, Qwr, Qwr, Qwr, Qwr, Qwr
