Isr, Isr, Isr, Isr, Isr, Isr, Xos, Isr, Isr, Isr, Isr, Isr, Xos, Isr, Isr, Isr, Isr, Isr, Xos, Isr, Isr, Isr, Isr, Isr, Isr, Isr, Isr, Isr
Isr, Isr, Isr, Isr, Isr, Isr, Xos, Isr, Isr, Isr, Isr, Isr, Xos, Isr, Isr, Isr, Isr, Isr, Xos, Isr, Isr, Isr, Isr, Isr, Isr, Isr, Isr, Isr
Isr, Isr, Isr, Isr, Isr, Isr, Xos, Isr, Isr, Isr, Isr, Isr, Xos, Isr, Isr, Isr, Isr, Isr, Xos, Isr, Isr, Isr, Isr, Isr, Isr, Isr, Isr, Isr
Isr, Isr, Isr, Isr^Vhc, Isr, Isr, Xos, Isr, Isr, Isr, Isr, Isr, Xos, Isr, Isr, Isr, Isr, Isr, Xos, Isr, Isr, Isr, Isr, Isr, Isr^Vhc, Isr, Isr, Isr
Isr, Isr, Isr, Isr, Isr, Isr, Isr, Isr, Isr, Isr, Isr, Isr, Isr, Isr, Isr, Isr, Isr, Isr, Isr, Isr, Isr, Isr, Isr, Isr, Isr, Isr, Isr, Isr
Isr, Isr, Isr, Isr, Isr, Isr, Xos, Isr, Isr, Isr, Isr, Isr, Xos, Isr, Isr, Isr, Isr, Isr, Xos, Isr, Isr, Isr, Isr, Isr, Isr, Isr, Isr, Isr
Xos, Xos, Xos, Isr, Xos, Xos, Xos, Xos, Xos, Isr, Xos, Xos, Xos, Xos, Xos, Isr, Xos, Xos, Xos, Xos, Xos, Xos, Isr, Xos, Xos, Xos, Xos, Xos
Isr, Isr, Isr, Isr, Isr, Isr, Xos, Isr, Isr, Isr, Isr, Isr, Xos, Isr, Isr, Isr, Isr, Isr, Xos, Isr, Iwr, Iwr, Iwr, Iwr, Iwr, Isr, Isr, Isr
Isr, Isr, Isr, Isr, Isr, Isr, Xos, Isr, Isr, Ch, Ch, Isr, Xos, Isr, Isr, Isr, Isr, Isr, Xos, Isr, Iwr, Iwr, Iwr, Iwr, Iwr, Isr, Isr, Isr
Isr, Isr, Isr, Isr, Isr, Isr, Isr, Isr, Isr, 1 Kh, Ch, Isr, Isr, Isr, Isr, Isr, Isr, Isr, Isr, Isr, Iwr, Iwr, Iwr^Vov, Iwr, Iwr, Isr, Isr, Isr
Isr, Isr, Isr, Isr, Isr, Isr, Xos, Isr, Isr, Isr, Isr, Isr, Xos, Isr, Isr, Isr, Isr, Isr, Xos, Isr, Iwr, Iwr, Iwr, Iwr, Iwr, Isr, Isr, Isr
Isr, Isr, Isr, Isr, Isr, Isr, Xos, Isr, Isr, Isr, Isr, Isr, Xos, Isr, Isr, Isr, Isr, Isr, Xos, Isr, Iwr, Iwr, Iwr, Iwr, Iwr, Isr, Isr, Isr
Xos, Xos, Xos, Isr, Xos, Xos, Xos, Xos, Xos, Isr, Xos, Xos, Xos, Xos, Xos, Isr, Xos, Xos, Xos, Xos, Xos, Xos, Isr, Xos, Xos, Xos, Xos, Xos
Isr, Isr, Isr, Isr, Isr, Isr, Xos, Isr, Isr, Isr, Isr, Isr, Xos, Isr, Isr, Isr, Isr, Isr, Xos, Isr, Isr, Isr, Isr, Isr, Isr, Isr, Isr, Isr
Isr, Isr, Isr, Isr, Isr, Isr, Isr, Isr, Isr, Isr, Isr, Isr, Isr, Isr, Isr, Isr, Isr, Isr, Isr, Isr, Isr, Isr, Isr, Isr, Isr, Isr, Isr, Isr
Isr, Isr, Isr, Isr, Isr, Isr, Xos, Isr, Isr, Isr, Isr, Isr, Xos, Isr, Isr, Isr^Vhc, Isr, Isr, Xos, Isr, Isr, Isr, Isr, Isr, Isr, Isr, Isr, Isr
Isr, Isr, Isr, Isr, Isr, Isr, Xos, Isr, Isr, Isr, Isr, Isr, Xos, Isr, Isr, Isr, Isr, Isr, Xos, Isr, Isr, Isr, Isr, Isr, Isr, Isr, Isr, Isr
Isr, Isr, Isr, Isr, Isr, Isr, Xos, Isr, Isr, Isr, Isr, Isr, Xos, Isr, Isr, Isr, Isr, Isr, Xos, Isr, Isr, Isr, Isr, Isr, Isr, Isr, Isr, Isr
Isr, Isr, Isr, Isr, Isr, Isr, Xos, Isr, Isr, Isr, Isr, Isr, Xos, Isr, Isr, Isr, Isr, Isr, Xos, Isr, Isr, Isr, Isr, Isr, Isr, Isr, Isr, Isr
Isr, Isr, Isr, Isr, Isr, Isr, Xos, Isr, Isr, Isr, Isr, Isr, Xos, Isr, Isr, Isr, Isr, Isr, Xos, Isr, Isr, Isr, Isr, Isr, Isr, Isr, Isr, Isr
