Hh, Hh, Mm, Hh, Hh, Mm, Hh, Hh, Hh, Hh, Dd, Dd, Hh, Hh, Hh, Hh, Hh, Hh, Hh, Hh, Dd, Hh, Hh, Hh, Hh, Hh, Dd, Dd
Hh, Hh, Mm, Hh, Hh, Mm, Hh, Hh, Hh, Hh, Dd, Dd, Hh, Hh, Hh, Hh, Hh, Hh, Hh, Hh, Dd, Hh, Hh, Hh, Hh, Hh, Dd, Dd
Dd, Dd, Dd, Hh, Hh, Hh, Hh, Hh, Hh, Hh, Hh, Hh, Hh, Hh, Hh, Hh, Hh, Hh, Hh, Hh, Hh, Mm, Mm, Dd, Hh, Hh, Hh, Hh
Hh, Hh, Dd, Dd, Hh, Dd, Hh, Hh, Mm, Dd, Dd, Hh, Hh, Dd, Mm, Mm, Hh, Hh, Dd, Dd, Hh, Mm, Hh, Hh, Hh, Dd, Hh, Hh
Mm, Mm, Hh, Hh, Dd, Hh, Dd, Hh, Hh, Hh, Hh, Dd, Dd, Hh, Hh, Hh, Dd, Hh, Dd, Hh, Hh, Hh, Dd, Hh, Hh, Mm, Hh, Hh
Hh, Hh, Hh, Dd, Mm, Hh, Hh, Hh, Hh, Hh, Hh, Hh, Isr, Mm, Dd, Dd, Hh, Hh, Hh, Dd, Dd, Hh, Hh, Dd, Dd, Dd, Hh, Hh
Hh, Hh, Dd, Hh, Mm, Hh, Hh, Hh, Hh, Hh, Xos, Xos, Isr, Xos, Xos, Dd, Mm, Dd, Hh, Hh, Dd, Hh, Hh, Dd, Hh, Hh, Hh, Hh
Hh, Hh, Hh, Hh, Hh, Hh, Hh, Hh, Xos, Xos, Isr^Vhc, Isr, Isr, Isr, Isr^Vhc, Xos, Xos, Dd, Hh, Hh, Dd, Hh, Mm, Hh, Hh, Dd, Hh, Hh
Hh, Hh, Hh, Hh, Dd, Dd, Hh, Xos, Isr, Isr, Isr, Isr, Isr, Isr, Isr, Isr, Isr, Xos, Dd, Hh, Hh, Hh, Hh, Hh, Hh, Hh, Hh, Hh
Hh, Hh, Hh, Dd, Hh, Dd, Hh, Xos, Isr, Isr, Isr, Isr, Ch, Isr, Isr, Isr, Isr, Xos, Hh, Hh, Hh, Hh, Ce, Ce, Ce, Dd, Hh, Hh
Mm, Mm, Hh, Dd, Dd, Mm, Hh, Isr, Isr, Isr, Isr, Ch, 1 Kh, Ch, Isr, Isr, Isr, Isr, Hh, Hh, Hh, Dd, Dd, 2 Ke, Ce, Hh, Dd, Dd
Hh, Hh, Dd, Hh, Dd, Hh, Hh, Xos, Isr, Isr, Isr, Ch, Isr, Ch, Isr, Isr, Isr, Xos, Hh, Hh, Dd, Mm, Hh, Dd, Hh, Hh, Hh, Hh
Hh, Hh, Dd, Hh, Dd, Dd, Hh, Xos, Isr, Isr, Isr, Isr, Isr, Isr, Isr, Isr, Isr, Xos, Hh, Mm, Hh, Hh, Dd, Hh, Hh, Hh, Hh, Hh
Dd, Dd, Hh, Hh, Hh, Dd, Hh, Xos, Xos, Isr, Isr^Vhc, Isr, Isr, Isr, Isr^Vhc, Isr, Xos, Xos, Mm, Hh, Dd, Hh, Dd, Dd, Hh, Hh, Hh, Hh
Hh, Hh, Hh, Hh, Hh, Hh, Hh, Hh, Hh, Xos, Xos, Isr, Isr, Isr, Xos, Xos, Hh, Dd, Hh, Hh, Hh, Hh, Hh, Hh, Dd, Hh, Hh, Hh
Dd, Dd, Hh, Dd, Hh, Hh, Dd, Hh, Hh, Dd, Hh, Xos, Isr, Xos, Hh, Hh, Hh, Hh, Hh, Hh, Dd, Hh, Dd, Hh, Hh, Dd, Hh, Hh
Hh, Hh, Hh, Hh, Dd, Dd, Hh, Hh, Hh, Hh, Hh, Dd, Dd, Dd, Hh, Dd, Hh, Mm, Dd, Mm, Hh, Mm, Hh, Dd, Dd, Hh, Hh, Hh
Hh, Hh, Hh, Hh, Mm, Hh, Hh, Hh, Hh, Dd, Hh, Hh, Dd, Hh, Dd, Hh, Hh, Hh, Hh, Mm, Dd, Hh, Hh, Dd, Hh, Hh, Dd, Dd
Hh, Hh, Dd, Hh, Hh, Dd, Hh, Hh, Hh, Hh, Hh, Hh, Dd, Hh, Hh, Hh, Hh, Dd, Hh, Hh, Hh, Hh, Hh, Dd, Dd, Hh, Dd, Dd
Hh, Hh, Hh, Hh, Hh, Hh, Hh, Hh, Dd, Hh, Hh, Hh, Dd, Hh, Hh, Dd, Hh, Mm, Hh, Hh, Hh, Hh, Hh, Hh, Mm, Hh, Dd, Dd
Hh, Hh, Hh, Dd, Dd, Hh, Dd, Hh, Hh, Hh, Dd, Dd, Hh, Dd, Hh, Hh, Hh, Hh, Mm, Mm, Dd, Hh, Hh, Hh, Dd, Hh, Hh, Hh
Hh, Hh, Hh, Dd, Dd, Hh, Dd, Hh, Hh, Hh, Dd, Dd, Hh, Dd, Hh, Hh, Hh, Hh, Mm, Mm, Dd, Hh, Hh, Hh, Dd, Hh, Hh, Hh
