Qib, Qib, Qib, Qib, Qib, Qib, Qib, Qib, Qib, Qib, Qib, Qib, Qib, Qib, Qib, Qib, Qib, Qib, Qib, Qib, Qib, Qib
Qib, Qib, Qib, Qib, Qib, Qib, Qib, Qib, Qib, Qib, Qib, Qib, Qib, Qib, Qib, Qib, Qib, Qib, Qib, Qib, Qib, Qib
Qid, Qid, Qid, Qid, Qid, Qid, Qid, Qid, Qid, Qid, Qid, Qid, Qid, Qid, Qid, Qid, Qid, Qid, Qid, Qid, Qid, Qid
Qid, Qid, Qid, Qid, Qid, Qid, Qid, Qid, Qid, Qid, Qid, Qid, Qid, Qid, Qid, Qid, Qid, Qid, Qid, Qid, Qid, Qid
Qid, Qid, Qid, Qid, Qid, Qid, Qib, Qid, Qid, Qid, Qib, Qid, Qid, Qid, Qib, Qid, Qid, Qid, Qid, Qid, Qid, Qid
Qid, Qid, Qid, Qid, Qid, Qid, Qid, Qid, Qid, Qid, Qid, Qid, Qid, Qid, Qid, Qid, Qid, Qid, Qid, Qid, Qid, Qid
Qid, Qid, Qid, Qid, Qid, Qid, Qid, Qid, Qid, Qid, Qid, Qid, Qid, Qid, Qid, Qid, Qit, Qit, Qit, Qid, Qid, Qid
Qid, Qid, Qid, Qid, Qid, Qid, Qid, Qid, Qid, Qid, Qid, Qid, Qid, Qid, Qid, Qid, Qit, Qit, Qit, Qid, Qid, Qid
Qid, Qid, Qid, 1 Qid, Qid, Qid, Qid, Qid, Qid, Qid, Qid, Qid, Qid, Qid, Qid, Qid, Qit, Qit^Vov, Qit, Qid, Qid, Qid
Qid, Qid, Qid, Qid, Qid, Qid, Qid, Qid, Qid, Qid, Qid, Qid, Qid, Qid, Qid, Qid, Qit, Qit, Qit, Qid, Qid, Qid
Qid, Qid, Qid, Qid, Qid, Qid, Qid, Qid, Qid, Qid, Qid, Qid, Qid, Qid, Qid, Qid, Qit, Qit, Qit, Qid, Qid, Qid
Qid, Qid, Qid, Qid, Qid, Qid, Qid, Qid, Qid, Qid, Qid, Qid, Qid, Qid, Qid, Qid, Qid, Qid, Qid, Qid, Qid, Qid
Qid, Qid, Qid, Qid, Qid, Qid, Qib, Qid, Qid, Qid, Qib, Qid, Qid, Qid, Qib, Qid, Qid, Qid, Qid, Qid, Qid, Qid
Qid, Qid, Qid, Qid, Qid, Qid, Qid, Qid, Qid, Qid, Qid, Qid, Qid, Qid, Qid, Qid, Qid, Qid, Qid, Qid, Qid, Qid
Qid, Qid, Qid, Qid, Qid, Qid, Qid, Qid, Qid, Qid, Qid, Qid, Qid, Qid, Qid, Qid, Qid, Qid, Qid, Qid, Qid, Qid
Qid, Qid, Qid, Qid, Qid, Qid, Qid, Qid, Qid, Qid, Qid, Qid, Qid, Qid, Qid, Qid, Qid, Qid, Qid, Qid, Qid, Qid
Qib, Qib, Qib, Qib, Qib, Qib, Qib, Qib, Qib, Qib, Qib, Qib, Qib, Qib, Qib, Qib, Qib, Qib, Qib, Qib, Qib, Qib
Qib, Qib, Qib, Qib, Qib, Qib, Qib, Qib, Qib, Qib, Qib, Qib, Qib, Qib, Qib, Qib, Qib, Qib, Qib, Qib, Qib, Qib
