Qsp, Qsp, Qsp, Qsp, Qsp, Qsp, Qsp, Qsp, Qsp, Qsp, Qsp, Qsp, Qsp, Qsp, Qsp, Qsp, Qsp, Qsp, Qsp, Qsp, Qsp, Qsp, Qsp, Qsp, Qsp, Qsp, Qsp, Qsp, Qsp, Qsp, Qsp, Qsp
Qsp, Qsp, Qsp, Qsp, Qsp, Qsp, Qsp, Qsp, Qsp, Qsp, Qsp, Qsp, Qsp, Qsp, Qsp, Qsp, Qsp, Qsp, Qsp, Qsp, Qsp, Qsp, Qsp, Qsp, Qsp, Qsp, Qsp, Qsp, Qsp, Qsp, Qsp, Qsp
Qsp, Qsp, Qsp, Qsp, Qsp, Qsp, Qsp, Qsp, Qsp, Qsp, Qsp, Qsp, Qsp, Qsp, Qsp, Qsp, Qsp, Qsp, Qsp, Qsp, Qsp, Qsp, Qsp, Qsp, Qsp, Qsp, Qsp, Qsp, Qsp, Qsp, Qsp, Qsp
Qsp, Qsp, Qsp, Qsp, Qsp, Qsp, Qsp, Qsp, Qsa, Qsp, Qsa, Qsp, Qsp, Qsp, Qsp, Qsp, Qsp, Qsp, Qsp, Qsp, Qsp, Qsp, Qsp, Qsd, Qsd, Qsd, Qsd, Qsd, Qsp, Qsp, Qsp, Qsp
Qsp, Qsp, Qsp, Qsp, Qsp, Qsp, Qsp, Qsp, Qsa, Qsp, Qsa, Qsp, Qsp, Qsp, Qsp, Qsp, Qsp, Qsp, Qsp, Qsp, Qsp, Qsp, Qsp, Qsd, Qsd, Qsd, Qsd, Qsd, Qsp, Qsp, Qsp, Qsp
Qsp, Qsp, Qsp, Qsp, Qsp, Qsp, Qsp, Qsp, Qsp, Qsp, Qsp, Qsp, Qsp, Qsp, Qsp, Qsp, Qsp, Qsp, Qsp, Qsp, Qsp, Qsp, Qsp, Qsd, Qsd, Qsd, Qsd, Qsd, Qsp, Qsp, Qsp, Qsp
Qsp, Qsp, Qsp, Qsp, Qsp, Qsp, Qsp, Qsp, Qsp, Qsp, Qsp, Qsp, Qsp, Qsp, Qsp, Qsp, Qsp, Qsp, Qsp, Qsp, Qsp, Qsp, Qsp, Qsd, Qsd, Qsd, Qsd, Qsd, Qsp, Qsp, Qsp, Qsp
Qsp, Qsp, Qsp, Qsp, Qsp, Qsp, Qsp, Qsp, Qsp, Qsp, Qsp, Qsp, Qsp, Qsp, Qsp, Qsp, Qsp, Qsp, Qsp, Qsp, Qsp, Qsp, Qsp, Qsd, Qsd, Qsd, Qsd, Qsd, Qsp, Qsp, Qsp, Qsp
Qsp, Qsp, Qsp, Qsp, Qsp, Qsp, Qsp, Qsp, Qsp, Qsp, Qsp, Qsp, Qsp, Qsp, Qsp, Qsp, Qsp, Qsp, Qsp, Qsp, Qsp, Qsp, Qsp, Qsd, Qsd, Qsd, Qsd, Qsd, Qsp, Qsp, Qsp, Qsp
Qsp, Qsp, Qsp, Qsp, Qsp, Qsp, Qsp, Qsp, Qsp, Qsp, Qsp, Qsp, Qsp, Qsp, Qsp, Qsp, Qsp, Qsp, Qsp, Qsp, Qsp, Qsp, Qsp, Qsd, Qsd, Qsd, Qsd, Qsd, Qsp, Qsp, Qsp, Qsp
Qsp, Qsp, Qsc, Qsc, Qsc, Qsp, Qsp, Qsp, Qsp, Qsp, Qsp, Qsp, Qsp, Qsp, Qsp, Qsp, Qsp, Qsp, Qsp, Qsp, Qsp, Qsp, Qsp, Qsd, Qsd, Qsd, Qsc, Qsc, Qsc, Qsp, Qsp, Qsp
Qsp, Qsp, Qsc, 1 Qsk, Qsc, Qsp, Qsp, Qsp, Qsp, Qsp, Qsp, Qsp, Qsp, Qsp, Qsp, Qsp, Qsp, Qsp, Qsp, Qsp, Qsp, Qsp, Qsp, Qsd, Qsd, Qsd, Qsd, 2 Qsk, Qsc, Qsp, Qsp, Qsp
Qsp, Qsp, Qsp, Qsp, Qsp, Qsp, Qsp, Qsp, Qsp, Qsp, Qsp, Qsp, Qsp, Qsp, Qsp, Qsp, Qsp, Qsp, Qsp, Qsp, Qsp, Qsp, Qsp, Qsd, Qsd, Qsd, Qsd, Qsd, Qsp, Qsp, Qsp, Qsp
Qsp, Qsp, Qsp, Qsp, Qsp, Qsp, Qsp, Qsp, Qsp, Qsp, Qsp, Qsp, Qsp, Qsp, Qsp, Qsp, Qsp, Qsp, Qsp, Qsp, Qsp, Qsp, Qsp, Qsd, Qsd, Qsd, Qsd, Qsd, Qsp, Qsp, Qsp, Qsp
Qsp, Qsp, Qsp, Qsp, Qsp, Qsp, Qsp, Qsp, Qsp, Qsp, Qsp, Qsp, Qsp, Qsp, Qsp, Qsp, Qsp, Qsp, Qsp, Qsp, Qsp, Qsp, Qsp, Qsd, Qsd, Qsd, Qsd, Qsd, Qsp, Qsp, Qsp, Qsp
Qsp, Qsp, Qsp, Qsp, Qsp, Qsp, Qsp, Qsp, Qsp, Qsp, Qsp, Qsp, Qsp, Qsp, Qsp, Qsp, Qsp, Qsp, Qsp, Qsp, Qsp, Qsp, Qsp, Qsd, Qsd, Qsd, Qsd, Qsd, Qsp, Qsp, Qsp, Qsp
Qsp, Qsp, Qsp, Qsp, Qsp, Qsp, Qsp, Qsp, Qsp, Qsp, Qsp, Qsp, Qsp, Qsp, Qsp, Qsp, Qsp, Qsp, Qsp, Qsp, Qsp, Qsp, Qsp, Qsd, Qsd, Qsd, Qsd, Qsd, Qsp, Qsp, Qsp, Qsp
Qsp, Qsp, Qsp, Qsp, Qsp, Qsp, Qsp, Qsp, Qsp, Qsp, Qsp, Qsp, Qsp, Qsp, Qsp, Qsp, Qsp, Qsp, Qsp, Qsp, Qsp, Qsp, Qsp, Qsd, Qsd, Qsd, Qsd, Qsd, Qsp, Qsp, Qsp, Qsp
Qsp, Qsp, Qsp, Qsp, Qsp, Qsp, Qsp, Qsa, Qsp, Qsa, Qsp, Qsp, Qsp, Qsp, Qsp, Qsp, Qsp, Qsp, Qsp, Qsp, Qsp, Qsp, Qsp, Qsd, Qsd, Qsd, Qsd, Qsd, Qsp, Qsp, Qsp, Qsp
Qsp, Qsp, Qsp, Qsp, Qsp, Qsp, Qsp, Qsp, Qsp, Qsa, Qsp, Qsp, Qsp, Qsp, Qsp, Qsp, Qsp, Qsp, Qsp, Qsp, Qsp, Qsp, Qsp, Qsd, Qsd, Qsd, Qsd, Qsd, Qsp, Qsp, Qsp, Qsp
Qsp, Qsp, Qsp, Qsp, Qsp, Qsp, Qsp, Qsp, Qsp, Qsp, Qsp, Qsp, Qsp, Qsp, Qsp, Qsp, Qsp, Qsp, Qsp, Qsp, Qsp, Qsp, Qsp, Qsp, Qsp, Qsp, Qsp, Qsp, Qsp, Qsp, Qsp, Qsp
Qsp, Qsp, Qsp, Qsp, Qsp, Qsp, Qsp, Qsp, Qsp, Qsp, Qsp, Qsp, Qsp, Qsp, Qsp, Qsp, Qsp, Qsp, Qsp, Qsp, Qsp, Qsp, Qsp, Qsp, Qsp, Qsp, Qsp, Qsp, Qsp, Qsp, Qsp, Qsp
Qsp, Qsp, Qsp, Qsp, Qsp, Qsp, Qsp, Qsp, Qsp, Qsp, Qsp, Qsp, Qsp, Qsp, Qsp, Qsp, Qsp, Qsp, Qsp, Qsp, Qsp, Qsp, Qsp, Qsp, Qsp, Qsp, Qsp, Qsp, Qsp, Qsp, Qsp, Qsp
Qsp, Qsp, Qsp, Qsp, Qsp, Qsp, Qsp, Qsp, Qsp, Qsp, Qsp, Qsp, Qsp, Qsp, Qsp, Qsp, Qsp, Qsp, Qsp, Qsp, Qsp, Qsp, Qsp, Qsp, Qsp, Qsp, Qsp, Qsp, Qsp, Qsp, Qsp, Qsp
