Hh, Hh, Mm, Hh, Hh, Mm, Hh, Hh, Hh, Hh, Dd, Dd, Hh, Hh, Hh, Hh, Hh, Hh, Hh, Hh, Dd, Hh, Hh, Hh, Hh, Hh, Dd, Dd
Hh, Hh, Mm, Hh, Hh, Mm, Hh, Hh, Hh, Hh, Dd, Dd, Hh, Hh, Hh, Hh, Hh, Hh, Hh, Hh, Dd, Hh, Hh, Hh, Hh, Hh, Dd, Dd
Dd, Dd, Dd, Hh, Hh, Hh, Hh, Hh, Hh, Hh, Hh, Hh, Hh, Hh, Hh, Hh, Hh, Hh, Hh, Hh, Hh, Mm, Mm, Dd, Hh, Hh, Hh, Hh
Hh, Hh, Dd, Dd, Hh, Dd, Hh, Hh, Mm, Dd, Dd, Hh, Hh, Dd, Mm, Mm, Hh, Hh, Dd, Dd, Hh, Mm, Hh, Hh, Hh, Dd, Hh, Hh
Mm, Mm, Hh, Hh, Dd, Hh, Dd, Hh, Hh, Hh, Hh, Dd, Dd, Hh, Hh, Hh, Dd, Hh, Dd, Hh, Hh, Hh, Dd, Hh, Hh, Mm, Hh, Hh
Hh, Hh, Hh, Dd, Mm, Hh, Hh, Hh, Hh, Hh, Hh, Hh, Qid, Mm, Dd, Dd, Hh, Hh, Hh, Dd, Dd, Hh, Hh, Dd, Dd, Dd, Hh, Hh
Hh, Hh, Dd, Hh, Mm, Hh, Hh, Hh, Hh, Hh, Qib, Qib, Qid, Qib, Qib, Dd, Mm, Dd, Hh, Hh, Dd, Hh, Hh, Dd, Hh, Hh, Hh, Hh
Hh, Hh, Hh, Hh, Hh, Hh, Hh, Hh, Qib, Qib, Qid^Vsp, Qid, Qid, Qid, Qid^Vsp, Qib, Qib, Dd, Hh, Hh, Dd, Hh, Mm, Hh, Hh, Dd, Hh, Hh
Hh, Hh, Hh, Hh, Dd, Dd, Hh, Qib, Qid, Qid, Qid, Qid, Qid, Qid, Qid, Qid, Qid, Qib, Dd, Hh, Hh, Hh, Hh, Hh, Hh, Hh, Hh, Hh
Hh, Hh, Hh, Dd, Hh, Dd, Hh, Qib, Qid, Qid, Qid, Qid, Qcb, Qid, Qid, Qid, Qid, Qib, Hh, Hh, Hh, Hh, Qcp, Qcp, Qcp, Dd, Hh, Hh
Mm, Mm, Hh, Dd, Dd, Mm, Hh, Qid, Qid, Qid, Qid, Qcb, 1 Qkb, Qcb, Qid, Qid, Qid, Qid, Hh, Hh, Hh, Dd, Dd, 2 Qkp, Qcp, Hh, Dd, Dd
Hh, Hh, Dd, Hh, Dd, Hh, Hh, Qib, Qid, Qid, Qid, Qcb, Qid, Qcb, Qid, Qid, Qid, Qib, Hh, Hh, Dd, Mm, Hh, Dd, Hh, Hh, Hh, Hh
Hh, Hh, Dd, Hh, Dd, Dd, Hh, Qib, Qid, Qid, Qid, Qid, Qid, Qid, Qid, Qid, Qid, Qib, Hh, Mm, Hh, Hh, Dd, Hh, Hh, Hh, Hh, Hh
Dd, Dd, Hh, Hh, Hh, Dd, Hh, Qib, Qib, Qid, Qid^Vsp, Qid, Qid, Qid, Qid^Vsp, Qid, Qib, Qib, Mm, Hh, Dd, Hh, Dd, Dd, Hh, Hh, Hh, Hh
Hh, Hh, Hh, Hh, Hh, Hh, Hh, Hh, Hh, Qib, Qib, Qid, Qid, Qid, Qib, Qib, Hh, Dd, Hh, Hh, Hh, Hh, Hh, Hh, Dd, Hh, Hh, Hh
Dd, Dd, Hh, Dd, Hh, Hh, Dd, Hh, Hh, Dd, Hh, Qib, Qid, Qib, Hh, Hh, Hh, Hh, Hh, Hh, Dd, Hh, Dd, Hh, Hh, Dd, Hh, Hh
Hh, Hh, Hh, Hh, Dd, Dd, Hh, Hh, Hh, Hh, Hh, Dd, Dd, Dd, Hh, Dd, Hh, Mm, Dd, Mm, Hh, Mm, Hh, Dd, Dd, Hh, Hh, Hh
Hh, Hh, Hh, Hh, Mm, Hh, Hh, Hh, Hh, Dd, Hh, Hh, Dd, Hh, Dd, Hh, Hh, Hh, Hh, Mm, Dd, Hh, Hh, Dd, Hh, Hh, Dd, Dd
Hh, Hh, Dd, Hh, Hh, Dd, Hh, Hh, Hh, Hh, Hh, Hh, Dd, Hh, Hh, Hh, Hh, Dd, Hh, Hh, Hh, Hh, Hh, Dd, Dd, Hh, Dd, Dd
Hh, Hh, Hh, Hh, Hh, Hh, Hh, Hh, Dd, Hh, Hh, Hh, Dd, Hh, Hh, Dd, Hh, Mm, Hh, Hh, Hh, Hh, Hh, Hh, Mm, Hh, Dd, Dd
Hh, Hh, Hh, Dd, Dd, Hh, Dd, Hh, Hh, Hh, Dd, Dd, Hh, Dd, Hh, Hh, Hh, Hh, Mm, Mm, Dd, Hh, Hh, Hh, Dd, Hh, Hh, Hh
Hh, Hh, Hh, Dd, Dd, Hh, Dd, Hh, Hh, Hh, Dd, Dd, Hh, Dd, Hh, Hh, Hh, Hh, Mm, Mm, Dd, Hh, Hh, Hh, Dd, Hh, Hh, Hh
