Xos, Xos, Xos, Xos, Xos, Xos, Xos, Xos, Xos, Xos, Xos, Xos, Xos, Xos, Xos, Xos, Xos, Xos, Xos, Xos, Xos, Xos
Xos, Xos, Xos, Xos, Xos, Xos, Xos, Xos, Xos, Xos, Xos, Xos, Xos, Xos, Xos, Xos, Xos, Xos, Xos, Xos, Xos, Xos
Isr, Isr, Isr, Isr, Isr, Isr, Isr, Isr, Isr, Isr, Isr, Isr, Isr, Isr, Isr, Isr, Isr, Isr, Isr, Isr, Isr, Isr
Isr, Isr, Isr, Isr, Isr, Isr, Isr, Isr, Isr, Isr, Isr, Isr, Isr, Isr, Isr, Isr, Isr, Isr, Isr, Isr, Isr, Isr
Isr, Isr, Isr, Isr, Isr, Isr, Xos, Isr, Isr, Isr, Xos, Isr, Isr, Isr, Xos, Isr, Isr, Isr, Isr, Isr, Isr, Isr
Isr, Isr, Isr, Isr, Isr, Isr, Isr, Isr, Isr, Isr, Isr, Isr, Isr, Isr, Isr, Isr, Isr, Isr, Isr, Isr, Isr, Isr
Isr, Isr, Isr, Isr, Isr, Isr, Isr, Isr, Isr, Isr, Isr, Isr, Isr, Isr, Isr, Isr, Urc, Urc, Urc, Isr, Isr, Isr
Isr, Isr, Isr, Isr, Isr, Isr, Isr, Isr, Isr, Isr, Isr, Isr, Isr, Isr, Isr, Isr, Urc, Urc, Urc, Isr, Isr, Isr
Isr, Isr, Isr, 1 Isr, Isr, Isr, Isr, Isr, Isr, Isr, Isr, Isr, Isr, Isr, Isr, Isr, Urc, Urc^Vov, Urc, Isr, Isr, Isr
Isr, Isr, Isr, Isr, Isr, Isr, Isr, Isr, Isr, Isr, Isr, Isr, Isr, Isr, Isr, Isr, Urc, Urc, Urc, Isr, Isr, Isr
Isr, Isr, Isr, Isr, Isr, Isr, Isr, Isr, Isr, Isr, Isr, Isr, Isr, Isr, Isr, Isr, Urc, Urc, Urc, Isr, Isr, Isr
Isr, Isr, Isr, Isr, Isr, Isr, Isr, Isr, Isr, Isr, Isr, Isr, Isr, Isr, Isr, Isr, Isr, Isr, Isr, Isr, Isr, Isr
Isr, Isr, Isr, Isr, Isr, Isr, Xos, Isr, Isr, Isr, Xos, Isr, Isr, Isr, Xos, Isr, Isr, Isr, Isr, Isr, Isr, Isr
Isr, Isr, Isr, Isr, Isr, Isr, Isr, Isr, Isr, Isr, Isr, Isr, Isr, Isr, Isr, Isr, Isr, Isr, Isr, Isr, Isr, Isr
Isr, Isr, Isr, Isr, Isr, Isr, Isr, Isr, Isr, Isr, Isr, Isr, Isr, Isr, Isr, Isr, Isr, Isr, Isr, Isr, Isr, Isr
Isr, Isr, Isr, Isr, Isr, Isr, Isr, Isr, Isr, Isr, Isr, Isr, Isr, Isr, Isr, Isr, Isr, Isr, Isr, Isr, Isr, Isr
Xos, Xos, Xos, Xos, Xos, Xos, Xos, Xos, Xos, Xos, Xos, Xos, Xos, Xos, Xos, Xos, Xos, Xos, Xos, Xos, Xos, Xos
Xos, Xos, Xos, Xos, Xos, Xos, Xos, Xos, Xos, Xos, Xos, Xos, Xos, Xos, Xos, Xos, Xos, Xos, Xos, Xos, Xos, Xos
