Gg^Fsy, Gg^Fsy, Mm, Hh, Hh, Hh, Hh, Hh, Hh, Hh, Mm, Gg^Fsy, Hh, Hh, Hh, Mm, Hh, Mm, Hh, Hh, Mm, Gg^Fsy, Gg^Fsy, Hh, Hh, Mm^Xm, Mm^Xm, Mm^Xm, Mm^Xm, Mm^Xm
Gg^Fsy, Gg^Fsy, Mm, Hh, Hh, Hh, Hh, Hh, Hh, Hh, Mm, Gg^Fsy, Hh, Hh, Hh, Mm, Hh, Mm, Hh, Hh, Mm, Gg^Fsy, Gg^Fsy, Hh, Hh, Mm^Xm, Mm^Xm, Mm^Xm, Mm^Xm, Mm^Xm
Hh, Hh, Hh, Hh, Hh, Mm, Hh, Hh, Hh, Hh, Gg^Fsy, Hh, Mm, Hh, Mm, Mm, Hh, Mm, Hh, Hh, Hh, Hh, Mm, Hh, Mm, Mm^Xm, Mm^Xm, Mm^Xm, Mm^Xm, Mm^Xm
Hh, Hh, Hh, Mm, Hh, Gg^Fsy, Mm, Hh, Hh, Hh, Gg^Fsy, Hh, Gg^Fsy, Hh, Hh, Mm, Gg^Fsy, Mm, Hh, Gg^Fsy, Mm, Hh, Gg^Fsy, Hh, Mm, Mm^Xm, Mm^Xm, Mm^Xm, Mm^Xm, Mm^Xm
Mm, Mm, Hh, Hh, Hh, Hh, Hh, Hh, Gg^Fsy, Hh, Mm, Mm, Hh, Hh, Hh, Gg^Fsy, Hh, Hh, Gg^Fsy, Mm, Hh, Hh, Hh, Hh, Gg^Fsy, Mm^Xm, Mm^Xm, Mm^Xm, Mm^Xm, Mm^Xm
Hh, Hh, Hh, Hh, Gg^Fsy, Hh, Hh, Mm, Hh, Gg^Fsy, Hh, Gg^Fsy, Gg^Fsy, Mm, Hh, Mm, Mm, Hh, Mm, Hh, Hh, Hh, Mm, Gg^Fsy, Gg^Fsy, Mm^Xm, Mm^Xm, Mm^Xm, Mm^Xm, Mm^Xm
Hh, Hh, Mm, Gg^Fsy, Mm, Hh, Hh, Hh, Mm, Hh, Gg^Fsy, Hh, Hh, Gg^Fsy, Hh, Hh, Hh, Hh, Hh, Hh, Hh, Hh, Hh, Hh, Hh, Mm^Xm, Mm^Xm, Mm^Xm, Mm^Xm, Mm^Xm
Hh, Hh, Hh, Hh, Hh, Hh, Gg^Fsy, Hh, Mm, Hh, Hh, Hh, Hh, Mm, Hh, Hh, Hh, Hh, Hh, Mm, Hh, Hh, Qfr, Qfr, Qfr, Qfr, Qfr, Mm^Xm, Mm^Xm, Mm^Xm
Hh, Hh, Hh, Gg^Fsy, Gg^Fsy, Gg^Fsy, Hh, Hh, Re, Hh, Re, Hh, Re, Mm, Re, Hh, Mm, Hh, Mm, Hh, Gg^Fsy, Mm, Qfr, Qfr, Qfr, Qfr, Qfr, Mm^Xm, Mm^Xm, Mm^Xm
Hh, Hh, Qcb, Qcb, Qcb, Re, Re, Re, Re, Re, Re, Re, Re, Re, Re, Re, Re, Re, Re, Re, Qcp, Qcp, Qcp, Qfr, Qfr, Qfr, Qfr, Mm^Xm, Mm^Xm, Mm^Xm
Re, Re, Qcb, 1 Qkb, Qcb, Re, Re, Re, Re, Re, Re, Re, Re, Re, Re, Re, Re, Re, Re, Re, Re, 2 Qkp, Qcp, Qfr, Qfr, Qfr, Qfr, Mm^Xm, Mm^Xm, Mm^Xm
Re, Re, Re, Re, Re, Re, Re, Re, Mm, Re, Hh, Re, Hh, Re, Hh, Re, Re, Re, Re, Re, Re, Re, Qfr, Qfr, Qfr, Qfr, Qfr, Mm^Xm, Mm^Xm, Mm^Xm
Hh, Hh, Hh, Gg^Fsy, Hh, Hh, Hh, Mm, Hh, Mm, Gg^Fsy, Hh, Mm, Hh, Hh, Hh, Hh, Gg^Fsy, Hh, Mm, Hh, Mm, Qfr, Qfr, Qfr, Qfr, Qfr, Mm^Xm, Mm^Xm, Mm^Xm
Hh, Hh, Hh, Hh, Gg^Fsy, Hh, Hh, Mm, Hh, Gg^Fsy, Hh, Hh, Hh, Hh, Hh, Hh, Mm, Hh, Hh, Mm, Mm, Mm, Qfr, Qfr, Qfr, Qfr, Qfr, Mm^Xm, Mm^Xm, Mm^Xm
Hh, Hh, Hh, Hh, Hh, Mm, Hh, Gg^Fsy, Mm, Hh, Mm, Gg^Fsy, Mm, Hh, Hh, Hh, Gg^Fsy, Hh, Mm, Hh, Hh, Gg^Fsy, Mm, Hh, Hh, Mm^Xm, Mm^Xm, Mm^Xm, Mm^Xm, Mm^Xm
Hh, Hh, Hh, Hh, Hh, Hh, Hh, Hh, Hh, Mm, Hh, Hh, Hh, Hh, Mm, Hh, Hh, Hh, Hh, Hh, Hh, Mm, Hh, Hh, Hh, Mm^Xm, Mm^Xm, Mm^Xm, Mm^Xm, Mm^Xm
Gg^Fsy, Gg^Fsy, Hh, Hh, Hh, Hh, Mm, Hh, Hh, Hh, Hh, Hh, Hh, Hh, Gg^Fsy, Hh, Hh, Hh, Gg^Fsy, Hh, Mm, Hh, Hh, Mm, Hh, Mm^Xm, Mm^Xm, Mm^Xm, Mm^Xm, Mm^Xm
Hh, Hh, Gg^Fsy, Hh, Hh, Mm, Hh, Hh, Hh, Gg^Fsy, Mm, Hh, Gg^Fsy, Hh, Mm, Mm, Hh, Hh, Hh, Gg^Fsy, Hh, Hh, Hh, Hh, Hh, Mm^Xm, Mm^Xm, Mm^Xm, Mm^Xm, Mm^Xm
Hh, Hh, Gg^Fsy, Hh, Hh, Hh, Hh, Hh, Hh, Mm, Hh, Hh, Hh, Hh, Mm, Mm, Mm, Gg^Fsy, Mm, Gg^Fsy, Mm, Hh, Mm, Mm, Hh, Mm^Xm, Mm^Xm, Mm^Xm, Mm^Xm, Mm^Xm
Hh, Hh, Gg^Fsy, Hh, Hh, Hh, Hh, Hh, Hh, Hh, Hh, Hh, Gg^Fsy, Mm, Gg^Fsy, Hh, Hh, Hh, Hh, Hh, Mm, Hh, Gg^Fsy, Hh, Hh, Mm^Xm, Mm^Xm, Mm^Xm, Mm^Xm, Mm^Xm
Hh, Hh, Mm, Hh, Hh, Hh, Hh, Hh, Hh, Mm, Mm, Hh, Hh, Gg^Fsy, Hh, Hh, Hh, Mm, Hh, Hh, Hh, Hh, Hh, Hh, Hh, Mm^Xm, Mm^Xm, Mm^Xm, Mm^Xm, Mm^Xm
Hh, Hh, Mm, Hh, Hh, Hh, Hh, Hh, Hh, Mm, Mm, Hh, Hh, Gg^Fsy, Hh, Hh, Hh, Mm, Hh, Hh, Hh, Hh, Hh, Hh, Hh, Mm^Xm, Mm^Xm, Mm^Xm, Mm^Xm, Mm^Xm
